Archive member included to satisfy reference by file (symbol)

.\CortexM0\ARM_GCC_541\Release\Lab3_Var6_Task1.a(CyLib.o)
                              .\CortexM0\ARM_GCC_541\Release\cyfitter_cfg.o (CyIntSetVector)
.\CortexM0\ARM_GCC_541\Release\Lab3_Var6_Task1.a(CyLFClk.o)
                              .\CortexM0\ARM_GCC_541\Release\cyfitter_cfg.o (CySysWdtIsr)
.\CortexM0\ARM_GCC_541\Release\Lab3_Var6_Task1.a(LED_GREEN.o)
                              .\CortexM0\ARM_GCC_541\Release\main.o (LED_GREEN_Write)
.\CortexM0\ARM_GCC_541\Release\Lab3_Var6_Task1.a(LED_BLUE.o)
                              .\CortexM0\ARM_GCC_541\Release\main.o (LED_BLUE_Write)
.\CortexM0\ARM_GCC_541\Release\Lab3_Var6_Task1.a(LED_RED.o)
                              .\CortexM0\ARM_GCC_541\Release\main.o (LED_RED_Write)
.\CortexM0\ARM_GCC_541\Release\Lab3_Var6_Task1.a(SW_Tx_UART.o)
                              .\CortexM0\ARM_GCC_541\Release\main.o (SW_Tx_UART_Start)
.\CortexM0\ARM_GCC_541\Release\Lab3_Var6_Task1.a(COLUMN_0.o)
                              .\CortexM0\ARM_GCC_541\Release\main.o (COLUMN_0_SetDriveMode)
.\CortexM0\ARM_GCC_541\Release\Lab3_Var6_Task1.a(COLUMN_1.o)
                              .\CortexM0\ARM_GCC_541\Release\main.o (COLUMN_1_SetDriveMode)
.\CortexM0\ARM_GCC_541\Release\Lab3_Var6_Task1.a(COLUMN_2.o)
                              .\CortexM0\ARM_GCC_541\Release\main.o (COLUMN_2_SetDriveMode)
.\CortexM0\ARM_GCC_541\Release\Lab3_Var6_Task1.a(ROW_0.o)
                              .\CortexM0\ARM_GCC_541\Release\main.o (ROW_0_Read)
.\CortexM0\ARM_GCC_541\Release\Lab3_Var6_Task1.a(ROW_1.o)
                              .\CortexM0\ARM_GCC_541\Release\main.o (ROW_1_Read)
.\CortexM0\ARM_GCC_541\Release\Lab3_Var6_Task1.a(ROW_2.o)
                              .\CortexM0\ARM_GCC_541\Release\main.o (ROW_2_Read)
.\CortexM0\ARM_GCC_541\Release\Lab3_Var6_Task1.a(ROW_3.o)
                              .\CortexM0\ARM_GCC_541\Release\main.o (ROW_3_Read)
.\CortexM0\ARM_GCC_541\Release\Lab3_Var6_Task1.a(CyBootAsmGnu.o)
                              .\CortexM0\ARM_GCC_541\Release\Lab3_Var6_Task1.a(CyLib.o) (CyDelayCycles)
.\CortexM0\ARM_GCC_541\Release\Lab3_Var6_Task1.a(SW_Tx_UART_AsmGnu.o)
                              .\CortexM0\ARM_GCC_541\Release\main.o (SW_Tx_UART_PutChar)
c:/program files (x86)/cypress/psoc creator/4.4/psoc creator/import/gnu/arm/5.4.1/bin/../lib/gcc/arm-none-eabi/5.4.1/armv6-m\libgcc.a(_thumb1_case_uqi.o)
                              .\CortexM0\ARM_GCC_541\Release\main.o (__gnu_thumb1_case_uqi)
c:/program files (x86)/cypress/psoc creator/4.4/psoc creator/import/gnu/arm/5.4.1/bin/../lib/gcc/arm-none-eabi/5.4.1/armv6-m\libgcc.a(_udivsi3.o)
                              .\CortexM0\ARM_GCC_541\Release\Lab3_Var6_Task1.a(CyLib.o) (__aeabi_uidiv)
c:/program files (x86)/cypress/psoc creator/4.4/psoc creator/import/gnu/arm/5.4.1/bin/../lib/gcc/arm-none-eabi/5.4.1/armv6-m\libgcc.a(_dvmd_tls.o)
                              c:/program files (x86)/cypress/psoc creator/4.4/psoc creator/import/gnu/arm/5.4.1/bin/../lib/gcc/arm-none-eabi/5.4.1/armv6-m\libgcc.a(_udivsi3.o) (__aeabi_idiv0)
c:/program files (x86)/cypress/psoc creator/4.4/psoc creator/import/gnu/arm/5.4.1/bin/../lib/gcc/arm-none-eabi/5.4.1/../../../../arm-none-eabi/lib/armv6-m\libg_nano.a(lib_a-errno.o)
                              .\CortexM0\ARM_GCC_541\Release\Cm0Start.o (__errno)
c:/program files (x86)/cypress/psoc creator/4.4/psoc creator/import/gnu/arm/5.4.1/bin/../lib/gcc/arm-none-eabi/5.4.1/../../../../arm-none-eabi/lib/armv6-m\libg_nano.a(lib_a-exit.o)
                              c:/program files (x86)/cypress/psoc creator/4.4/psoc creator/import/gnu/arm/5.4.1/bin/../lib/gcc/arm-none-eabi/5.4.1/../../../../arm-none-eabi/lib/armv6-m/crt0.o (exit)
c:/program files (x86)/cypress/psoc creator/4.4/psoc creator/import/gnu/arm/5.4.1/bin/../lib/gcc/arm-none-eabi/5.4.1/../../../../arm-none-eabi/lib/armv6-m\libg_nano.a(lib_a-impure.o)
                              c:/program files (x86)/cypress/psoc creator/4.4/psoc creator/import/gnu/arm/5.4.1/bin/../lib/gcc/arm-none-eabi/5.4.1/../../../../arm-none-eabi/lib/armv6-m\libg_nano.a(lib_a-exit.o) (_global_impure_ptr)
c:/program files (x86)/cypress/psoc creator/4.4/psoc creator/import/gnu/arm/5.4.1/bin/../lib/gcc/arm-none-eabi/5.4.1/../../../../arm-none-eabi/lib/armv6-m\libg_nano.a(lib_a-init.o)
                              c:/program files (x86)/cypress/psoc creator/4.4/psoc creator/import/gnu/arm/5.4.1/bin/../lib/gcc/arm-none-eabi/5.4.1/../../../../arm-none-eabi/lib/armv6-m/crt0.o (__libc_init_array)
c:/program files (x86)/cypress/psoc creator/4.4/psoc creator/import/gnu/arm/5.4.1/bin/../lib/gcc/arm-none-eabi/5.4.1/../../../../arm-none-eabi/lib/armv6-m\libg_nano.a(lib_a-memset.o)
                              c:/program files (x86)/cypress/psoc creator/4.4/psoc creator/import/gnu/arm/5.4.1/bin/../lib/gcc/arm-none-eabi/5.4.1/../../../../arm-none-eabi/lib/armv6-m/crt0.o (memset)

Allocating common symbols
Common symbol       size              file

keys                0xc               .\CortexM0\ARM_GCC_541\Release\main.o

Discarded input sections

 .text          0x00000000        0x0 c:/program files (x86)/cypress/psoc creator/4.4/psoc creator/import/gnu/arm/5.4.1/bin/../lib/gcc/arm-none-eabi/5.4.1/armv6-m/crti.o
 .data          0x00000000        0x0 c:/program files (x86)/cypress/psoc creator/4.4/psoc creator/import/gnu/arm/5.4.1/bin/../lib/gcc/arm-none-eabi/5.4.1/armv6-m/crti.o
 .bss           0x00000000        0x0 c:/program files (x86)/cypress/psoc creator/4.4/psoc creator/import/gnu/arm/5.4.1/bin/../lib/gcc/arm-none-eabi/5.4.1/armv6-m/crti.o
 .data          0x00000000        0x4 c:/program files (x86)/cypress/psoc creator/4.4/psoc creator/import/gnu/arm/5.4.1/bin/../lib/gcc/arm-none-eabi/5.4.1/armv6-m/crtbegin.o
 .text          0x00000000       0x78 c:/program files (x86)/cypress/psoc creator/4.4/psoc creator/import/gnu/arm/5.4.1/bin/../lib/gcc/arm-none-eabi/5.4.1/../../../../arm-none-eabi/lib/armv6-m/crt0.o
 .data          0x00000000        0x0 c:/program files (x86)/cypress/psoc creator/4.4/psoc creator/import/gnu/arm/5.4.1/bin/../lib/gcc/arm-none-eabi/5.4.1/../../../../arm-none-eabi/lib/armv6-m/crt0.o
 .bss           0x00000000        0x0 c:/program files (x86)/cypress/psoc creator/4.4/psoc creator/import/gnu/arm/5.4.1/bin/../lib/gcc/arm-none-eabi/5.4.1/../../../../arm-none-eabi/lib/armv6-m/crt0.o
 .ARM.extab     0x00000000        0x0 c:/program files (x86)/cypress/psoc creator/4.4/psoc creator/import/gnu/arm/5.4.1/bin/../lib/gcc/arm-none-eabi/5.4.1/../../../../arm-none-eabi/lib/armv6-m/crt0.o
 .ARM.exidx     0x00000000        0x8 c:/program files (x86)/cypress/psoc creator/4.4/psoc creator/import/gnu/arm/5.4.1/bin/../lib/gcc/arm-none-eabi/5.4.1/../../../../arm-none-eabi/lib/armv6-m/crt0.o
 .text          0x00000000        0x0 .\CortexM0\ARM_GCC_541\Release\main.o
 .bss           0x00000000        0x0 .\CortexM0\ARM_GCC_541\Release\main.o
 .text          0x00000000        0x0 .\CortexM0\ARM_GCC_541\Release\cyfitter_cfg.o
 .data          0x00000000        0x0 .\CortexM0\ARM_GCC_541\Release\cyfitter_cfg.o
 .bss           0x00000000        0x0 .\CortexM0\ARM_GCC_541\Release\cyfitter_cfg.o
 .text          0x00000000        0x0 .\CortexM0\ARM_GCC_541\Release\cymetadata.o
 .data          0x00000000        0x0 .\CortexM0\ARM_GCC_541\Release\cymetadata.o
 .bss           0x00000000        0x0 .\CortexM0\ARM_GCC_541\Release\cymetadata.o
 .text          0x00000000        0x0 .\CortexM0\ARM_GCC_541\Release\Cm0Start.o
 .data          0x00000000        0x4 .\CortexM0\ARM_GCC_541\Release\Cm0Start.o
 .bss           0x00000000        0x0 .\CortexM0\ARM_GCC_541\Release\Cm0Start.o
 .text._exit    0x00000000        0xa .\CortexM0\ARM_GCC_541\Release\Cm0Start.o
 .text._sbrk    0x00000000       0x2c .\CortexM0\ARM_GCC_541\Release\Cm0Start.o
 .text          0x00000000        0x0 .\CortexM0\ARM_GCC_541\Release\Lab3_Var6_Task1.a(CyLib.o)
 .bss           0x00000000       0x18 .\CortexM0\ARM_GCC_541\Release\Lab3_Var6_Task1.a(CyLib.o)
 .text.CySysClkImoStart
                0x00000000       0x14 .\CortexM0\ARM_GCC_541\Release\Lab3_Var6_Task1.a(CyLib.o)
 .text.CySysClkImoStop
                0x00000000       0x10 .\CortexM0\ARM_GCC_541\Release\Lab3_Var6_Task1.a(CyLib.o)
 .text.CySysClkWriteHfclkDirect
                0x00000000       0x20 .\CortexM0\ARM_GCC_541\Release\Lab3_Var6_Task1.a(CyLib.o)
 .text.CySysEnablePumpClock
                0x00000000       0x34 .\CortexM0\ARM_GCC_541\Release\Lab3_Var6_Task1.a(CyLib.o)
 .text.CySysClkGetSysclkSource
                0x00000000       0x18 .\CortexM0\ARM_GCC_541\Release\Lab3_Var6_Task1.a(CyLib.o)
 .text.CySysClkWriteSysclkDiv
                0x00000000       0x2c .\CortexM0\ARM_GCC_541\Release\Lab3_Var6_Task1.a(CyLib.o)
 .text.CySysLvdDisable
                0x00000000       0x20 .\CortexM0\ARM_GCC_541\Release\Lab3_Var6_Task1.a(CyLib.o)
 .text.CySysLvdGetInterruptSource
                0x00000000       0x10 .\CortexM0\ARM_GCC_541\Release\Lab3_Var6_Task1.a(CyLib.o)
 .text.CySysLvdClearInterrupt
                0x00000000        0xc .\CortexM0\ARM_GCC_541\Release\Lab3_Var6_Task1.a(CyLib.o)
 .text.CySysGetResetReason
                0x00000000       0x14 .\CortexM0\ARM_GCC_541\Release\Lab3_Var6_Task1.a(CyLib.o)
 .text.CyDisableInts
                0x00000000       0x10 .\CortexM0\ARM_GCC_541\Release\Lab3_Var6_Task1.a(CyLib.o)
 .text.CyEnableInts
                0x00000000        0xc .\CortexM0\ARM_GCC_541\Release\Lab3_Var6_Task1.a(CyLib.o)
 .text.CyIntSetSysVector
                0x00000000        0xe .\CortexM0\ARM_GCC_541\Release\Lab3_Var6_Task1.a(CyLib.o)
 .text.CyIntGetSysVector
                0x00000000        0xc .\CortexM0\ARM_GCC_541\Release\Lab3_Var6_Task1.a(CyLib.o)
 .text.CyIntGetVector
                0x00000000       0x10 .\CortexM0\ARM_GCC_541\Release\Lab3_Var6_Task1.a(CyLib.o)
 .text.CyIntSetPriority
                0x00000000       0x34 .\CortexM0\ARM_GCC_541\Release\Lab3_Var6_Task1.a(CyLib.o)
 .text.CyIntGetPriority
                0x00000000       0x20 .\CortexM0\ARM_GCC_541\Release\Lab3_Var6_Task1.a(CyLib.o)
 .text.CyIntGetState
                0x00000000       0x18 .\CortexM0\ARM_GCC_541\Release\Lab3_Var6_Task1.a(CyLib.o)
 .text.CyIntDisable
                0x00000000       0x14 .\CortexM0\ARM_GCC_541\Release\Lab3_Var6_Task1.a(CyLib.o)
 .text.CyIntSetPending
                0x00000000       0x14 .\CortexM0\ARM_GCC_541\Release\Lab3_Var6_Task1.a(CyLib.o)
 .text.CyIntClearPending
                0x00000000       0x14 .\CortexM0\ARM_GCC_541\Release\Lab3_Var6_Task1.a(CyLib.o)
 .text.CyHalt   0x00000000        0x4 .\CortexM0\ARM_GCC_541\Release\Lab3_Var6_Task1.a(CyLib.o)
 .text.CySoftwareReset
                0x00000000       0x18 .\CortexM0\ARM_GCC_541\Release\Lab3_Var6_Task1.a(CyLib.o)
 .text.CySysLvdEnable
                0x00000000       0x44 .\CortexM0\ARM_GCC_541\Release\Lab3_Var6_Task1.a(CyLib.o)
 .text.CyDelayFreq
                0x00000000       0x48 .\CortexM0\ARM_GCC_541\Release\Lab3_Var6_Task1.a(CyLib.o)
 .text.CySysTickInit
                0x00000000       0x44 .\CortexM0\ARM_GCC_541\Release\Lab3_Var6_Task1.a(CyLib.o)
 .text.CySysTickStop
                0x00000000       0x10 .\CortexM0\ARM_GCC_541\Release\Lab3_Var6_Task1.a(CyLib.o)
 .text.CySysTickEnableInterrupt
                0x00000000       0x10 .\CortexM0\ARM_GCC_541\Release\Lab3_Var6_Task1.a(CyLib.o)
 .text.CySysTickEnable
                0x00000000       0x18 .\CortexM0\ARM_GCC_541\Release\Lab3_Var6_Task1.a(CyLib.o)
 .text.CySysTickStart
                0x00000000       0x1c .\CortexM0\ARM_GCC_541\Release\Lab3_Var6_Task1.a(CyLib.o)
 .text.CySysTickDisableInterrupt
                0x00000000       0x10 .\CortexM0\ARM_GCC_541\Release\Lab3_Var6_Task1.a(CyLib.o)
 .text.CySysTickSetReload
                0x00000000       0x10 .\CortexM0\ARM_GCC_541\Release\Lab3_Var6_Task1.a(CyLib.o)
 .text.CySysTickGetReload
                0x00000000       0x10 .\CortexM0\ARM_GCC_541\Release\Lab3_Var6_Task1.a(CyLib.o)
 .text.CySysTickGetValue
                0x00000000       0x10 .\CortexM0\ARM_GCC_541\Release\Lab3_Var6_Task1.a(CyLib.o)
 .text.CySysTickGetCountFlag
                0x00000000       0x10 .\CortexM0\ARM_GCC_541\Release\Lab3_Var6_Task1.a(CyLib.o)
 .text.CySysTickServiceCallbacks
                0x00000000       0x24 .\CortexM0\ARM_GCC_541\Release\Lab3_Var6_Task1.a(CyLib.o)
 .text.CySysTickClear
                0x00000000        0xc .\CortexM0\ARM_GCC_541\Release\Lab3_Var6_Task1.a(CyLib.o)
 .text.CySysTickSetCallback
                0x00000000       0x10 .\CortexM0\ARM_GCC_541\Release\Lab3_Var6_Task1.a(CyLib.o)
 .text.CySysTickGetCallback
                0x00000000        0xc .\CortexM0\ARM_GCC_541\Release\Lab3_Var6_Task1.a(CyLib.o)
 .text.CyGetUniqueId
                0x00000000       0x74 .\CortexM0\ARM_GCC_541\Release\Lab3_Var6_Task1.a(CyLib.o)
 .text          0x00000000        0x0 .\CortexM0\ARM_GCC_541\Release\Lab3_Var6_Task1.a(CyLFClk.o)
 .text.CySysClkIloStart
                0x00000000       0x14 .\CortexM0\ARM_GCC_541\Release\Lab3_Var6_Task1.a(CyLFClk.o)
 .text.CySysClkIloStartMeasurement
                0x00000000       0x34 .\CortexM0\ARM_GCC_541\Release\Lab3_Var6_Task1.a(CyLFClk.o)
 .text.CySysClkIloStopMeasurement
                0x00000000       0x14 .\CortexM0\ARM_GCC_541\Release\Lab3_Var6_Task1.a(CyLFClk.o)
 .text.CySysClkIloCompensate
                0x00000000       0xe8 .\CortexM0\ARM_GCC_541\Release\Lab3_Var6_Task1.a(CyLFClk.o)
 .text.CySysWdtGetEnabledStatus
                0x00000000       0x18 .\CortexM0\ARM_GCC_541\Release\Lab3_Var6_Task1.a(CyLFClk.o)
 .text.CySysWdtSetMode
                0x00000000       0x2c .\CortexM0\ARM_GCC_541\Release\Lab3_Var6_Task1.a(CyLFClk.o)
 .text.CySysWdtGetMode
                0x00000000       0x14 .\CortexM0\ARM_GCC_541\Release\Lab3_Var6_Task1.a(CyLFClk.o)
 .text.CySysWdtSetClearOnMatch
                0x00000000       0x2c .\CortexM0\ARM_GCC_541\Release\Lab3_Var6_Task1.a(CyLFClk.o)
 .text.CySysWdtGetClearOnMatch
                0x00000000       0x18 .\CortexM0\ARM_GCC_541\Release\Lab3_Var6_Task1.a(CyLFClk.o)
 .text.CySysWdtEnable
                0x00000000       0x40 .\CortexM0\ARM_GCC_541\Release\Lab3_Var6_Task1.a(CyLFClk.o)
 .text.CySysWdtDisable
                0x00000000       0x48 .\CortexM0\ARM_GCC_541\Release\Lab3_Var6_Task1.a(CyLFClk.o)
 .text.CySysWdtSetCascade
                0x00000000       0x34 .\CortexM0\ARM_GCC_541\Release\Lab3_Var6_Task1.a(CyLFClk.o)
 .text.CySysWdtGetCascade
                0x00000000       0x14 .\CortexM0\ARM_GCC_541\Release\Lab3_Var6_Task1.a(CyLFClk.o)
 .text.CySysWdtSetMatch
                0x00000000       0x30 .\CortexM0\ARM_GCC_541\Release\Lab3_Var6_Task1.a(CyLFClk.o)
 .text.CySysWdtSetToggleBit
                0x00000000       0x2c .\CortexM0\ARM_GCC_541\Release\Lab3_Var6_Task1.a(CyLFClk.o)
 .text.CySysWdtGetToggleBit
                0x00000000       0x10 .\CortexM0\ARM_GCC_541\Release\Lab3_Var6_Task1.a(CyLFClk.o)
 .text.CySysWdtGetMatch
                0x00000000       0x14 .\CortexM0\ARM_GCC_541\Release\Lab3_Var6_Task1.a(CyLFClk.o)
 .text.CySysWdtGetCount
                0x00000000       0x30 .\CortexM0\ARM_GCC_541\Release\Lab3_Var6_Task1.a(CyLFClk.o)
 .text.CySysClkIloStop
                0x00000000       0xb8 .\CortexM0\ARM_GCC_541\Release\Lab3_Var6_Task1.a(CyLFClk.o)
 .text.CySysWdtGetInterruptSource
                0x00000000       0x14 .\CortexM0\ARM_GCC_541\Release\Lab3_Var6_Task1.a(CyLFClk.o)
 .text.CySysWdtResetCounters
                0x00000000       0x1c .\CortexM0\ARM_GCC_541\Release\Lab3_Var6_Task1.a(CyLFClk.o)
 .text.CySysWdtSetInterruptCallback
                0x00000000       0x18 .\CortexM0\ARM_GCC_541\Release\Lab3_Var6_Task1.a(CyLFClk.o)
 .text.CySysWdtGetInterruptCallback
                0x00000000       0x18 .\CortexM0\ARM_GCC_541\Release\Lab3_Var6_Task1.a(CyLFClk.o)
 .text.CySysWdtEnableCounterIsr
                0x00000000       0x28 .\CortexM0\ARM_GCC_541\Release\Lab3_Var6_Task1.a(CyLFClk.o)
 .text.CySysWdtDisableCounterIsr
                0x00000000       0x1c .\CortexM0\ARM_GCC_541\Release\Lab3_Var6_Task1.a(CyLFClk.o)
 .text.CySysWatchdogFeed
                0x00000000       0x4e .\CortexM0\ARM_GCC_541\Release\Lab3_Var6_Task1.a(CyLFClk.o)
 .text.CySysTimerDelayUntilMatch
                0x00000000       0x64 .\CortexM0\ARM_GCC_541\Release\Lab3_Var6_Task1.a(CyLFClk.o)
 .text.CySysTimerDelay
                0x00000000       0x34 .\CortexM0\ARM_GCC_541\Release\Lab3_Var6_Task1.a(CyLFClk.o)
 .rodata        0x00000000        0xc .\CortexM0\ARM_GCC_541\Release\Lab3_Var6_Task1.a(CyLFClk.o)
 .text          0x00000000        0x0 .\CortexM0\ARM_GCC_541\Release\Lab3_Var6_Task1.a(LED_GREEN.o)
 .data          0x00000000        0x0 .\CortexM0\ARM_GCC_541\Release\Lab3_Var6_Task1.a(LED_GREEN.o)
 .bss           0x00000000        0x0 .\CortexM0\ARM_GCC_541\Release\Lab3_Var6_Task1.a(LED_GREEN.o)
 .text.LED_GREEN_SetDriveMode
                0x00000000       0x18 .\CortexM0\ARM_GCC_541\Release\Lab3_Var6_Task1.a(LED_GREEN.o)
 .text.LED_GREEN_Read
                0x00000000       0x10 .\CortexM0\ARM_GCC_541\Release\Lab3_Var6_Task1.a(LED_GREEN.o)
 .text.LED_GREEN_ReadDataReg
                0x00000000       0x10 .\CortexM0\ARM_GCC_541\Release\Lab3_Var6_Task1.a(LED_GREEN.o)
 .text.LED_GREEN_SetInterruptMode
                0x00000000       0x14 .\CortexM0\ARM_GCC_541\Release\Lab3_Var6_Task1.a(LED_GREEN.o)
 .text.LED_GREEN_ClearInterrupt
                0x00000000       0x14 .\CortexM0\ARM_GCC_541\Release\Lab3_Var6_Task1.a(LED_GREEN.o)
 .text          0x00000000        0x0 .\CortexM0\ARM_GCC_541\Release\Lab3_Var6_Task1.a(LED_BLUE.o)
 .data          0x00000000        0x0 .\CortexM0\ARM_GCC_541\Release\Lab3_Var6_Task1.a(LED_BLUE.o)
 .bss           0x00000000        0x0 .\CortexM0\ARM_GCC_541\Release\Lab3_Var6_Task1.a(LED_BLUE.o)
 .text.LED_BLUE_SetDriveMode
                0x00000000       0x18 .\CortexM0\ARM_GCC_541\Release\Lab3_Var6_Task1.a(LED_BLUE.o)
 .text.LED_BLUE_Read
                0x00000000       0x10 .\CortexM0\ARM_GCC_541\Release\Lab3_Var6_Task1.a(LED_BLUE.o)
 .text.LED_BLUE_ReadDataReg
                0x00000000       0x10 .\CortexM0\ARM_GCC_541\Release\Lab3_Var6_Task1.a(LED_BLUE.o)
 .text.LED_BLUE_SetInterruptMode
                0x00000000       0x14 .\CortexM0\ARM_GCC_541\Release\Lab3_Var6_Task1.a(LED_BLUE.o)
 .text.LED_BLUE_ClearInterrupt
                0x00000000       0x14 .\CortexM0\ARM_GCC_541\Release\Lab3_Var6_Task1.a(LED_BLUE.o)
 .text          0x00000000        0x0 .\CortexM0\ARM_GCC_541\Release\Lab3_Var6_Task1.a(LED_RED.o)
 .data          0x00000000        0x0 .\CortexM0\ARM_GCC_541\Release\Lab3_Var6_Task1.a(LED_RED.o)
 .bss           0x00000000        0x0 .\CortexM0\ARM_GCC_541\Release\Lab3_Var6_Task1.a(LED_RED.o)
 .text.LED_RED_SetDriveMode
                0x00000000       0x18 .\CortexM0\ARM_GCC_541\Release\Lab3_Var6_Task1.a(LED_RED.o)
 .text.LED_RED_Read
                0x00000000       0x10 .\CortexM0\ARM_GCC_541\Release\Lab3_Var6_Task1.a(LED_RED.o)
 .text.LED_RED_ReadDataReg
                0x00000000       0x10 .\CortexM0\ARM_GCC_541\Release\Lab3_Var6_Task1.a(LED_RED.o)
 .text.LED_RED_SetInterruptMode
                0x00000000       0x14 .\CortexM0\ARM_GCC_541\Release\Lab3_Var6_Task1.a(LED_RED.o)
 .text.LED_RED_ClearInterrupt
                0x00000000       0x14 .\CortexM0\ARM_GCC_541\Release\Lab3_Var6_Task1.a(LED_RED.o)
 .text          0x00000000        0x0 .\CortexM0\ARM_GCC_541\Release\Lab3_Var6_Task1.a(SW_Tx_UART.o)
 .bss           0x00000000        0x0 .\CortexM0\ARM_GCC_541\Release\Lab3_Var6_Task1.a(SW_Tx_UART.o)
 .text.SW_Tx_UART_Stop
                0x00000000        0x2 .\CortexM0\ARM_GCC_541\Release\Lab3_Var6_Task1.a(SW_Tx_UART.o)
 .text.SW_Tx_UART_PutArray
                0x00000000       0x16 .\CortexM0\ARM_GCC_541\Release\Lab3_Var6_Task1.a(SW_Tx_UART.o)
 .text.SW_Tx_UART_PutHexByte
                0x00000000       0x20 .\CortexM0\ARM_GCC_541\Release\Lab3_Var6_Task1.a(SW_Tx_UART.o)
 .text.SW_Tx_UART_PutHexInt
                0x00000000       0x12 .\CortexM0\ARM_GCC_541\Release\Lab3_Var6_Task1.a(SW_Tx_UART.o)
 .rodata        0x00000000       0x11 .\CortexM0\ARM_GCC_541\Release\Lab3_Var6_Task1.a(SW_Tx_UART.o)
 .text          0x00000000        0x0 .\CortexM0\ARM_GCC_541\Release\Lab3_Var6_Task1.a(COLUMN_0.o)
 .data          0x00000000        0x0 .\CortexM0\ARM_GCC_541\Release\Lab3_Var6_Task1.a(COLUMN_0.o)
 .bss           0x00000000        0x0 .\CortexM0\ARM_GCC_541\Release\Lab3_Var6_Task1.a(COLUMN_0.o)
 .text.COLUMN_0_Read
                0x00000000       0x10 .\CortexM0\ARM_GCC_541\Release\Lab3_Var6_Task1.a(COLUMN_0.o)
 .text.COLUMN_0_ReadDataReg
                0x00000000       0x10 .\CortexM0\ARM_GCC_541\Release\Lab3_Var6_Task1.a(COLUMN_0.o)
 .text.COLUMN_0_SetInterruptMode
                0x00000000       0x14 .\CortexM0\ARM_GCC_541\Release\Lab3_Var6_Task1.a(COLUMN_0.o)
 .text.COLUMN_0_ClearInterrupt
                0x00000000       0x10 .\CortexM0\ARM_GCC_541\Release\Lab3_Var6_Task1.a(COLUMN_0.o)
 .text          0x00000000        0x0 .\CortexM0\ARM_GCC_541\Release\Lab3_Var6_Task1.a(COLUMN_1.o)
 .data          0x00000000        0x0 .\CortexM0\ARM_GCC_541\Release\Lab3_Var6_Task1.a(COLUMN_1.o)
 .bss           0x00000000        0x0 .\CortexM0\ARM_GCC_541\Release\Lab3_Var6_Task1.a(COLUMN_1.o)
 .text.COLUMN_1_Read
                0x00000000       0x10 .\CortexM0\ARM_GCC_541\Release\Lab3_Var6_Task1.a(COLUMN_1.o)
 .text.COLUMN_1_ReadDataReg
                0x00000000       0x10 .\CortexM0\ARM_GCC_541\Release\Lab3_Var6_Task1.a(COLUMN_1.o)
 .text.COLUMN_1_SetInterruptMode
                0x00000000       0x14 .\CortexM0\ARM_GCC_541\Release\Lab3_Var6_Task1.a(COLUMN_1.o)
 .text.COLUMN_1_ClearInterrupt
                0x00000000       0x14 .\CortexM0\ARM_GCC_541\Release\Lab3_Var6_Task1.a(COLUMN_1.o)
 .text          0x00000000        0x0 .\CortexM0\ARM_GCC_541\Release\Lab3_Var6_Task1.a(COLUMN_2.o)
 .data          0x00000000        0x0 .\CortexM0\ARM_GCC_541\Release\Lab3_Var6_Task1.a(COLUMN_2.o)
 .bss           0x00000000        0x0 .\CortexM0\ARM_GCC_541\Release\Lab3_Var6_Task1.a(COLUMN_2.o)
 .text.COLUMN_2_Read
                0x00000000       0x10 .\CortexM0\ARM_GCC_541\Release\Lab3_Var6_Task1.a(COLUMN_2.o)
 .text.COLUMN_2_ReadDataReg
                0x00000000       0x10 .\CortexM0\ARM_GCC_541\Release\Lab3_Var6_Task1.a(COLUMN_2.o)
 .text.COLUMN_2_SetInterruptMode
                0x00000000       0x14 .\CortexM0\ARM_GCC_541\Release\Lab3_Var6_Task1.a(COLUMN_2.o)
 .text.COLUMN_2_ClearInterrupt
                0x00000000       0x10 .\CortexM0\ARM_GCC_541\Release\Lab3_Var6_Task1.a(COLUMN_2.o)
 .text          0x00000000        0x0 .\CortexM0\ARM_GCC_541\Release\Lab3_Var6_Task1.a(ROW_0.o)
 .data          0x00000000        0x0 .\CortexM0\ARM_GCC_541\Release\Lab3_Var6_Task1.a(ROW_0.o)
 .bss           0x00000000        0x0 .\CortexM0\ARM_GCC_541\Release\Lab3_Var6_Task1.a(ROW_0.o)
 .text.ROW_0_SetDriveMode
                0x00000000       0x14 .\CortexM0\ARM_GCC_541\Release\Lab3_Var6_Task1.a(ROW_0.o)
 .text.ROW_0_Write
                0x00000000       0x18 .\CortexM0\ARM_GCC_541\Release\Lab3_Var6_Task1.a(ROW_0.o)
 .text.ROW_0_ReadDataReg
                0x00000000       0x10 .\CortexM0\ARM_GCC_541\Release\Lab3_Var6_Task1.a(ROW_0.o)
 .text.ROW_0_SetInterruptMode
                0x00000000       0x14 .\CortexM0\ARM_GCC_541\Release\Lab3_Var6_Task1.a(ROW_0.o)
 .text.ROW_0_ClearInterrupt
                0x00000000       0x14 .\CortexM0\ARM_GCC_541\Release\Lab3_Var6_Task1.a(ROW_0.o)
 .text          0x00000000        0x0 .\CortexM0\ARM_GCC_541\Release\Lab3_Var6_Task1.a(ROW_1.o)
 .data          0x00000000        0x0 .\CortexM0\ARM_GCC_541\Release\Lab3_Var6_Task1.a(ROW_1.o)
 .bss           0x00000000        0x0 .\CortexM0\ARM_GCC_541\Release\Lab3_Var6_Task1.a(ROW_1.o)
 .text.ROW_1_SetDriveMode
                0x00000000       0x18 .\CortexM0\ARM_GCC_541\Release\Lab3_Var6_Task1.a(ROW_1.o)
 .text.ROW_1_Write
                0x00000000       0x18 .\CortexM0\ARM_GCC_541\Release\Lab3_Var6_Task1.a(ROW_1.o)
 .text.ROW_1_ReadDataReg
                0x00000000       0x10 .\CortexM0\ARM_GCC_541\Release\Lab3_Var6_Task1.a(ROW_1.o)
 .text.ROW_1_SetInterruptMode
                0x00000000       0x14 .\CortexM0\ARM_GCC_541\Release\Lab3_Var6_Task1.a(ROW_1.o)
 .text.ROW_1_ClearInterrupt
                0x00000000       0x14 .\CortexM0\ARM_GCC_541\Release\Lab3_Var6_Task1.a(ROW_1.o)
 .text          0x00000000        0x0 .\CortexM0\ARM_GCC_541\Release\Lab3_Var6_Task1.a(ROW_2.o)
 .data          0x00000000        0x0 .\CortexM0\ARM_GCC_541\Release\Lab3_Var6_Task1.a(ROW_2.o)
 .bss           0x00000000        0x0 .\CortexM0\ARM_GCC_541\Release\Lab3_Var6_Task1.a(ROW_2.o)
 .text.ROW_2_SetDriveMode
                0x00000000       0x18 .\CortexM0\ARM_GCC_541\Release\Lab3_Var6_Task1.a(ROW_2.o)
 .text.ROW_2_Write
                0x00000000       0x18 .\CortexM0\ARM_GCC_541\Release\Lab3_Var6_Task1.a(ROW_2.o)
 .text.ROW_2_ReadDataReg
                0x00000000       0x10 .\CortexM0\ARM_GCC_541\Release\Lab3_Var6_Task1.a(ROW_2.o)
 .text.ROW_2_SetInterruptMode
                0x00000000       0x14 .\CortexM0\ARM_GCC_541\Release\Lab3_Var6_Task1.a(ROW_2.o)
 .text.ROW_2_ClearInterrupt
                0x00000000       0x14 .\CortexM0\ARM_GCC_541\Release\Lab3_Var6_Task1.a(ROW_2.o)
 .text          0x00000000        0x0 .\CortexM0\ARM_GCC_541\Release\Lab3_Var6_Task1.a(ROW_3.o)
 .data          0x00000000        0x0 .\CortexM0\ARM_GCC_541\Release\Lab3_Var6_Task1.a(ROW_3.o)
 .bss           0x00000000        0x0 .\CortexM0\ARM_GCC_541\Release\Lab3_Var6_Task1.a(ROW_3.o)
 .text.ROW_3_SetDriveMode
                0x00000000       0x18 .\CortexM0\ARM_GCC_541\Release\Lab3_Var6_Task1.a(ROW_3.o)
 .text.ROW_3_Write
                0x00000000       0x18 .\CortexM0\ARM_GCC_541\Release\Lab3_Var6_Task1.a(ROW_3.o)
 .text.ROW_3_ReadDataReg
                0x00000000       0x10 .\CortexM0\ARM_GCC_541\Release\Lab3_Var6_Task1.a(ROW_3.o)
 .text.ROW_3_SetInterruptMode
                0x00000000       0x14 .\CortexM0\ARM_GCC_541\Release\Lab3_Var6_Task1.a(ROW_3.o)
 .text.ROW_3_ClearInterrupt
                0x00000000       0x14 .\CortexM0\ARM_GCC_541\Release\Lab3_Var6_Task1.a(ROW_3.o)
 .data          0x00000000        0x0 .\CortexM0\ARM_GCC_541\Release\Lab3_Var6_Task1.a(CyBootAsmGnu.o)
 .bss           0x00000000        0x0 .\CortexM0\ARM_GCC_541\Release\Lab3_Var6_Task1.a(CyBootAsmGnu.o)
 .data          0x00000000        0x0 .\CortexM0\ARM_GCC_541\Release\Lab3_Var6_Task1.a(SW_Tx_UART_AsmGnu.o)
 .bss           0x00000000        0x0 .\CortexM0\ARM_GCC_541\Release\Lab3_Var6_Task1.a(SW_Tx_UART_AsmGnu.o)
 .data          0x00000000        0x0 c:/program files (x86)/cypress/psoc creator/4.4/psoc creator/import/gnu/arm/5.4.1/bin/../lib/gcc/arm-none-eabi/5.4.1/armv6-m\libgcc.a(_thumb1_case_uqi.o)
 .bss           0x00000000        0x0 c:/program files (x86)/cypress/psoc creator/4.4/psoc creator/import/gnu/arm/5.4.1/bin/../lib/gcc/arm-none-eabi/5.4.1/armv6-m\libgcc.a(_thumb1_case_uqi.o)
 .data          0x00000000        0x0 c:/program files (x86)/cypress/psoc creator/4.4/psoc creator/import/gnu/arm/5.4.1/bin/../lib/gcc/arm-none-eabi/5.4.1/armv6-m\libgcc.a(_udivsi3.o)
 .bss           0x00000000        0x0 c:/program files (x86)/cypress/psoc creator/4.4/psoc creator/import/gnu/arm/5.4.1/bin/../lib/gcc/arm-none-eabi/5.4.1/armv6-m\libgcc.a(_udivsi3.o)
 .data          0x00000000        0x0 c:/program files (x86)/cypress/psoc creator/4.4/psoc creator/import/gnu/arm/5.4.1/bin/../lib/gcc/arm-none-eabi/5.4.1/armv6-m\libgcc.a(_dvmd_tls.o)
 .bss           0x00000000        0x0 c:/program files (x86)/cypress/psoc creator/4.4/psoc creator/import/gnu/arm/5.4.1/bin/../lib/gcc/arm-none-eabi/5.4.1/armv6-m\libgcc.a(_dvmd_tls.o)
 .text          0x00000000        0x0 c:/program files (x86)/cypress/psoc creator/4.4/psoc creator/import/gnu/arm/5.4.1/bin/../lib/gcc/arm-none-eabi/5.4.1/../../../../arm-none-eabi/lib/armv6-m\libg_nano.a(lib_a-errno.o)
 .data          0x00000000        0x0 c:/program files (x86)/cypress/psoc creator/4.4/psoc creator/import/gnu/arm/5.4.1/bin/../lib/gcc/arm-none-eabi/5.4.1/../../../../arm-none-eabi/lib/armv6-m\libg_nano.a(lib_a-errno.o)
 .bss           0x00000000        0x0 c:/program files (x86)/cypress/psoc creator/4.4/psoc creator/import/gnu/arm/5.4.1/bin/../lib/gcc/arm-none-eabi/5.4.1/../../../../arm-none-eabi/lib/armv6-m\libg_nano.a(lib_a-errno.o)
 .text          0x00000000        0x0 c:/program files (x86)/cypress/psoc creator/4.4/psoc creator/import/gnu/arm/5.4.1/bin/../lib/gcc/arm-none-eabi/5.4.1/../../../../arm-none-eabi/lib/armv6-m\libg_nano.a(lib_a-exit.o)
 .data          0x00000000        0x0 c:/program files (x86)/cypress/psoc creator/4.4/psoc creator/import/gnu/arm/5.4.1/bin/../lib/gcc/arm-none-eabi/5.4.1/../../../../arm-none-eabi/lib/armv6-m\libg_nano.a(lib_a-exit.o)
 .bss           0x00000000        0x0 c:/program files (x86)/cypress/psoc creator/4.4/psoc creator/import/gnu/arm/5.4.1/bin/../lib/gcc/arm-none-eabi/5.4.1/../../../../arm-none-eabi/lib/armv6-m\libg_nano.a(lib_a-exit.o)
 .text.exit     0x00000000       0x2c c:/program files (x86)/cypress/psoc creator/4.4/psoc creator/import/gnu/arm/5.4.1/bin/../lib/gcc/arm-none-eabi/5.4.1/../../../../arm-none-eabi/lib/armv6-m\libg_nano.a(lib_a-exit.o)
 .text          0x00000000        0x0 c:/program files (x86)/cypress/psoc creator/4.4/psoc creator/import/gnu/arm/5.4.1/bin/../lib/gcc/arm-none-eabi/5.4.1/../../../../arm-none-eabi/lib/armv6-m\libg_nano.a(lib_a-impure.o)
 .data          0x00000000        0x0 c:/program files (x86)/cypress/psoc creator/4.4/psoc creator/import/gnu/arm/5.4.1/bin/../lib/gcc/arm-none-eabi/5.4.1/../../../../arm-none-eabi/lib/armv6-m\libg_nano.a(lib_a-impure.o)
 .bss           0x00000000        0x0 c:/program files (x86)/cypress/psoc creator/4.4/psoc creator/import/gnu/arm/5.4.1/bin/../lib/gcc/arm-none-eabi/5.4.1/../../../../arm-none-eabi/lib/armv6-m\libg_nano.a(lib_a-impure.o)
 .rodata._global_impure_ptr
                0x00000000        0x4 c:/program files (x86)/cypress/psoc creator/4.4/psoc creator/import/gnu/arm/5.4.1/bin/../lib/gcc/arm-none-eabi/5.4.1/../../../../arm-none-eabi/lib/armv6-m\libg_nano.a(lib_a-impure.o)
 .text          0x00000000        0x0 c:/program files (x86)/cypress/psoc creator/4.4/psoc creator/import/gnu/arm/5.4.1/bin/../lib/gcc/arm-none-eabi/5.4.1/../../../../arm-none-eabi/lib/armv6-m\libg_nano.a(lib_a-init.o)
 .data          0x00000000        0x0 c:/program files (x86)/cypress/psoc creator/4.4/psoc creator/import/gnu/arm/5.4.1/bin/../lib/gcc/arm-none-eabi/5.4.1/../../../../arm-none-eabi/lib/armv6-m\libg_nano.a(lib_a-init.o)
 .bss           0x00000000        0x0 c:/program files (x86)/cypress/psoc creator/4.4/psoc creator/import/gnu/arm/5.4.1/bin/../lib/gcc/arm-none-eabi/5.4.1/../../../../arm-none-eabi/lib/armv6-m\libg_nano.a(lib_a-init.o)
 .text          0x00000000        0x0 c:/program files (x86)/cypress/psoc creator/4.4/psoc creator/import/gnu/arm/5.4.1/bin/../lib/gcc/arm-none-eabi/5.4.1/../../../../arm-none-eabi/lib/armv6-m\libg_nano.a(lib_a-memset.o)
 .data          0x00000000        0x0 c:/program files (x86)/cypress/psoc creator/4.4/psoc creator/import/gnu/arm/5.4.1/bin/../lib/gcc/arm-none-eabi/5.4.1/../../../../arm-none-eabi/lib/armv6-m\libg_nano.a(lib_a-memset.o)
 .bss           0x00000000        0x0 c:/program files (x86)/cypress/psoc creator/4.4/psoc creator/import/gnu/arm/5.4.1/bin/../lib/gcc/arm-none-eabi/5.4.1/../../../../arm-none-eabi/lib/armv6-m\libg_nano.a(lib_a-memset.o)
 .text          0x00000000        0x0 c:/program files (x86)/cypress/psoc creator/4.4/psoc creator/import/gnu/arm/5.4.1/bin/../lib/gcc/arm-none-eabi/5.4.1/armv6-m/crtend.o
 .data          0x00000000        0x0 c:/program files (x86)/cypress/psoc creator/4.4/psoc creator/import/gnu/arm/5.4.1/bin/../lib/gcc/arm-none-eabi/5.4.1/armv6-m/crtend.o
 .bss           0x00000000        0x0 c:/program files (x86)/cypress/psoc creator/4.4/psoc creator/import/gnu/arm/5.4.1/bin/../lib/gcc/arm-none-eabi/5.4.1/armv6-m/crtend.o
 .text          0x00000000        0x0 c:/program files (x86)/cypress/psoc creator/4.4/psoc creator/import/gnu/arm/5.4.1/bin/../lib/gcc/arm-none-eabi/5.4.1/armv6-m/crtn.o
 .data          0x00000000        0x0 c:/program files (x86)/cypress/psoc creator/4.4/psoc creator/import/gnu/arm/5.4.1/bin/../lib/gcc/arm-none-eabi/5.4.1/armv6-m/crtn.o
 .bss           0x00000000        0x0 c:/program files (x86)/cypress/psoc creator/4.4/psoc creator/import/gnu/arm/5.4.1/bin/../lib/gcc/arm-none-eabi/5.4.1/armv6-m/crtn.o

Memory Configuration

Name             Origin             Length             Attributes
rom              0x00000000         0x00008000         xr
ram              0x20000000         0x00001000         xrw
*default*        0x00000000         0xffffffff

Linker script and memory map

LOAD c:/program files (x86)/cypress/psoc creator/4.4/psoc creator/import/gnu/arm/5.4.1/bin/../lib/gcc/arm-none-eabi/5.4.1/armv6-m/crti.o
LOAD c:/program files (x86)/cypress/psoc creator/4.4/psoc creator/import/gnu/arm/5.4.1/bin/../lib/gcc/arm-none-eabi/5.4.1/armv6-m/crtbegin.o
LOAD c:/program files (x86)/cypress/psoc creator/4.4/psoc creator/import/gnu/arm/5.4.1/bin/../lib/gcc/arm-none-eabi/5.4.1/../../../../arm-none-eabi/lib/armv6-m/crt0.o
START GROUP
LOAD .\CortexM0\ARM_GCC_541\Release\main.o
LOAD .\CortexM0\ARM_GCC_541\Release\cyfitter_cfg.o
LOAD .\CortexM0\ARM_GCC_541\Release\cymetadata.o
LOAD .\CortexM0\ARM_GCC_541\Release\Cm0Start.o
LOAD .\CortexM0\ARM_GCC_541\Release\Lab3_Var6_Task1.a
END GROUP
START GROUP
LOAD c:/program files (x86)/cypress/psoc creator/4.4/psoc creator/import/gnu/arm/5.4.1/bin/../lib/gcc/arm-none-eabi/5.4.1/armv6-m\libgcc.a
LOAD c:/program files (x86)/cypress/psoc creator/4.4/psoc creator/import/gnu/arm/5.4.1/bin/../lib/gcc/arm-none-eabi/5.4.1/../../../../arm-none-eabi/lib/armv6-m\libg_nano.a
LOAD c:/program files (x86)/cypress/psoc creator/4.4/psoc creator/import/gnu/arm/5.4.1/bin/../lib/gcc/arm-none-eabi/5.4.1/../../../../arm-none-eabi/lib/armv6-m\libc_nano.a
END GROUP
START GROUP
LOAD c:/program files (x86)/cypress/psoc creator/4.4/psoc creator/import/gnu/arm/5.4.1/bin/../lib/gcc/arm-none-eabi/5.4.1/armv6-m\libgcc.a
LOAD c:/program files (x86)/cypress/psoc creator/4.4/psoc creator/import/gnu/arm/5.4.1/bin/../lib/gcc/arm-none-eabi/5.4.1/../../../../arm-none-eabi/lib/armv6-m\libc_nano.a
END GROUP
LOAD c:/program files (x86)/cypress/psoc creator/4.4/psoc creator/import/gnu/arm/5.4.1/bin/../lib/gcc/arm-none-eabi/5.4.1/armv6-m/crtend.o
LOAD c:/program files (x86)/cypress/psoc creator/4.4/psoc creator/import/gnu/arm/5.4.1/bin/../lib/gcc/arm-none-eabi/5.4.1/armv6-m/crtn.o
START GROUP
LOAD c:/program files (x86)/cypress/psoc creator/4.4/psoc creator/import/gnu/arm/5.4.1/bin/../lib/gcc/arm-none-eabi/5.4.1/armv6-m\libgcc.a
LOAD c:/program files (x86)/cypress/psoc creator/4.4/psoc creator/import/gnu/arm/5.4.1/bin/../lib/gcc/arm-none-eabi/5.4.1/../../../../arm-none-eabi/lib/armv6-m\libc.a
LOAD c:/program files (x86)/cypress/psoc creator/4.4/psoc creator/import/gnu/arm/5.4.1/bin/../lib/gcc/arm-none-eabi/5.4.1/../../../../arm-none-eabi/lib/armv6-m\libnosys.a
END GROUP
                0x00000000                CY_APPL_ORIGIN = 0x0
                0x00000080                CY_FLASH_ROW_SIZE = 0x80
                0x00000001                CY_APPL_NUM = 0x1
                0x00000001                CY_APPL_MAX = 0x1
                0x00000040                CY_METADATA_SIZE = 0x40
                0x00000000                CY_APPL_LOADABLE = 0x0
                0x00000000                CY_CHECKSUM_EXCLUDE_SIZE = ALIGN (0x0, CY_FLASH_ROW_SIZE)
                0x00000000                CY_APP_FOR_STACK_AND_COPIER = 0x0
                [!provide]                PROVIDE (__cy_heap_start, _end)
                0x00000001                PROVIDE (__cy_region_num, ((__cy_regions_end - __cy_regions) / 0x10))
                0x20001000                PROVIDE (__cy_stack, (ORIGIN (ram) + LENGTH (ram)))
                [!provide]                PROVIDE (__cy_heap_end, (__cy_stack - 0x400))

.cybootloader   0x00000000        0x0
 *(.cybootloader)
                0x00000000                appl1_start = CY_APPL_ORIGIN?CY_APPL_ORIGIN:ALIGN (CY_FLASH_ROW_SIZE)
                0x00003f80                appl2_start = (appl1_start + ALIGN ((((LENGTH (rom) - appl1_start) - (0x2 * CY_FLASH_ROW_SIZE)) / 0x2), CY_FLASH_ROW_SIZE))
                0x00000000                appl_start = (CY_APPL_NUM == 0x1)?appl1_start:appl2_start
                0x00000001                cy_project_type_bootloader = (appl_start == 0x0)?0x1:0x0
                0x00000000                cy_project_type_app_for_stack_and_copier = (CY_APP_FOR_STACK_AND_COPIER == 0x1)?0x1:0x0

.text           0x00000000      0xa28
 CREATE_OBJECT_SYMBOLS
                0x00000000                PROVIDE (__cy_interrupt_vector, RomVectors)
 *(.romvectors)
 .romvectors    0x00000000       0x10 .\CortexM0\ARM_GCC_541\Release\Cm0Start.o
                0x00000000                RomVectors
                0x00000001                ASSERT ((. != __cy_interrupt_vector), No interrupt vector)
                0x00000001                ASSERT (CY_APPL_ORIGIN?(SIZEOF (.cybootloader) <= CY_APPL_ORIGIN):0x1, Wrong image location)
                0x00000010                PROVIDE (__cy_reset, Reset)
 *(.text.Reset)
 .text.Reset    0x00000010        0x6 .\CortexM0\ARM_GCC_541\Release\Cm0Start.o
                0x00000010                Reset
                0x00000001                ASSERT ((. != __cy_reset), No reset code)
 *(.psocinit)
 *fill*         0x00000016        0x2 
 .psocinit      0x00000018      0x110 .\CortexM0\ARM_GCC_541\Release\cyfitter_cfg.o
                0x00000018                cyfitter_cfg
                0x00000128                . = MAX (., 0x100)
 *(.text .text.* .gnu.linkonce.t.*)
 .text          0x00000128       0x60 c:/program files (x86)/cypress/psoc creator/4.4/psoc creator/import/gnu/arm/5.4.1/bin/../lib/gcc/arm-none-eabi/5.4.1/armv6-m/crtbegin.o
 .text.printMatrix
                0x00000188       0x38 .\CortexM0\ARM_GCC_541\Release\main.o
                0x00000188                printMatrix
 .text.startup.main
                0x000001c0      0x124 .\CortexM0\ARM_GCC_541\Release\main.o
                0x000001c0                main
 .text.IntDefaultHandler
                0x000002e4       0x10 .\CortexM0\ARM_GCC_541\Release\Cm0Start.o
                0x000002e4                IntDefaultHandler
 .text.Start_c  0x000002f4       0x4c .\CortexM0\ARM_GCC_541\Release\Cm0Start.o
                0x000002f4                Start_c
 .text.startup.initialize_psoc
                0x00000340       0x3c .\CortexM0\ARM_GCC_541\Release\Cm0Start.o
                0x00000340                initialize_psoc
 .text.CyIntSetVector
                0x0000037c       0x10 .\CortexM0\ARM_GCC_541\Release\Lab3_Var6_Task1.a(CyLib.o)
                0x0000037c                CyIntSetVector
 .text.CyIntEnable
                0x0000038c       0x14 .\CortexM0\ARM_GCC_541\Release\Lab3_Var6_Task1.a(CyLib.o)
                0x0000038c                CyIntEnable
 .text.CyDelay  0x000003a0       0x2c .\CortexM0\ARM_GCC_541\Release\Lab3_Var6_Task1.a(CyLib.o)
                0x000003a0                CyDelay
 .text.CyDelayUs
                0x000003cc       0x14 .\CortexM0\ARM_GCC_541\Release\Lab3_Var6_Task1.a(CyLib.o)
                0x000003cc                CyDelayUs
 .text.CySysClkWriteImoFreq
                0x000003e0      0x124 .\CortexM0\ARM_GCC_541\Release\Lab3_Var6_Task1.a(CyLib.o)
                0x000003e0                CySysClkWriteImoFreq
 .text.CySysWdtLock
                0x00000504       0x1c .\CortexM0\ARM_GCC_541\Release\Lab3_Var6_Task1.a(CyLFClk.o)
                0x00000504                CySysWdtLock
 .text.CySysWdtUnlock
                0x00000520       0x30 .\CortexM0\ARM_GCC_541\Release\Lab3_Var6_Task1.a(CyLFClk.o)
                0x00000520                CySysWdtUnlock
 .text.CySysWdtClearInterrupt
                0x00000550       0x54 .\CortexM0\ARM_GCC_541\Release\Lab3_Var6_Task1.a(CyLFClk.o)
                0x00000550                CySysWdtClearInterrupt
 .text.CySysWdtIsr
                0x000005a4       0xa0 .\CortexM0\ARM_GCC_541\Release\Lab3_Var6_Task1.a(CyLFClk.o)
                0x000005a4                CySysWdtIsr
 .text.LED_GREEN_Write
                0x00000644       0x18 .\CortexM0\ARM_GCC_541\Release\Lab3_Var6_Task1.a(LED_GREEN.o)
                0x00000644                LED_GREEN_Write
 .text.LED_BLUE_Write
                0x0000065c       0x18 .\CortexM0\ARM_GCC_541\Release\Lab3_Var6_Task1.a(LED_BLUE.o)
                0x0000065c                LED_BLUE_Write
 .text.LED_RED_Write
                0x00000674       0x18 .\CortexM0\ARM_GCC_541\Release\Lab3_Var6_Task1.a(LED_RED.o)
                0x00000674                LED_RED_Write
 .text.SW_Tx_UART_Start
                0x0000068c        0x2 .\CortexM0\ARM_GCC_541\Release\Lab3_Var6_Task1.a(SW_Tx_UART.o)
                0x0000068c                SW_Tx_UART_Start
 .text.SW_Tx_UART_PutString
                0x0000068e       0x1a .\CortexM0\ARM_GCC_541\Release\Lab3_Var6_Task1.a(SW_Tx_UART.o)
                0x0000068e                SW_Tx_UART_PutString
 .text.SW_Tx_UART_PutCRLF
                0x000006a8       0x10 .\CortexM0\ARM_GCC_541\Release\Lab3_Var6_Task1.a(SW_Tx_UART.o)
                0x000006a8                SW_Tx_UART_PutCRLF
 .text.COLUMN_0_SetDriveMode
                0x000006b8       0x14 .\CortexM0\ARM_GCC_541\Release\Lab3_Var6_Task1.a(COLUMN_0.o)
                0x000006b8                COLUMN_0_SetDriveMode
 .text.COLUMN_0_Write
                0x000006cc       0x18 .\CortexM0\ARM_GCC_541\Release\Lab3_Var6_Task1.a(COLUMN_0.o)
                0x000006cc                COLUMN_0_Write
 .text.COLUMN_1_SetDriveMode
                0x000006e4       0x14 .\CortexM0\ARM_GCC_541\Release\Lab3_Var6_Task1.a(COLUMN_1.o)
                0x000006e4                COLUMN_1_SetDriveMode
 .text.COLUMN_1_Write
                0x000006f8       0x18 .\CortexM0\ARM_GCC_541\Release\Lab3_Var6_Task1.a(COLUMN_1.o)
                0x000006f8                COLUMN_1_Write
 .text.COLUMN_2_SetDriveMode
                0x00000710       0x14 .\CortexM0\ARM_GCC_541\Release\Lab3_Var6_Task1.a(COLUMN_2.o)
                0x00000710                COLUMN_2_SetDriveMode
 .text.COLUMN_2_Write
                0x00000724       0x18 .\CortexM0\ARM_GCC_541\Release\Lab3_Var6_Task1.a(COLUMN_2.o)
                0x00000724                COLUMN_2_Write
 .text.ROW_0_Read
                0x0000073c       0x10 .\CortexM0\ARM_GCC_541\Release\Lab3_Var6_Task1.a(ROW_0.o)
                0x0000073c                ROW_0_Read
 .text.ROW_1_Read
                0x0000074c       0x10 .\CortexM0\ARM_GCC_541\Release\Lab3_Var6_Task1.a(ROW_1.o)
                0x0000074c                ROW_1_Read
 .text.ROW_2_Read
                0x0000075c       0x10 .\CortexM0\ARM_GCC_541\Release\Lab3_Var6_Task1.a(ROW_2.o)
                0x0000075c                ROW_2_Read
 .text.ROW_3_Read
                0x0000076c       0x10 .\CortexM0\ARM_GCC_541\Release\Lab3_Var6_Task1.a(ROW_3.o)
                0x0000076c                ROW_3_Read
 *fill*         0x0000077c        0x4 
 .text          0x00000780       0x24 .\CortexM0\ARM_GCC_541\Release\Lab3_Var6_Task1.a(CyBootAsmGnu.o)
                0x00000780                CyDelayCycles
                0x00000794                CyEnterCriticalSection
                0x0000079c                CyExitCriticalSection
 *fill*         0x000007a4       0x1c 
 .text          0x000007c0       0xd4 .\CortexM0\ARM_GCC_541\Release\Lab3_Var6_Task1.a(SW_Tx_UART_AsmGnu.o)
                0x000007c0                SW_Tx_UART_PutChar
 .text          0x00000894       0x14 c:/program files (x86)/cypress/psoc creator/4.4/psoc creator/import/gnu/arm/5.4.1/bin/../lib/gcc/arm-none-eabi/5.4.1/armv6-m\libgcc.a(_thumb1_case_uqi.o)
                0x00000894                __gnu_thumb1_case_uqi
 .text          0x000008a8      0x114 c:/program files (x86)/cypress/psoc creator/4.4/psoc creator/import/gnu/arm/5.4.1/bin/../lib/gcc/arm-none-eabi/5.4.1/armv6-m\libgcc.a(_udivsi3.o)
                0x000008a8                __aeabi_uidiv
                0x000008a8                __udivsi3
                0x000009b4                __aeabi_uidivmod
 .text          0x000009bc        0x4 c:/program files (x86)/cypress/psoc creator/4.4/psoc creator/import/gnu/arm/5.4.1/bin/../lib/gcc/arm-none-eabi/5.4.1/armv6-m\libgcc.a(_dvmd_tls.o)
                0x000009bc                __aeabi_idiv0
                0x000009bc                __aeabi_ldiv0
 .text.__errno  0x000009c0        0xc c:/program files (x86)/cypress/psoc creator/4.4/psoc creator/import/gnu/arm/5.4.1/bin/../lib/gcc/arm-none-eabi/5.4.1/../../../../arm-none-eabi/lib/armv6-m\libg_nano.a(lib_a-errno.o)
                0x000009c0                __errno
 .text.__libc_init_array
                0x000009cc       0x4c c:/program files (x86)/cypress/psoc creator/4.4/psoc creator/import/gnu/arm/5.4.1/bin/../lib/gcc/arm-none-eabi/5.4.1/../../../../arm-none-eabi/lib/armv6-m\libg_nano.a(lib_a-init.o)
                0x000009cc                __libc_init_array
 .text.memset   0x00000a18       0x10 c:/program files (x86)/cypress/psoc creator/4.4/psoc creator/import/gnu/arm/5.4.1/bin/../lib/gcc/arm-none-eabi/5.4.1/../../../../arm-none-eabi/lib/armv6-m\libg_nano.a(lib_a-memset.o)
                0x00000a18                memset
 *(.plt)
 *(.gnu.warning)
 *(.glue_7t)
 .glue_7t       0x00000a28        0x0 linker stubs
 *(.glue_7)
 .glue_7        0x00000a28        0x0 linker stubs
 *(.vfp11_veneer)
 .vfp11_veneer  0x00000a28        0x0 linker stubs
 *(.bootloader)
 *(.ARM.extab* .gnu.linkonce.armextab.*)
 *(.gcc_except_table)

.v4_bx          0x00000a28        0x0
 .v4_bx         0x00000a28        0x0 linker stubs

.iplt           0x00000a28        0x0
 .iplt          0x00000a28        0x0 c:/program files (x86)/cypress/psoc creator/4.4/psoc creator/import/gnu/arm/5.4.1/bin/../lib/gcc/arm-none-eabi/5.4.1/armv6-m/crtbegin.o

.eh_frame_hdr
 *(.eh_frame_hdr)

.eh_frame       0x00000a28        0x4
 *(.eh_frame)
 .eh_frame      0x00000a28        0x0 c:/program files (x86)/cypress/psoc creator/4.4/psoc creator/import/gnu/arm/5.4.1/bin/../lib/gcc/arm-none-eabi/5.4.1/armv6-m/crtbegin.o
 .eh_frame      0x00000a28        0x4 c:/program files (x86)/cypress/psoc creator/4.4/psoc creator/import/gnu/arm/5.4.1/bin/../lib/gcc/arm-none-eabi/5.4.1/armv6-m/crtend.o
                [!provide]                PROVIDE (__exidx_start, .)

.ARM.exidx
 *(.ARM.exidx* .gnu.linkonce.armexidx.*)
                0x00000a2c                __exidx_end = .

.rodata         0x00000a2c       0x8c
 *(.rodata .rodata.* .gnu.linkonce.r.*)
 .rodata.str1.1
                0x00000a2c       0x21 .\CortexM0\ARM_GCC_541\Release\main.o
 .rodata        0x00000a4d       0x2e .\CortexM0\ARM_GCC_541\Release\Lab3_Var6_Task1.a(CyLib.o)
                0x00000a4d                cyImoFreqMhz2Reg
 .rodata.str1.1
                0x00000a7b        0x2 c:/program files (x86)/cypress/psoc creator/4.4/psoc creator/import/gnu/arm/5.4.1/bin/../lib/gcc/arm-none-eabi/5.4.1/../../../../arm-none-eabi/lib/armv6-m\libg_nano.a(lib_a-impure.o)
                0x00000a80                . = ALIGN (0x4)
 *fill*         0x00000a7d        0x3 
 *(.init)
 .init          0x00000a80        0x4 c:/program files (x86)/cypress/psoc creator/4.4/psoc creator/import/gnu/arm/5.4.1/bin/../lib/gcc/arm-none-eabi/5.4.1/armv6-m/crti.o
                0x00000a80                _init
 .init          0x00000a84        0x8 c:/program files (x86)/cypress/psoc creator/4.4/psoc creator/import/gnu/arm/5.4.1/bin/../lib/gcc/arm-none-eabi/5.4.1/armv6-m/crtn.o
                0x00000a8c                . = ALIGN (0x4)
                0x00000a8c                __preinit_array_start = .
 *(.preinit_array)
                0x00000a8c                __preinit_array_end = .
                0x00000a8c                . = ALIGN (0x4)
                0x00000a8c                __init_array_start = .
 *(SORT(.init_array.*))
 *(.init_array)
 .init_array    0x00000a8c        0x4 c:/program files (x86)/cypress/psoc creator/4.4/psoc creator/import/gnu/arm/5.4.1/bin/../lib/gcc/arm-none-eabi/5.4.1/armv6-m/crtbegin.o
 .init_array    0x00000a90        0x4 .\CortexM0\ARM_GCC_541\Release\Cm0Start.o
                0x00000a94                __init_array_end = .
                0x00000a94                . = ALIGN (0x4)
 *(.fini)
 .fini          0x00000a94        0x4 c:/program files (x86)/cypress/psoc creator/4.4/psoc creator/import/gnu/arm/5.4.1/bin/../lib/gcc/arm-none-eabi/5.4.1/armv6-m/crti.o
                0x00000a94                _fini
 .fini          0x00000a98        0x8 c:/program files (x86)/cypress/psoc creator/4.4/psoc creator/import/gnu/arm/5.4.1/bin/../lib/gcc/arm-none-eabi/5.4.1/armv6-m/crtn.o
                0x00000aa0                . = ALIGN (0x4)
                0x00000aa0                __fini_array_start = .
 *(.fini_array)
 .fini_array    0x00000aa0        0x4 c:/program files (x86)/cypress/psoc creator/4.4/psoc creator/import/gnu/arm/5.4.1/bin/../lib/gcc/arm-none-eabi/5.4.1/armv6-m/crtbegin.o
 *(SORT(.fini_array.*))
                0x00000aa4                __fini_array_end = .
                0x00000aa4                . = ALIGN (0x4)
 *crtbegin.o(.ctors)
 *(EXCLUDE_FILE(*crtend.o) .ctors)
 *(SORT(.ctors.*))
 *crtend.o(.ctors)
                0x00000aa4                . = ALIGN (0x4)
 *crtbegin.o(.dtors)
 *(EXCLUDE_FILE(*crtend.o) .dtors)
 *(SORT(.dtors.*))
 *crtend.o(.dtors)
                0x00000aa4                . = ALIGN (0x4)
                0x00000aa4                __cy_regions = .
                0x00000aa4        0x4 LONG 0xab8 __cy_region_init_ram
                0x00000aa8        0x4 LONG 0x200000c0 __cy_region_start_data
                0x00000aac        0x4 LONG 0xc0 __cy_region_init_size_ram
                0x00000ab0        0x4 LONG 0x48 __cy_region_zero_size_ram
                0x00000ab4                __cy_regions_end = .
                0x00000ab8                . = ALIGN (0x8)
 *fill*         0x00000ab4        0x4 
                0x00000ab8                _etext = .

.cy_checksum_exclude
                0x00000ab8        0x0
 *(.cy_checksum_exclude)

.ramvectors     0x20000000       0xc0
                0x20000000                __cy_region_start_ram = .
 *(.ramvectors)
 .ramvectors    0x20000000       0xc0 .\CortexM0\ARM_GCC_541\Release\Cm0Start.o
                0x20000000                CyRamVectors

.noinit
 *(.noinit)

.data           0x200000c0       0xc0 load address 0x00000ab8
                0x200000c0                __cy_region_start_data = .
 *(.jcr)
 .jcr           0x200000c0        0x0 c:/program files (x86)/cypress/psoc creator/4.4/psoc creator/import/gnu/arm/5.4.1/bin/../lib/gcc/arm-none-eabi/5.4.1/armv6-m/crtbegin.o
 .jcr           0x200000c0        0x4 c:/program files (x86)/cypress/psoc creator/4.4/psoc creator/import/gnu/arm/5.4.1/bin/../lib/gcc/arm-none-eabi/5.4.1/armv6-m/crtend.o
 *(.got.plt)
 *(.got)
 *(.shdata)
 *(.data .data.* .gnu.linkonce.d.*)
 .data          0x200000c4       0x34 .\CortexM0\ARM_GCC_541\Release\main.o
                0x200000c4                set_col_dm
                0x200000d0                write_col
                0x200000dc                read_row
                0x200000ec                key_map
 .data          0x200000f8       0x14 .\CortexM0\ARM_GCC_541\Release\Lab3_Var6_Task1.a(CyLib.o)
                0x200000f8                CySysClkPumpConfig
                0x200000fc                cydelay32kMs
                0x20000100                cydelayFreqKhz
                0x20000104                cydelayFreqMhz
                0x20000108                cydelayFreqHz
 .data          0x2000010c        0x4 .\CortexM0\ARM_GCC_541\Release\Lab3_Var6_Task1.a(CyLFClk.o)
 .data          0x20000110        0xc .\CortexM0\ARM_GCC_541\Release\Lab3_Var6_Task1.a(SW_Tx_UART.o)
                0x20000110                SW_Tx_UART_pinDrAdress
                0x20000114                SW_Tx_UART_pinPortNumber
                0x20000118                SW_Tx_UART_pinNumber
 .data.impure_data
                0x2000011c       0x60 c:/program files (x86)/cypress/psoc creator/4.4/psoc creator/import/gnu/arm/5.4.1/bin/../lib/gcc/arm-none-eabi/5.4.1/../../../../arm-none-eabi/lib/armv6-m\libg_nano.a(lib_a-impure.o)
 .data._impure_ptr
                0x2000017c        0x4 c:/program files (x86)/cypress/psoc creator/4.4/psoc creator/import/gnu/arm/5.4.1/bin/../lib/gcc/arm-none-eabi/5.4.1/../../../../arm-none-eabi/lib/armv6-m\libg_nano.a(lib_a-impure.o)
                0x2000017c                _impure_ptr
                0x20000180                . = ALIGN (0x8)
 *(.ram)
                0x20000180                _edata = .

.igot.plt       0x20000180        0x0 load address 0x00000b78
 .igot.plt      0x20000180        0x0 c:/program files (x86)/cypress/psoc creator/4.4/psoc creator/import/gnu/arm/5.4.1/bin/../lib/gcc/arm-none-eabi/5.4.1/armv6-m/crtbegin.o

.bss            0x20000180       0x48 load address 0x00000b78
                0x20000180                PROVIDE (__bss_start__, .)
 *(.shbss)
 *(.bss .bss.* .gnu.linkonce.b.*)
 .bss           0x20000180       0x1c c:/program files (x86)/cypress/psoc creator/4.4/psoc creator/import/gnu/arm/5.4.1/bin/../lib/gcc/arm-none-eabi/5.4.1/armv6-m/crtbegin.o
 .bss           0x2000019c       0x20 .\CortexM0\ARM_GCC_541\Release\Lab3_Var6_Task1.a(CyLFClk.o)
 *(COMMON)
 COMMON         0x200001bc        0xc .\CortexM0\ARM_GCC_541\Release\main.o
                0x200001bc                keys
                0x200001c8                . = ALIGN (0x8)
 *(.ram.b)
                0x200001c8                _end = .
                0x200001c8                __end = .
                0x200001c8                PROVIDE (end, .)
                0x200001c8                PROVIDE (__bss_end__, .)
                0x00000ab8                __cy_region_init_ram = LOADADDR (.data)
                0x000000c0                __cy_region_init_size_ram = (_edata - ADDR (.data))
                0x00000048                __cy_region_zero_size_ram = (_end - _edata)

.heap           0x200001c8       0x80 load address 0x00000b78
                0x200001c8                . = _end
                0x20000248                . = (. + 0x80)
 *fill*         0x200001c8       0x80 
                0x20000248                __cy_heap_limit = .

.stack          0x20000c00      0x400
                0x20000c00                __cy_stack_limit = .
                0x20001000                . = (. + 0x400)
 *fill*         0x20000c00      0x400 
                0x00000001                ASSERT ((__cy_stack_limit >= __cy_heap_limit), region RAM overflowed with stack)
                0x00000000                cy_checksum_exclude_size = (CY_APPL_LOADABLE == 0x1)?SIZEOF (.cy_checksum_exclude):0x0
                0x00000001                ASSERT ((cy_checksum_exclude_size <= CY_CHECKSUM_EXCLUDE_SIZE), CY_BOOT: Section .cy_checksum_exclude size exceedes specified limit.)
                0x00007fc0                cyloadermeta_start = (cy_project_type_bootloader || cy_project_type_app_for_stack_and_copier)?(LENGTH (rom) - CY_METADATA_SIZE):0xf0000000

.cyloadermeta
 *(.cyloadermeta)
                0x00007fc0                cyloadablemeta_start = cy_project_type_app_for_stack_and_copier?((LENGTH (rom) - CY_FLASH_ROW_SIZE) - CY_METADATA_SIZE):((LENGTH (rom) - (CY_FLASH_ROW_SIZE * (CY_APPL_NUM - 0x1))) - CY_METADATA_SIZE)

.cyloadablemeta
 *(.cyloadablemeta)

.cyflashprotect
                0x90400000       0x20
 *(.cyflashprotect)
 .cyflashprotect
                0x90400000       0x20 .\CortexM0\ARM_GCC_541\Release\cymetadata.o
                0x90400000                cy_meta_flashprotect

.cymeta         0x90500000        0xc
 *(.cymeta)
 .cymeta        0x90500000        0xc .\CortexM0\ARM_GCC_541\Release\cymetadata.o
                0x90500000                cy_metadata

.cychipprotect  0x90600000        0x1
 *(.cychipprotect)
 .cychipprotect
                0x90600000        0x1 .\CortexM0\ARM_GCC_541\Release\cymetadata.o
                0x90600000                cy_meta_chipprotect

.rel.dyn        0x00000b78        0x0 load address 0x90600004
 .rel.iplt      0x00000b78        0x0 c:/program files (x86)/cypress/psoc creator/4.4/psoc creator/import/gnu/arm/5.4.1/bin/../lib/gcc/arm-none-eabi/5.4.1/armv6-m/crtbegin.o

.stab
 *(.stab)

.stabstr
 *(.stabstr)

.debug
 *(.debug)

.line
 *(.line)

.debug_srcinfo
 *(.debug_srcinfo)

.debug_sfnames
 *(.debug_sfnames)

.debug_aranges  0x00000000      0x698
 *(.debug_aranges)
 .debug_aranges
                0x00000000       0x28 .\CortexM0\ARM_GCC_541\Release\main.o
 .debug_aranges
                0x00000028       0x20 .\CortexM0\ARM_GCC_541\Release\cyfitter_cfg.o
 .debug_aranges
                0x00000048       0x18 .\CortexM0\ARM_GCC_541\Release\cymetadata.o
 .debug_aranges
                0x00000060       0x48 .\CortexM0\ARM_GCC_541\Release\Cm0Start.o
 .debug_aranges
                0x000000a8      0x180 .\CortexM0\ARM_GCC_541\Release\Lab3_Var6_Task1.a(CyLib.o)
 .debug_aranges
                0x00000228      0x118 .\CortexM0\ARM_GCC_541\Release\Lab3_Var6_Task1.a(CyLFClk.o)
 .debug_aranges
                0x00000340       0x48 .\CortexM0\ARM_GCC_541\Release\Lab3_Var6_Task1.a(LED_GREEN.o)
 .debug_aranges
                0x00000388       0x48 .\CortexM0\ARM_GCC_541\Release\Lab3_Var6_Task1.a(LED_BLUE.o)
 .debug_aranges
                0x000003d0       0x48 .\CortexM0\ARM_GCC_541\Release\Lab3_Var6_Task1.a(LED_RED.o)
 .debug_aranges
                0x00000418       0x48 .\CortexM0\ARM_GCC_541\Release\Lab3_Var6_Task1.a(SW_Tx_UART.o)
 .debug_aranges
                0x00000460       0x48 .\CortexM0\ARM_GCC_541\Release\Lab3_Var6_Task1.a(COLUMN_0.o)
 .debug_aranges
                0x000004a8       0x48 .\CortexM0\ARM_GCC_541\Release\Lab3_Var6_Task1.a(COLUMN_1.o)
 .debug_aranges
                0x000004f0       0x48 .\CortexM0\ARM_GCC_541\Release\Lab3_Var6_Task1.a(COLUMN_2.o)
 .debug_aranges
                0x00000538       0x48 .\CortexM0\ARM_GCC_541\Release\Lab3_Var6_Task1.a(ROW_0.o)
 .debug_aranges
                0x00000580       0x48 .\CortexM0\ARM_GCC_541\Release\Lab3_Var6_Task1.a(ROW_1.o)
 .debug_aranges
                0x000005c8       0x48 .\CortexM0\ARM_GCC_541\Release\Lab3_Var6_Task1.a(ROW_2.o)
 .debug_aranges
                0x00000610       0x48 .\CortexM0\ARM_GCC_541\Release\Lab3_Var6_Task1.a(ROW_3.o)
 .debug_aranges
                0x00000658       0x20 .\CortexM0\ARM_GCC_541\Release\Lab3_Var6_Task1.a(CyBootAsmGnu.o)
 .debug_aranges
                0x00000678       0x20 .\CortexM0\ARM_GCC_541\Release\Lab3_Var6_Task1.a(SW_Tx_UART_AsmGnu.o)

.debug_pubnames
 *(.debug_pubnames)

.debug_info     0x00000000     0x3749
 *(.debug_info .gnu.linkonce.wi.*)
 .debug_info    0x00000000      0x3c0 .\CortexM0\ARM_GCC_541\Release\main.o
 .debug_info    0x000003c0      0x28f .\CortexM0\ARM_GCC_541\Release\cyfitter_cfg.o
 .debug_info    0x0000064f       0xf8 .\CortexM0\ARM_GCC_541\Release\cymetadata.o
 .debug_info    0x00000747      0x39e .\CortexM0\ARM_GCC_541\Release\Cm0Start.o
 .debug_info    0x00000ae5      0xaef .\CortexM0\ARM_GCC_541\Release\Lab3_Var6_Task1.a(CyLib.o)
 .debug_info    0x000015d4      0xd7b .\CortexM0\ARM_GCC_541\Release\Lab3_Var6_Task1.a(CyLFClk.o)
 .debug_info    0x0000234f      0x19b .\CortexM0\ARM_GCC_541\Release\Lab3_Var6_Task1.a(LED_GREEN.o)
 .debug_info    0x000024ea      0x19b .\CortexM0\ARM_GCC_541\Release\Lab3_Var6_Task1.a(LED_BLUE.o)
 .debug_info    0x00002685      0x19b .\CortexM0\ARM_GCC_541\Release\Lab3_Var6_Task1.a(LED_RED.o)
 .debug_info    0x00002820      0x2bb .\CortexM0\ARM_GCC_541\Release\Lab3_Var6_Task1.a(SW_Tx_UART.o)
 .debug_info    0x00002adb      0x1a0 .\CortexM0\ARM_GCC_541\Release\Lab3_Var6_Task1.a(COLUMN_0.o)
 .debug_info    0x00002c7b      0x19b .\CortexM0\ARM_GCC_541\Release\Lab3_Var6_Task1.a(COLUMN_1.o)
 .debug_info    0x00002e16      0x1a0 .\CortexM0\ARM_GCC_541\Release\Lab3_Var6_Task1.a(COLUMN_2.o)
 .debug_info    0x00002fb6      0x19b .\CortexM0\ARM_GCC_541\Release\Lab3_Var6_Task1.a(ROW_0.o)
 .debug_info    0x00003151      0x19b .\CortexM0\ARM_GCC_541\Release\Lab3_Var6_Task1.a(ROW_1.o)
 .debug_info    0x000032ec      0x19b .\CortexM0\ARM_GCC_541\Release\Lab3_Var6_Task1.a(ROW_2.o)
 .debug_info    0x00003487      0x19b .\CortexM0\ARM_GCC_541\Release\Lab3_Var6_Task1.a(ROW_3.o)
 .debug_info    0x00003622       0x91 .\CortexM0\ARM_GCC_541\Release\Lab3_Var6_Task1.a(CyBootAsmGnu.o)
 .debug_info    0x000036b3       0x96 .\CortexM0\ARM_GCC_541\Release\Lab3_Var6_Task1.a(SW_Tx_UART_AsmGnu.o)

.debug_abbrev   0x00000000     0x141d
 *(.debug_abbrev)
 .debug_abbrev  0x00000000      0x154 .\CortexM0\ARM_GCC_541\Release\main.o
 .debug_abbrev  0x00000154      0x170 .\CortexM0\ARM_GCC_541\Release\cyfitter_cfg.o
 .debug_abbrev  0x000002c4       0x5d .\CortexM0\ARM_GCC_541\Release\cymetadata.o
 .debug_abbrev  0x00000321      0x1d5 .\CortexM0\ARM_GCC_541\Release\Cm0Start.o
 .debug_abbrev  0x000004f6      0x2e6 .\CortexM0\ARM_GCC_541\Release\Lab3_Var6_Task1.a(CyLib.o)
 .debug_abbrev  0x000007dc      0x347 .\CortexM0\ARM_GCC_541\Release\Lab3_Var6_Task1.a(CyLFClk.o)
 .debug_abbrev  0x00000b23       0xc6 .\CortexM0\ARM_GCC_541\Release\Lab3_Var6_Task1.a(LED_GREEN.o)
 .debug_abbrev  0x00000be9       0xc6 .\CortexM0\ARM_GCC_541\Release\Lab3_Var6_Task1.a(LED_BLUE.o)
 .debug_abbrev  0x00000caf       0xc6 .\CortexM0\ARM_GCC_541\Release\Lab3_Var6_Task1.a(LED_RED.o)
 .debug_abbrev  0x00000d75      0x112 .\CortexM0\ARM_GCC_541\Release\Lab3_Var6_Task1.a(SW_Tx_UART.o)
 .debug_abbrev  0x00000e87       0xc8 .\CortexM0\ARM_GCC_541\Release\Lab3_Var6_Task1.a(COLUMN_0.o)
 .debug_abbrev  0x00000f4f       0xc6 .\CortexM0\ARM_GCC_541\Release\Lab3_Var6_Task1.a(COLUMN_1.o)
 .debug_abbrev  0x00001015       0xc8 .\CortexM0\ARM_GCC_541\Release\Lab3_Var6_Task1.a(COLUMN_2.o)
 .debug_abbrev  0x000010dd       0xc6 .\CortexM0\ARM_GCC_541\Release\Lab3_Var6_Task1.a(ROW_0.o)
 .debug_abbrev  0x000011a3       0xc6 .\CortexM0\ARM_GCC_541\Release\Lab3_Var6_Task1.a(ROW_1.o)
 .debug_abbrev  0x00001269       0xc6 .\CortexM0\ARM_GCC_541\Release\Lab3_Var6_Task1.a(ROW_2.o)
 .debug_abbrev  0x0000132f       0xc6 .\CortexM0\ARM_GCC_541\Release\Lab3_Var6_Task1.a(ROW_3.o)
 .debug_abbrev  0x000013f5       0x14 .\CortexM0\ARM_GCC_541\Release\Lab3_Var6_Task1.a(CyBootAsmGnu.o)
 .debug_abbrev  0x00001409       0x14 .\CortexM0\ARM_GCC_541\Release\Lab3_Var6_Task1.a(SW_Tx_UART_AsmGnu.o)

.debug_line     0x00000000     0x1a20
 *(.debug_line)
 .debug_line    0x00000000      0x225 .\CortexM0\ARM_GCC_541\Release\main.o
 .debug_line    0x00000225      0x145 .\CortexM0\ARM_GCC_541\Release\cyfitter_cfg.o
 .debug_line    0x0000036a      0x141 .\CortexM0\ARM_GCC_541\Release\cymetadata.o
 .debug_line    0x000004ab      0x22f .\CortexM0\ARM_GCC_541\Release\Cm0Start.o
 .debug_line    0x000006da      0x4b5 .\CortexM0\ARM_GCC_541\Release\Lab3_Var6_Task1.a(CyLib.o)
 .debug_line    0x00000b8f      0x4c0 .\CortexM0\ARM_GCC_541\Release\Lab3_Var6_Task1.a(CyLFClk.o)
 .debug_line    0x0000104f       0xcc .\CortexM0\ARM_GCC_541\Release\Lab3_Var6_Task1.a(LED_GREEN.o)
 .debug_line    0x0000111b       0xcb .\CortexM0\ARM_GCC_541\Release\Lab3_Var6_Task1.a(LED_BLUE.o)
 .debug_line    0x000011e6       0xca .\CortexM0\ARM_GCC_541\Release\Lab3_Var6_Task1.a(LED_RED.o)
 .debug_line    0x000012b0       0xe1 .\CortexM0\ARM_GCC_541\Release\Lab3_Var6_Task1.a(SW_Tx_UART.o)
 .debug_line    0x00001391       0xca .\CortexM0\ARM_GCC_541\Release\Lab3_Var6_Task1.a(COLUMN_0.o)
 .debug_line    0x0000145b       0xcd .\CortexM0\ARM_GCC_541\Release\Lab3_Var6_Task1.a(COLUMN_1.o)
 .debug_line    0x00001528       0xca .\CortexM0\ARM_GCC_541\Release\Lab3_Var6_Task1.a(COLUMN_2.o)
 .debug_line    0x000015f2       0xca .\CortexM0\ARM_GCC_541\Release\Lab3_Var6_Task1.a(ROW_0.o)
 .debug_line    0x000016bc       0xc8 .\CortexM0\ARM_GCC_541\Release\Lab3_Var6_Task1.a(ROW_1.o)
 .debug_line    0x00001784       0xc8 .\CortexM0\ARM_GCC_541\Release\Lab3_Var6_Task1.a(ROW_2.o)
 .debug_line    0x0000184c       0xc8 .\CortexM0\ARM_GCC_541\Release\Lab3_Var6_Task1.a(ROW_3.o)
 .debug_line    0x00001914       0x69 .\CortexM0\ARM_GCC_541\Release\Lab3_Var6_Task1.a(CyBootAsmGnu.o)
 .debug_line    0x0000197d       0xa3 .\CortexM0\ARM_GCC_541\Release\Lab3_Var6_Task1.a(SW_Tx_UART_AsmGnu.o)

.debug_frame    0x00000000      0xdd0
 *(.debug_frame)
 .debug_frame   0x00000000       0x58 .\CortexM0\ARM_GCC_541\Release\main.o
 .debug_frame   0x00000058       0x30 .\CortexM0\ARM_GCC_541\Release\cyfitter_cfg.o
 .debug_frame   0x00000088       0xc8 .\CortexM0\ARM_GCC_541\Release\Cm0Start.o
 .debug_frame   0x00000150      0x3b0 .\CortexM0\ARM_GCC_541\Release\Lab3_Var6_Task1.a(CyLib.o)
 .debug_frame   0x00000500      0x2f4 .\CortexM0\ARM_GCC_541\Release\Lab3_Var6_Task1.a(CyLFClk.o)
 .debug_frame   0x000007f4       0x70 .\CortexM0\ARM_GCC_541\Release\Lab3_Var6_Task1.a(LED_GREEN.o)
 .debug_frame   0x00000864       0x70 .\CortexM0\ARM_GCC_541\Release\Lab3_Var6_Task1.a(LED_BLUE.o)
 .debug_frame   0x000008d4       0x70 .\CortexM0\ARM_GCC_541\Release\Lab3_Var6_Task1.a(LED_RED.o)
 .debug_frame   0x00000944       0xc8 .\CortexM0\ARM_GCC_541\Release\Lab3_Var6_Task1.a(SW_Tx_UART.o)
 .debug_frame   0x00000a0c       0x70 .\CortexM0\ARM_GCC_541\Release\Lab3_Var6_Task1.a(COLUMN_0.o)
 .debug_frame   0x00000a7c       0x70 .\CortexM0\ARM_GCC_541\Release\Lab3_Var6_Task1.a(COLUMN_1.o)
 .debug_frame   0x00000aec       0x70 .\CortexM0\ARM_GCC_541\Release\Lab3_Var6_Task1.a(COLUMN_2.o)
 .debug_frame   0x00000b5c       0x70 .\CortexM0\ARM_GCC_541\Release\Lab3_Var6_Task1.a(ROW_0.o)
 .debug_frame   0x00000bcc       0x70 .\CortexM0\ARM_GCC_541\Release\Lab3_Var6_Task1.a(ROW_1.o)
 .debug_frame   0x00000c3c       0x70 .\CortexM0\ARM_GCC_541\Release\Lab3_Var6_Task1.a(ROW_2.o)
 .debug_frame   0x00000cac       0x70 .\CortexM0\ARM_GCC_541\Release\Lab3_Var6_Task1.a(ROW_3.o)
 .debug_frame   0x00000d1c       0x20 c:/program files (x86)/cypress/psoc creator/4.4/psoc creator/import/gnu/arm/5.4.1/bin/../lib/gcc/arm-none-eabi/5.4.1/armv6-m\libgcc.a(_udivsi3.o)
 .debug_frame   0x00000d3c       0x20 c:/program files (x86)/cypress/psoc creator/4.4/psoc creator/import/gnu/arm/5.4.1/bin/../lib/gcc/arm-none-eabi/5.4.1/../../../../arm-none-eabi/lib/armv6-m\libg_nano.a(lib_a-errno.o)
 .debug_frame   0x00000d5c       0x28 c:/program files (x86)/cypress/psoc creator/4.4/psoc creator/import/gnu/arm/5.4.1/bin/../lib/gcc/arm-none-eabi/5.4.1/../../../../arm-none-eabi/lib/armv6-m\libg_nano.a(lib_a-exit.o)
 .debug_frame   0x00000d84       0x2c c:/program files (x86)/cypress/psoc creator/4.4/psoc creator/import/gnu/arm/5.4.1/bin/../lib/gcc/arm-none-eabi/5.4.1/../../../../arm-none-eabi/lib/armv6-m\libg_nano.a(lib_a-init.o)
 .debug_frame   0x00000db0       0x20 c:/program files (x86)/cypress/psoc creator/4.4/psoc creator/import/gnu/arm/5.4.1/bin/../lib/gcc/arm-none-eabi/5.4.1/../../../../arm-none-eabi/lib/armv6-m\libg_nano.a(lib_a-memset.o)

.debug_str      0x00000000     0x154e
 *(.debug_str)
 .debug_str     0x00000000      0x225 .\CortexM0\ARM_GCC_541\Release\main.o
                                0x26d (size before relaxing)
 .debug_str     0x00000225       0xcd .\CortexM0\ARM_GCC_541\Release\cyfitter_cfg.o
                                0x25c (size before relaxing)
 .debug_str     0x000002f2       0x59 .\CortexM0\ARM_GCC_541\Release\cymetadata.o
                                0x1c9 (size before relaxing)
 .debug_str     0x0000034b      0x140 .\CortexM0\ARM_GCC_541\Release\Cm0Start.o
                                0x302 (size before relaxing)
 .debug_str     0x0000048b      0x4c8 .\CortexM0\ARM_GCC_541\Release\Lab3_Var6_Task1.a(CyLib.o)
                                0x6b7 (size before relaxing)
 .debug_str     0x00000953      0x530 .\CortexM0\ARM_GCC_541\Release\Lab3_Var6_Task1.a(CyLFClk.o)
                                0x737 (size before relaxing)
 .debug_str     0x00000e83       0xb7 .\CortexM0\ARM_GCC_541\Release\Lab3_Var6_Task1.a(LED_GREEN.o)
                                0x253 (size before relaxing)
 .debug_str     0x00000f3a       0x8d .\CortexM0\ARM_GCC_541\Release\Lab3_Var6_Task1.a(LED_BLUE.o)
                                0x24c (size before relaxing)
 .debug_str     0x00000fc7       0x87 .\CortexM0\ARM_GCC_541\Release\Lab3_Var6_Task1.a(LED_RED.o)
                                0x245 (size before relaxing)
 .debug_str     0x0000104e      0x110 .\CortexM0\ARM_GCC_541\Release\Lab3_Var6_Task1.a(SW_Tx_UART.o)
                                0x2d5 (size before relaxing)
 .debug_str     0x0000115e       0x9c .\CortexM0\ARM_GCC_541\Release\Lab3_Var6_Task1.a(COLUMN_0.o)
                                0x24c (size before relaxing)
 .debug_str     0x000011fa       0x9c .\CortexM0\ARM_GCC_541\Release\Lab3_Var6_Task1.a(COLUMN_1.o)
                                0x24c (size before relaxing)
 .debug_str     0x00001296       0x9c .\CortexM0\ARM_GCC_541\Release\Lab3_Var6_Task1.a(COLUMN_2.o)
                                0x24c (size before relaxing)
 .debug_str     0x00001332       0x87 .\CortexM0\ARM_GCC_541\Release\Lab3_Var6_Task1.a(ROW_0.o)
                                0x237 (size before relaxing)
 .debug_str     0x000013b9       0x87 .\CortexM0\ARM_GCC_541\Release\Lab3_Var6_Task1.a(ROW_1.o)
                                0x237 (size before relaxing)
 .debug_str     0x00001440       0x87 .\CortexM0\ARM_GCC_541\Release\Lab3_Var6_Task1.a(ROW_2.o)
                                0x237 (size before relaxing)
 .debug_str     0x000014c7       0x87 .\CortexM0\ARM_GCC_541\Release\Lab3_Var6_Task1.a(ROW_3.o)
                                0x237 (size before relaxing)

.debug_loc      0x00000000     0x1945
 *(.debug_loc)
 .debug_loc     0x00000000       0xf3 .\CortexM0\ARM_GCC_541\Release\main.o
 .debug_loc     0x000000f3       0x92 .\CortexM0\ARM_GCC_541\Release\cyfitter_cfg.o
 .debug_loc     0x00000185      0x1de .\CortexM0\ARM_GCC_541\Release\Cm0Start.o
 .debug_loc     0x00000363      0x545 .\CortexM0\ARM_GCC_541\Release\Lab3_Var6_Task1.a(CyLib.o)
 .debug_loc     0x000008a8      0x996 .\CortexM0\ARM_GCC_541\Release\Lab3_Var6_Task1.a(CyLFClk.o)
 .debug_loc     0x0000123e       0xa1 .\CortexM0\ARM_GCC_541\Release\Lab3_Var6_Task1.a(LED_GREEN.o)
 .debug_loc     0x000012df       0xa1 .\CortexM0\ARM_GCC_541\Release\Lab3_Var6_Task1.a(LED_BLUE.o)
 .debug_loc     0x00001380       0xa1 .\CortexM0\ARM_GCC_541\Release\Lab3_Var6_Task1.a(LED_RED.o)
 .debug_loc     0x00001421      0x141 .\CortexM0\ARM_GCC_541\Release\Lab3_Var6_Task1.a(SW_Tx_UART.o)
 .debug_loc     0x00001562       0x5f .\CortexM0\ARM_GCC_541\Release\Lab3_Var6_Task1.a(COLUMN_0.o)
 .debug_loc     0x000015c1       0xa1 .\CortexM0\ARM_GCC_541\Release\Lab3_Var6_Task1.a(COLUMN_1.o)
 .debug_loc     0x00001662       0x5f .\CortexM0\ARM_GCC_541\Release\Lab3_Var6_Task1.a(COLUMN_2.o)
 .debug_loc     0x000016c1       0xa1 .\CortexM0\ARM_GCC_541\Release\Lab3_Var6_Task1.a(ROW_0.o)
 .debug_loc     0x00001762       0xa1 .\CortexM0\ARM_GCC_541\Release\Lab3_Var6_Task1.a(ROW_1.o)
 .debug_loc     0x00001803       0xa1 .\CortexM0\ARM_GCC_541\Release\Lab3_Var6_Task1.a(ROW_2.o)
 .debug_loc     0x000018a4       0xa1 .\CortexM0\ARM_GCC_541\Release\Lab3_Var6_Task1.a(ROW_3.o)

.debug_macinfo
 *(.debug_macinfo)

.debug_ranges   0x00000000      0x690
 *(.debug_ranges)
 .debug_ranges  0x00000000       0x30 .\CortexM0\ARM_GCC_541\Release\main.o
 .debug_ranges  0x00000030       0x68 .\CortexM0\ARM_GCC_541\Release\cyfitter_cfg.o
 .debug_ranges  0x00000098       0x50 .\CortexM0\ARM_GCC_541\Release\Cm0Start.o
 .debug_ranges  0x000000e8      0x1a8 .\CortexM0\ARM_GCC_541\Release\Lab3_Var6_Task1.a(CyLib.o)
 .debug_ranges  0x00000290      0x198 .\CortexM0\ARM_GCC_541\Release\Lab3_Var6_Task1.a(CyLFClk.o)
 .debug_ranges  0x00000428       0x38 .\CortexM0\ARM_GCC_541\Release\Lab3_Var6_Task1.a(LED_GREEN.o)
 .debug_ranges  0x00000460       0x38 .\CortexM0\ARM_GCC_541\Release\Lab3_Var6_Task1.a(LED_BLUE.o)
 .debug_ranges  0x00000498       0x38 .\CortexM0\ARM_GCC_541\Release\Lab3_Var6_Task1.a(LED_RED.o)
 .debug_ranges  0x000004d0       0x38 .\CortexM0\ARM_GCC_541\Release\Lab3_Var6_Task1.a(SW_Tx_UART.o)
 .debug_ranges  0x00000508       0x38 .\CortexM0\ARM_GCC_541\Release\Lab3_Var6_Task1.a(COLUMN_0.o)
 .debug_ranges  0x00000540       0x38 .\CortexM0\ARM_GCC_541\Release\Lab3_Var6_Task1.a(COLUMN_1.o)
 .debug_ranges  0x00000578       0x38 .\CortexM0\ARM_GCC_541\Release\Lab3_Var6_Task1.a(COLUMN_2.o)
 .debug_ranges  0x000005b0       0x38 .\CortexM0\ARM_GCC_541\Release\Lab3_Var6_Task1.a(ROW_0.o)
 .debug_ranges  0x000005e8       0x38 .\CortexM0\ARM_GCC_541\Release\Lab3_Var6_Task1.a(ROW_1.o)
 .debug_ranges  0x00000620       0x38 .\CortexM0\ARM_GCC_541\Release\Lab3_Var6_Task1.a(ROW_2.o)
 .debug_ranges  0x00000658       0x38 .\CortexM0\ARM_GCC_541\Release\Lab3_Var6_Task1.a(ROW_3.o)

.comment        0x00000000       0x6e
 .comment       0x00000000       0x6e .\CortexM0\ARM_GCC_541\Release\main.o
                                 0x6f (size before relaxing)
 .comment       0x0000006e       0x6f .\CortexM0\ARM_GCC_541\Release\cyfitter_cfg.o
 .comment       0x0000006e       0x6f .\CortexM0\ARM_GCC_541\Release\cymetadata.o
 .comment       0x0000006e       0x6f .\CortexM0\ARM_GCC_541\Release\Cm0Start.o
 .comment       0x0000006e       0x6f .\CortexM0\ARM_GCC_541\Release\Lab3_Var6_Task1.a(CyLib.o)
 .comment       0x0000006e       0x6f .\CortexM0\ARM_GCC_541\Release\Lab3_Var6_Task1.a(CyLFClk.o)
 .comment       0x0000006e       0x6f .\CortexM0\ARM_GCC_541\Release\Lab3_Var6_Task1.a(LED_GREEN.o)
 .comment       0x0000006e       0x6f .\CortexM0\ARM_GCC_541\Release\Lab3_Var6_Task1.a(LED_BLUE.o)
 .comment       0x0000006e       0x6f .\CortexM0\ARM_GCC_541\Release\Lab3_Var6_Task1.a(LED_RED.o)
 .comment       0x0000006e       0x6f .\CortexM0\ARM_GCC_541\Release\Lab3_Var6_Task1.a(SW_Tx_UART.o)
 .comment       0x0000006e       0x6f .\CortexM0\ARM_GCC_541\Release\Lab3_Var6_Task1.a(COLUMN_0.o)
 .comment       0x0000006e       0x6f .\CortexM0\ARM_GCC_541\Release\Lab3_Var6_Task1.a(COLUMN_1.o)
 .comment       0x0000006e       0x6f .\CortexM0\ARM_GCC_541\Release\Lab3_Var6_Task1.a(COLUMN_2.o)
 .comment       0x0000006e       0x6f .\CortexM0\ARM_GCC_541\Release\Lab3_Var6_Task1.a(ROW_0.o)
 .comment       0x0000006e       0x6f .\CortexM0\ARM_GCC_541\Release\Lab3_Var6_Task1.a(ROW_1.o)
 .comment       0x0000006e       0x6f .\CortexM0\ARM_GCC_541\Release\Lab3_Var6_Task1.a(ROW_2.o)
 .comment       0x0000006e       0x6f .\CortexM0\ARM_GCC_541\Release\Lab3_Var6_Task1.a(ROW_3.o)

.debug_weaknames
 *(.debug_weaknames)

.debug_funcnames
 *(.debug_funcnames)

.debug_typenames
 *(.debug_typenames)

.debug_varnames
 *(.debug_varnames)

.note.gnu.arm.ident
 *(.note.gnu.arm.ident)

.ARM.attributes
                0x00000000       0x28
 *(.ARM.attributes)
 .ARM.attributes
                0x00000000       0x1e c:/program files (x86)/cypress/psoc creator/4.4/psoc creator/import/gnu/arm/5.4.1/bin/../lib/gcc/arm-none-eabi/5.4.1/armv6-m/crti.o
 .ARM.attributes
                0x0000001e       0x2c c:/program files (x86)/cypress/psoc creator/4.4/psoc creator/import/gnu/arm/5.4.1/bin/../lib/gcc/arm-none-eabi/5.4.1/armv6-m/crtbegin.o
 .ARM.attributes
                0x0000004a       0x1b c:/program files (x86)/cypress/psoc creator/4.4/psoc creator/import/gnu/arm/5.4.1/bin/../lib/gcc/arm-none-eabi/5.4.1/../../../../arm-none-eabi/lib/armv6-m/crt0.o
 .ARM.attributes
                0x00000065       0x31 .\CortexM0\ARM_GCC_541\Release\main.o
 .ARM.attributes
                0x00000096       0x31 .\CortexM0\ARM_GCC_541\Release\cyfitter_cfg.o
 .ARM.attributes
                0x000000c7       0x31 .\CortexM0\ARM_GCC_541\Release\cymetadata.o
 .ARM.attributes
                0x000000f8       0x31 .\CortexM0\ARM_GCC_541\Release\Cm0Start.o
 .ARM.attributes
                0x00000129       0x31 .\CortexM0\ARM_GCC_541\Release\Lab3_Var6_Task1.a(CyLib.o)
 .ARM.attributes
                0x0000015a       0x31 .\CortexM0\ARM_GCC_541\Release\Lab3_Var6_Task1.a(CyLFClk.o)
 .ARM.attributes
                0x0000018b       0x31 .\CortexM0\ARM_GCC_541\Release\Lab3_Var6_Task1.a(LED_GREEN.o)
 .ARM.attributes
                0x000001bc       0x31 .\CortexM0\ARM_GCC_541\Release\Lab3_Var6_Task1.a(LED_BLUE.o)
 .ARM.attributes
                0x000001ed       0x31 .\CortexM0\ARM_GCC_541\Release\Lab3_Var6_Task1.a(LED_RED.o)
 .ARM.attributes
                0x0000021e       0x31 .\CortexM0\ARM_GCC_541\Release\Lab3_Var6_Task1.a(SW_Tx_UART.o)
 .ARM.attributes
                0x0000024f       0x31 .\CortexM0\ARM_GCC_541\Release\Lab3_Var6_Task1.a(COLUMN_0.o)
 .ARM.attributes
                0x00000280       0x31 .\CortexM0\ARM_GCC_541\Release\Lab3_Var6_Task1.a(COLUMN_1.o)
 .ARM.attributes
                0x000002b1       0x31 .\CortexM0\ARM_GCC_541\Release\Lab3_Var6_Task1.a(COLUMN_2.o)
 .ARM.attributes
                0x000002e2       0x31 .\CortexM0\ARM_GCC_541\Release\Lab3_Var6_Task1.a(ROW_0.o)
 .ARM.attributes
                0x00000313       0x31 .\CortexM0\ARM_GCC_541\Release\Lab3_Var6_Task1.a(ROW_1.o)
 .ARM.attributes
                0x00000344       0x31 .\CortexM0\ARM_GCC_541\Release\Lab3_Var6_Task1.a(ROW_2.o)
 .ARM.attributes
                0x00000375       0x31 .\CortexM0\ARM_GCC_541\Release\Lab3_Var6_Task1.a(ROW_3.o)
 .ARM.attributes
                0x000003a6       0x21 .\CortexM0\ARM_GCC_541\Release\Lab3_Var6_Task1.a(CyBootAsmGnu.o)
 .ARM.attributes
                0x000003c7       0x21 .\CortexM0\ARM_GCC_541\Release\Lab3_Var6_Task1.a(SW_Tx_UART_AsmGnu.o)
 .ARM.attributes
                0x000003e8       0x1e c:/program files (x86)/cypress/psoc creator/4.4/psoc creator/import/gnu/arm/5.4.1/bin/../lib/gcc/arm-none-eabi/5.4.1/armv6-m\libgcc.a(_thumb1_case_uqi.o)
 .ARM.attributes
                0x00000406       0x1e c:/program files (x86)/cypress/psoc creator/4.4/psoc creator/import/gnu/arm/5.4.1/bin/../lib/gcc/arm-none-eabi/5.4.1/armv6-m\libgcc.a(_udivsi3.o)
 .ARM.attributes
                0x00000424       0x1e c:/program files (x86)/cypress/psoc creator/4.4/psoc creator/import/gnu/arm/5.4.1/bin/../lib/gcc/arm-none-eabi/5.4.1/armv6-m\libgcc.a(_dvmd_tls.o)
 .ARM.attributes
                0x00000442       0x2c c:/program files (x86)/cypress/psoc creator/4.4/psoc creator/import/gnu/arm/5.4.1/bin/../lib/gcc/arm-none-eabi/5.4.1/../../../../arm-none-eabi/lib/armv6-m\libg_nano.a(lib_a-errno.o)
 .ARM.attributes
                0x0000046e       0x2c c:/program files (x86)/cypress/psoc creator/4.4/psoc creator/import/gnu/arm/5.4.1/bin/../lib/gcc/arm-none-eabi/5.4.1/../../../../arm-none-eabi/lib/armv6-m\libg_nano.a(lib_a-exit.o)
 .ARM.attributes
                0x0000049a       0x2c c:/program files (x86)/cypress/psoc creator/4.4/psoc creator/import/gnu/arm/5.4.1/bin/../lib/gcc/arm-none-eabi/5.4.1/../../../../arm-none-eabi/lib/armv6-m\libg_nano.a(lib_a-impure.o)
 .ARM.attributes
                0x000004c6       0x2c c:/program files (x86)/cypress/psoc creator/4.4/psoc creator/import/gnu/arm/5.4.1/bin/../lib/gcc/arm-none-eabi/5.4.1/../../../../arm-none-eabi/lib/armv6-m\libg_nano.a(lib_a-init.o)
 .ARM.attributes
                0x000004f2       0x2c c:/program files (x86)/cypress/psoc creator/4.4/psoc creator/import/gnu/arm/5.4.1/bin/../lib/gcc/arm-none-eabi/5.4.1/../../../../arm-none-eabi/lib/armv6-m\libg_nano.a(lib_a-memset.o)
 .ARM.attributes
                0x0000051e       0x2c c:/program files (x86)/cypress/psoc creator/4.4/psoc creator/import/gnu/arm/5.4.1/bin/../lib/gcc/arm-none-eabi/5.4.1/armv6-m/crtend.o
 .ARM.attributes
                0x0000054a       0x1e c:/program files (x86)/cypress/psoc creator/4.4/psoc creator/import/gnu/arm/5.4.1/bin/../lib/gcc/arm-none-eabi/5.4.1/armv6-m/crtn.o

/DISCARD/
 *(.note.GNU-stack)
OUTPUT(C:\Users\STUDENT\Documents\PSoC Creator\Lab1\Lab3_Var6_Task1.cydsn\CortexM0\ARM_GCC_541\Release\Lab3_Var6_Task1.elf elf32-littlearm)
