ARM GAS  C:\Users\STUDENT\AppData\Local\Temp\ccTfkKa4.s 			page 1


   1              		.syntax unified
   2              		.cpu cortex-m0
   3              		.fpu softvfp
   4              		.eabi_attribute 20, 1
   5              		.eabi_attribute 21, 1
   6              		.eabi_attribute 23, 3
   7              		.eabi_attribute 24, 1
   8              		.eabi_attribute 25, 1
   9              		.eabi_attribute 26, 1
  10              		.eabi_attribute 30, 4
  11              		.eabi_attribute 34, 0
  12              		.eabi_attribute 18, 4
  13              		.thumb
  14              		.syntax unified
  15              		.file	"cyfitter_cfg.c"
  16              		.text
  17              	.Ltext0:
  18              		.cfi_sections	.debug_frame
  19              		.section	.psocinit,"ax",%progbits
  20              		.align	1
  21              		.global	cyfitter_cfg
  22              		.code	16
  23              		.thumb_func
  24              		.type	cyfitter_cfg, %function
  25              	cyfitter_cfg:
  26              	.LFB5:
  27              		.file 1 "Generated_Source\\PSoC4\\cyfitter_cfg.c"
   1:Generated_Source\PSoC4/cyfitter_cfg.c **** 
   2:Generated_Source\PSoC4/cyfitter_cfg.c **** /*******************************************************************************
   3:Generated_Source\PSoC4/cyfitter_cfg.c **** * File Name: cyfitter_cfg.c
   4:Generated_Source\PSoC4/cyfitter_cfg.c **** * 
   5:Generated_Source\PSoC4/cyfitter_cfg.c **** * PSoC Creator  4.4
   6:Generated_Source\PSoC4/cyfitter_cfg.c **** *
   7:Generated_Source\PSoC4/cyfitter_cfg.c **** * Description:
   8:Generated_Source\PSoC4/cyfitter_cfg.c **** * This file contains device initialization code.
   9:Generated_Source\PSoC4/cyfitter_cfg.c **** * Except for the user defined sections in CyClockStartupError(), this file should not be modified.
  10:Generated_Source\PSoC4/cyfitter_cfg.c **** * This file is automatically generated by PSoC Creator.
  11:Generated_Source\PSoC4/cyfitter_cfg.c **** *
  12:Generated_Source\PSoC4/cyfitter_cfg.c **** ********************************************************************************
  13:Generated_Source\PSoC4/cyfitter_cfg.c **** * Copyright (c) 2007-2020 Cypress Semiconductor.  All rights reserved.
  14:Generated_Source\PSoC4/cyfitter_cfg.c **** * You may use this file only in accordance with the license, terms, conditions, 
  15:Generated_Source\PSoC4/cyfitter_cfg.c **** * disclaimers, and limitations in the end user license agreement accompanying 
  16:Generated_Source\PSoC4/cyfitter_cfg.c **** * the software package with which this file was provided.
  17:Generated_Source\PSoC4/cyfitter_cfg.c **** ********************************************************************************/
  18:Generated_Source\PSoC4/cyfitter_cfg.c **** 
  19:Generated_Source\PSoC4/cyfitter_cfg.c **** #include <string.h>
  20:Generated_Source\PSoC4/cyfitter_cfg.c **** #include "cytypes.h"
  21:Generated_Source\PSoC4/cyfitter_cfg.c **** #include "cydevice_trm.h"
  22:Generated_Source\PSoC4/cyfitter_cfg.c **** #include "cyfitter.h"
  23:Generated_Source\PSoC4/cyfitter_cfg.c **** #include "CyLib.h"
  24:Generated_Source\PSoC4/cyfitter_cfg.c **** #include "CyLFClk.h"
  25:Generated_Source\PSoC4/cyfitter_cfg.c **** #include "cyfitter_cfg.h"
  26:Generated_Source\PSoC4/cyfitter_cfg.c **** #include "cyapicallbacks.h"
  27:Generated_Source\PSoC4/cyfitter_cfg.c **** 
  28:Generated_Source\PSoC4/cyfitter_cfg.c **** 
  29:Generated_Source\PSoC4/cyfitter_cfg.c **** #if defined(__GNUC__) || defined(__ARMCC_VERSION)
  30:Generated_Source\PSoC4/cyfitter_cfg.c ****     #define CYPACKED 
ARM GAS  C:\Users\STUDENT\AppData\Local\Temp\ccTfkKa4.s 			page 2


  31:Generated_Source\PSoC4/cyfitter_cfg.c ****     #define CYPACKED_ATTR __attribute__ ((packed))
  32:Generated_Source\PSoC4/cyfitter_cfg.c ****     #define CYALIGNED __attribute__ ((aligned))
  33:Generated_Source\PSoC4/cyfitter_cfg.c ****     #define CY_CFG_UNUSED __attribute__ ((unused))
  34:Generated_Source\PSoC4/cyfitter_cfg.c ****     #ifndef CY_CFG_SECTION
  35:Generated_Source\PSoC4/cyfitter_cfg.c ****         #define CY_CFG_SECTION __attribute__ ((section(".psocinit")))
  36:Generated_Source\PSoC4/cyfitter_cfg.c ****     #endif
  37:Generated_Source\PSoC4/cyfitter_cfg.c ****     
  38:Generated_Source\PSoC4/cyfitter_cfg.c ****     #if defined(__ARMCC_VERSION)
  39:Generated_Source\PSoC4/cyfitter_cfg.c ****         #define CY_CFG_MEMORY_BARRIER() __memory_changed()
  40:Generated_Source\PSoC4/cyfitter_cfg.c ****     #else
  41:Generated_Source\PSoC4/cyfitter_cfg.c ****         #define CY_CFG_MEMORY_BARRIER() __sync_synchronize()
  42:Generated_Source\PSoC4/cyfitter_cfg.c ****     #endif
  43:Generated_Source\PSoC4/cyfitter_cfg.c ****     
  44:Generated_Source\PSoC4/cyfitter_cfg.c **** #elif defined(__ICCARM__)
  45:Generated_Source\PSoC4/cyfitter_cfg.c ****     #include <intrinsics.h>
  46:Generated_Source\PSoC4/cyfitter_cfg.c **** 
  47:Generated_Source\PSoC4/cyfitter_cfg.c ****     #define CYPACKED __packed
  48:Generated_Source\PSoC4/cyfitter_cfg.c ****     #define CYPACKED_ATTR 
  49:Generated_Source\PSoC4/cyfitter_cfg.c ****     #define CYALIGNED _Pragma("data_alignment=4")
  50:Generated_Source\PSoC4/cyfitter_cfg.c ****     #define CY_CFG_UNUSED _Pragma("diag_suppress=Pe177")
  51:Generated_Source\PSoC4/cyfitter_cfg.c ****     #define CY_CFG_SECTION _Pragma("location=\".psocinit\"")
  52:Generated_Source\PSoC4/cyfitter_cfg.c ****     
  53:Generated_Source\PSoC4/cyfitter_cfg.c ****     #define CY_CFG_MEMORY_BARRIER() __DMB()
  54:Generated_Source\PSoC4/cyfitter_cfg.c ****     
  55:Generated_Source\PSoC4/cyfitter_cfg.c **** #else
  56:Generated_Source\PSoC4/cyfitter_cfg.c ****     #error Unsupported toolchain
  57:Generated_Source\PSoC4/cyfitter_cfg.c **** #endif
  58:Generated_Source\PSoC4/cyfitter_cfg.c **** 
  59:Generated_Source\PSoC4/cyfitter_cfg.c **** #ifndef CYCODE
  60:Generated_Source\PSoC4/cyfitter_cfg.c ****     #define CYCODE
  61:Generated_Source\PSoC4/cyfitter_cfg.c **** #endif
  62:Generated_Source\PSoC4/cyfitter_cfg.c **** #ifndef CYDATA
  63:Generated_Source\PSoC4/cyfitter_cfg.c ****     #define CYDATA
  64:Generated_Source\PSoC4/cyfitter_cfg.c **** #endif
  65:Generated_Source\PSoC4/cyfitter_cfg.c **** #ifndef CYFAR
  66:Generated_Source\PSoC4/cyfitter_cfg.c ****     #define CYFAR
  67:Generated_Source\PSoC4/cyfitter_cfg.c **** #endif
  68:Generated_Source\PSoC4/cyfitter_cfg.c **** #ifndef CYXDATA
  69:Generated_Source\PSoC4/cyfitter_cfg.c ****     #define CYXDATA
  70:Generated_Source\PSoC4/cyfitter_cfg.c **** #endif
  71:Generated_Source\PSoC4/cyfitter_cfg.c **** 
  72:Generated_Source\PSoC4/cyfitter_cfg.c **** 
  73:Generated_Source\PSoC4/cyfitter_cfg.c **** CY_CFG_UNUSED
  74:Generated_Source\PSoC4/cyfitter_cfg.c **** static void CYMEMZERO(void *s, size_t n);
  75:Generated_Source\PSoC4/cyfitter_cfg.c **** CY_CFG_UNUSED
  76:Generated_Source\PSoC4/cyfitter_cfg.c **** static void CYMEMZERO(void *s, size_t n)
  77:Generated_Source\PSoC4/cyfitter_cfg.c **** {
  78:Generated_Source\PSoC4/cyfitter_cfg.c **** 	(void)memset(s, 0, n);
  79:Generated_Source\PSoC4/cyfitter_cfg.c **** }
  80:Generated_Source\PSoC4/cyfitter_cfg.c **** CY_CFG_UNUSED
  81:Generated_Source\PSoC4/cyfitter_cfg.c **** static void CYCONFIGCPY(void *dest, const void *src, size_t n);
  82:Generated_Source\PSoC4/cyfitter_cfg.c **** CY_CFG_UNUSED
  83:Generated_Source\PSoC4/cyfitter_cfg.c **** static void CYCONFIGCPY(void *dest, const void *src, size_t n)
  84:Generated_Source\PSoC4/cyfitter_cfg.c **** {
  85:Generated_Source\PSoC4/cyfitter_cfg.c **** 	(void)memcpy(dest, src, n);
  86:Generated_Source\PSoC4/cyfitter_cfg.c **** }
  87:Generated_Source\PSoC4/cyfitter_cfg.c **** CY_CFG_UNUSED
ARM GAS  C:\Users\STUDENT\AppData\Local\Temp\ccTfkKa4.s 			page 3


  88:Generated_Source\PSoC4/cyfitter_cfg.c **** static void CYCONFIGCPYCODE(void *dest, const void *src, size_t n);
  89:Generated_Source\PSoC4/cyfitter_cfg.c **** CY_CFG_UNUSED
  90:Generated_Source\PSoC4/cyfitter_cfg.c **** static void CYCONFIGCPYCODE(void *dest, const void *src, size_t n)
  91:Generated_Source\PSoC4/cyfitter_cfg.c **** {
  92:Generated_Source\PSoC4/cyfitter_cfg.c **** 	(void)memcpy(dest, src, n);
  93:Generated_Source\PSoC4/cyfitter_cfg.c **** }
  94:Generated_Source\PSoC4/cyfitter_cfg.c **** 
  95:Generated_Source\PSoC4/cyfitter_cfg.c **** 
  96:Generated_Source\PSoC4/cyfitter_cfg.c **** 
  97:Generated_Source\PSoC4/cyfitter_cfg.c **** 
  98:Generated_Source\PSoC4/cyfitter_cfg.c **** /* Clock startup error codes                                                   */
  99:Generated_Source\PSoC4/cyfitter_cfg.c **** #define CYCLOCKSTART_NO_ERROR    0u
 100:Generated_Source\PSoC4/cyfitter_cfg.c **** #define CYCLOCKSTART_XTAL_ERROR  1u
 101:Generated_Source\PSoC4/cyfitter_cfg.c **** #define CYCLOCKSTART_32KHZ_ERROR 2u
 102:Generated_Source\PSoC4/cyfitter_cfg.c **** #define CYCLOCKSTART_PLL_ERROR   3u
 103:Generated_Source\PSoC4/cyfitter_cfg.c **** #define CYCLOCKSTART_FLL_ERROR   4u
 104:Generated_Source\PSoC4/cyfitter_cfg.c **** #define CYCLOCKSTART_WCO_ERROR   5u
 105:Generated_Source\PSoC4/cyfitter_cfg.c **** 
 106:Generated_Source\PSoC4/cyfitter_cfg.c **** 
 107:Generated_Source\PSoC4/cyfitter_cfg.c **** #ifdef CY_NEED_CYCLOCKSTARTUPERROR
 108:Generated_Source\PSoC4/cyfitter_cfg.c **** /*******************************************************************************
 109:Generated_Source\PSoC4/cyfitter_cfg.c **** * Function Name: CyClockStartupError
 110:Generated_Source\PSoC4/cyfitter_cfg.c **** ********************************************************************************
 111:Generated_Source\PSoC4/cyfitter_cfg.c **** * Summary:
 112:Generated_Source\PSoC4/cyfitter_cfg.c **** *  If an error is encountered during clock configuration (crystal startup error,
 113:Generated_Source\PSoC4/cyfitter_cfg.c **** *  PLL lock error, etc.), the system will end up here.  Unless reimplemented by
 114:Generated_Source\PSoC4/cyfitter_cfg.c **** *  the customer, this function will stop in an infinite loop.
 115:Generated_Source\PSoC4/cyfitter_cfg.c **** *
 116:Generated_Source\PSoC4/cyfitter_cfg.c **** * Parameters:
 117:Generated_Source\PSoC4/cyfitter_cfg.c **** *   void
 118:Generated_Source\PSoC4/cyfitter_cfg.c **** *
 119:Generated_Source\PSoC4/cyfitter_cfg.c **** * Return:
 120:Generated_Source\PSoC4/cyfitter_cfg.c **** *   void
 121:Generated_Source\PSoC4/cyfitter_cfg.c **** *
 122:Generated_Source\PSoC4/cyfitter_cfg.c **** *******************************************************************************/
 123:Generated_Source\PSoC4/cyfitter_cfg.c **** CY_CFG_UNUSED
 124:Generated_Source\PSoC4/cyfitter_cfg.c **** static void CyClockStartupError(uint8 errorCode);
 125:Generated_Source\PSoC4/cyfitter_cfg.c **** CY_CFG_UNUSED
 126:Generated_Source\PSoC4/cyfitter_cfg.c **** static void CyClockStartupError(uint8 errorCode)
 127:Generated_Source\PSoC4/cyfitter_cfg.c **** {
 128:Generated_Source\PSoC4/cyfitter_cfg.c ****     /* To remove the compiler warning if errorCode not used.                */
 129:Generated_Source\PSoC4/cyfitter_cfg.c ****     errorCode = errorCode;
 130:Generated_Source\PSoC4/cyfitter_cfg.c **** 
 131:Generated_Source\PSoC4/cyfitter_cfg.c ****     /* If we have a clock startup error (bad MHz crystal, PLL lock, etc.),  */
 132:Generated_Source\PSoC4/cyfitter_cfg.c ****     /* we will end up here to allow the customer to implement something to  */
 133:Generated_Source\PSoC4/cyfitter_cfg.c ****     /* deal with the clock condition.                                       */
 134:Generated_Source\PSoC4/cyfitter_cfg.c **** 
 135:Generated_Source\PSoC4/cyfitter_cfg.c **** #ifdef CY_CFG_CLOCK_STARTUP_ERROR_CALLBACK
 136:Generated_Source\PSoC4/cyfitter_cfg.c ****     CY_CFG_Clock_Startup_ErrorCallback();
 137:Generated_Source\PSoC4/cyfitter_cfg.c **** #else
 138:Generated_Source\PSoC4/cyfitter_cfg.c ****     /*  If not using CY_CFG_CLOCK_STARTUP_ERROR_CALLBACK, place your clock startup code here. */
 139:Generated_Source\PSoC4/cyfitter_cfg.c ****     /* `#START CyClockStartupError` */
 140:Generated_Source\PSoC4/cyfitter_cfg.c **** 
 141:Generated_Source\PSoC4/cyfitter_cfg.c **** 
 142:Generated_Source\PSoC4/cyfitter_cfg.c **** 
 143:Generated_Source\PSoC4/cyfitter_cfg.c ****     /* `#END` */
 144:Generated_Source\PSoC4/cyfitter_cfg.c **** 
ARM GAS  C:\Users\STUDENT\AppData\Local\Temp\ccTfkKa4.s 			page 4


 145:Generated_Source\PSoC4/cyfitter_cfg.c ****     while(1) {}
 146:Generated_Source\PSoC4/cyfitter_cfg.c **** #endif /* CY_CFG_CLOCK_STARTUP_ERROR_CALLBACK */
 147:Generated_Source\PSoC4/cyfitter_cfg.c **** }
 148:Generated_Source\PSoC4/cyfitter_cfg.c **** #endif
 149:Generated_Source\PSoC4/cyfitter_cfg.c **** 
 150:Generated_Source\PSoC4/cyfitter_cfg.c **** 
 151:Generated_Source\PSoC4/cyfitter_cfg.c **** 
 152:Generated_Source\PSoC4/cyfitter_cfg.c **** /*******************************************************************************
 153:Generated_Source\PSoC4/cyfitter_cfg.c **** * Function Name: ClockSetup
 154:Generated_Source\PSoC4/cyfitter_cfg.c **** ********************************************************************************
 155:Generated_Source\PSoC4/cyfitter_cfg.c **** *
 156:Generated_Source\PSoC4/cyfitter_cfg.c **** * Summary:
 157:Generated_Source\PSoC4/cyfitter_cfg.c **** *   Performs the initialization of all of the clocks in the device based on the
 158:Generated_Source\PSoC4/cyfitter_cfg.c **** *   settings in the Clock tab of the DWR.  This includes enabling the requested
 159:Generated_Source\PSoC4/cyfitter_cfg.c **** *   clocks and setting the necessary dividers to produce the desired frequency. 
 160:Generated_Source\PSoC4/cyfitter_cfg.c **** *
 161:Generated_Source\PSoC4/cyfitter_cfg.c **** * Parameters:
 162:Generated_Source\PSoC4/cyfitter_cfg.c **** *   void
 163:Generated_Source\PSoC4/cyfitter_cfg.c **** *
 164:Generated_Source\PSoC4/cyfitter_cfg.c **** * Return:
 165:Generated_Source\PSoC4/cyfitter_cfg.c **** *   void
 166:Generated_Source\PSoC4/cyfitter_cfg.c **** *
 167:Generated_Source\PSoC4/cyfitter_cfg.c **** *******************************************************************************/
 168:Generated_Source\PSoC4/cyfitter_cfg.c **** static void ClockSetup(void);
 169:Generated_Source\PSoC4/cyfitter_cfg.c **** CY_CFG_SECTION
 170:Generated_Source\PSoC4/cyfitter_cfg.c **** static void ClockSetup(void)
 171:Generated_Source\PSoC4/cyfitter_cfg.c **** {
 172:Generated_Source\PSoC4/cyfitter_cfg.c **** 	/* Enable HALF_EN before trimming for the flash accelerator. */
 173:Generated_Source\PSoC4/cyfitter_cfg.c **** 	CY_SET_REG32((void CYXDATA *)(CYREG_CLK_SELECT), (CY_GET_REG32((void *)CYREG_CLK_SELECT) | 0x00040
 174:Generated_Source\PSoC4/cyfitter_cfg.c **** 
 175:Generated_Source\PSoC4/cyfitter_cfg.c **** 	/* Setup and trim IMO based on desired frequency. */
 176:Generated_Source\PSoC4/cyfitter_cfg.c **** 	CySysClkWriteImoFreq(24u);
 177:Generated_Source\PSoC4/cyfitter_cfg.c **** 
 178:Generated_Source\PSoC4/cyfitter_cfg.c **** 	/* Disable HALF_EN since it is not required at this IMO frequency. */
 179:Generated_Source\PSoC4/cyfitter_cfg.c **** 	CY_SET_REG32((void CYXDATA *)(CYREG_CLK_SELECT), (CY_GET_REG32((void *)CYREG_CLK_SELECT) & 0xFFFBF
 180:Generated_Source\PSoC4/cyfitter_cfg.c **** 	/* CYDEV_CLK_ILO_CONFIG Starting address: CYDEV_CLK_ILO_CONFIG */
 181:Generated_Source\PSoC4/cyfitter_cfg.c **** 	CY_SET_REG32((void *)(CYREG_CLK_ILO_CONFIG), 0x80000006u);
 182:Generated_Source\PSoC4/cyfitter_cfg.c **** 
 183:Generated_Source\PSoC4/cyfitter_cfg.c **** 
 184:Generated_Source\PSoC4/cyfitter_cfg.c **** 	/* CYDEV_CLK_IMO_CONFIG Starting address: CYDEV_CLK_IMO_CONFIG */
 185:Generated_Source\PSoC4/cyfitter_cfg.c **** 	CY_SET_REG32((void *)(CYREG_CLK_IMO_CONFIG), 0x80000000u);
 186:Generated_Source\PSoC4/cyfitter_cfg.c **** 
 187:Generated_Source\PSoC4/cyfitter_cfg.c **** 	/* CYDEV_CLK_SELECT Starting address: CYDEV_CLK_SELECT */
 188:Generated_Source\PSoC4/cyfitter_cfg.c **** 	CY_SET_REG32((void *)(CYREG_CLK_SELECT), 0x00000000u);
 189:Generated_Source\PSoC4/cyfitter_cfg.c **** 
 190:Generated_Source\PSoC4/cyfitter_cfg.c **** 	(void)CyIntSetVector(9u, &CySysWdtIsr);
 191:Generated_Source\PSoC4/cyfitter_cfg.c **** 	CyIntEnable(9u);
 192:Generated_Source\PSoC4/cyfitter_cfg.c **** 	CY_SET_REG32((void *)(CYREG_WDT_CONFIG), 0x00000000u);
 193:Generated_Source\PSoC4/cyfitter_cfg.c **** }
 194:Generated_Source\PSoC4/cyfitter_cfg.c **** 
 195:Generated_Source\PSoC4/cyfitter_cfg.c **** 
 196:Generated_Source\PSoC4/cyfitter_cfg.c **** /* Analog API Functions */
 197:Generated_Source\PSoC4/cyfitter_cfg.c **** 
 198:Generated_Source\PSoC4/cyfitter_cfg.c **** 
 199:Generated_Source\PSoC4/cyfitter_cfg.c **** /*******************************************************************************
 200:Generated_Source\PSoC4/cyfitter_cfg.c **** * Function Name: AnalogSetDefault
 201:Generated_Source\PSoC4/cyfitter_cfg.c **** ********************************************************************************
ARM GAS  C:\Users\STUDENT\AppData\Local\Temp\ccTfkKa4.s 			page 5


 202:Generated_Source\PSoC4/cyfitter_cfg.c **** *
 203:Generated_Source\PSoC4/cyfitter_cfg.c **** * Summary:
 204:Generated_Source\PSoC4/cyfitter_cfg.c **** *  Sets up the analog portions of the chip to default values based on chip
 205:Generated_Source\PSoC4/cyfitter_cfg.c **** *  configuration options from the project.
 206:Generated_Source\PSoC4/cyfitter_cfg.c **** *
 207:Generated_Source\PSoC4/cyfitter_cfg.c **** * Parameters:
 208:Generated_Source\PSoC4/cyfitter_cfg.c **** *  void
 209:Generated_Source\PSoC4/cyfitter_cfg.c **** *
 210:Generated_Source\PSoC4/cyfitter_cfg.c **** * Return:
 211:Generated_Source\PSoC4/cyfitter_cfg.c **** *  void
 212:Generated_Source\PSoC4/cyfitter_cfg.c **** *
 213:Generated_Source\PSoC4/cyfitter_cfg.c **** *******************************************************************************/
 214:Generated_Source\PSoC4/cyfitter_cfg.c **** static void AnalogSetDefault(void);
 215:Generated_Source\PSoC4/cyfitter_cfg.c **** static void AnalogSetDefault(void)
 216:Generated_Source\PSoC4/cyfitter_cfg.c **** {
 217:Generated_Source\PSoC4/cyfitter_cfg.c **** }
 218:Generated_Source\PSoC4/cyfitter_cfg.c **** 
 219:Generated_Source\PSoC4/cyfitter_cfg.c **** 
 220:Generated_Source\PSoC4/cyfitter_cfg.c **** 
 221:Generated_Source\PSoC4/cyfitter_cfg.c **** 
 222:Generated_Source\PSoC4/cyfitter_cfg.c **** /*******************************************************************************
 223:Generated_Source\PSoC4/cyfitter_cfg.c **** * Function Name: cyfitter_cfg
 224:Generated_Source\PSoC4/cyfitter_cfg.c **** ********************************************************************************
 225:Generated_Source\PSoC4/cyfitter_cfg.c **** * Summary:
 226:Generated_Source\PSoC4/cyfitter_cfg.c **** *  This function is called by the start-up code for the selected device. It
 227:Generated_Source\PSoC4/cyfitter_cfg.c **** *  performs all of the necessary device configuration based on the design
 228:Generated_Source\PSoC4/cyfitter_cfg.c **** *  settings.  This includes settings from the Design Wide Resources (DWR) such
 229:Generated_Source\PSoC4/cyfitter_cfg.c **** *  as Clocks and Pins as well as any component configuration that is necessary.
 230:Generated_Source\PSoC4/cyfitter_cfg.c **** *
 231:Generated_Source\PSoC4/cyfitter_cfg.c **** * Parameters:
 232:Generated_Source\PSoC4/cyfitter_cfg.c **** *   void
 233:Generated_Source\PSoC4/cyfitter_cfg.c **** *
 234:Generated_Source\PSoC4/cyfitter_cfg.c **** * Return:
 235:Generated_Source\PSoC4/cyfitter_cfg.c **** *   void
 236:Generated_Source\PSoC4/cyfitter_cfg.c **** *
 237:Generated_Source\PSoC4/cyfitter_cfg.c **** *******************************************************************************/
 238:Generated_Source\PSoC4/cyfitter_cfg.c **** CY_CFG_SECTION
 239:Generated_Source\PSoC4/cyfitter_cfg.c **** void cyfitter_cfg(void)
 240:Generated_Source\PSoC4/cyfitter_cfg.c **** {
  28              		.loc 1 240 0
  29              		.cfi_startproc
  30              		@ args = 0, pretend = 0, frame = 0
  31              		@ frame_needed = 0, uses_anonymous_args = 0
  32 0000 70B5     		push	{r4, r5, r6, lr}
  33              		.cfi_def_cfa_offset 16
  34              		.cfi_offset 4, -16
  35              		.cfi_offset 5, -12
  36              		.cfi_offset 6, -8
  37              		.cfi_offset 14, -4
 241:Generated_Source\PSoC4/cyfitter_cfg.c **** 	/* Disable interrupts by default. Let user enable if/when they want. */
 242:Generated_Source\PSoC4/cyfitter_cfg.c **** 	CyGlobalIntDisable;
  38              		.loc 1 242 0
  39              		.syntax divided
  40              	@ 242 "Generated_Source\PSoC4\cyfitter_cfg.c" 1
  41 0002 72B6     		CPSID   i
  42              	@ 0 "" 2
  43              	.LVL0:
ARM GAS  C:\Users\STUDENT\AppData\Local\Temp\ccTfkKa4.s 			page 6


  44              		.thumb
  45              		.syntax unified
  46              	.LBB12:
  47              	.LBB13:
  48              	.LBB14:
  49              	.LBB15:
  78:Generated_Source\PSoC4/cyfitter_cfg.c **** }
  50              		.loc 1 78 0
  51 0004 8024     		movs	r4, #128
  52 0006 E400     		lsls	r4, r4, #3
  53 0008 2200     		movs	r2, r4
  54 000a 0021     		movs	r1, #0
  55 000c 2848     		ldr	r0, .L2
  56 000e FFF7FEFF 		bl	memset
  57              	.LVL1:
  58 0012 2200     		movs	r2, r4
  59 0014 0021     		movs	r1, #0
  60 0016 2748     		ldr	r0, .L2+4
  61 0018 FFF7FEFF 		bl	memset
  62              	.LVL2:
  63              	.LBE15:
  64              	.LBE14:
  65              	.LBE13:
 243:Generated_Source\PSoC4/cyfitter_cfg.c **** 
 244:Generated_Source\PSoC4/cyfitter_cfg.c **** 	{
 245:Generated_Source\PSoC4/cyfitter_cfg.c **** 
 246:Generated_Source\PSoC4/cyfitter_cfg.c **** 		CYPACKED typedef struct {
 247:Generated_Source\PSoC4/cyfitter_cfg.c **** 			void CYFAR *address;
 248:Generated_Source\PSoC4/cyfitter_cfg.c **** 			uint16 size;
 249:Generated_Source\PSoC4/cyfitter_cfg.c **** 		} CYPACKED_ATTR cfg_memset_t;
 250:Generated_Source\PSoC4/cyfitter_cfg.c **** 
 251:Generated_Source\PSoC4/cyfitter_cfg.c **** 		static const cfg_memset_t CYCODE cfg_memset_list[] = {
 252:Generated_Source\PSoC4/cyfitter_cfg.c **** 			/* address, size */
 253:Generated_Source\PSoC4/cyfitter_cfg.c **** 			{(void CYFAR *)(CYDEV_UDB_P0_U0_BASE), 1024u},
 254:Generated_Source\PSoC4/cyfitter_cfg.c **** 			{(void CYFAR *)(CYDEV_UDB_DSI0_BASE), 1024u},
 255:Generated_Source\PSoC4/cyfitter_cfg.c **** 		};
 256:Generated_Source\PSoC4/cyfitter_cfg.c **** 
 257:Generated_Source\PSoC4/cyfitter_cfg.c **** 		uint8 CYDATA i;
 258:Generated_Source\PSoC4/cyfitter_cfg.c **** 
 259:Generated_Source\PSoC4/cyfitter_cfg.c **** 		/* Zero out critical memory blocks before beginning configuration */
 260:Generated_Source\PSoC4/cyfitter_cfg.c **** 		for (i = 0u; i < (sizeof(cfg_memset_list)/sizeof(cfg_memset_list[0])); i++)
 261:Generated_Source\PSoC4/cyfitter_cfg.c **** 		{
 262:Generated_Source\PSoC4/cyfitter_cfg.c **** 			const cfg_memset_t CYCODE * CYDATA ms = &cfg_memset_list[i];
 263:Generated_Source\PSoC4/cyfitter_cfg.c **** 			CYMEMZERO(ms->address, (size_t)(uint32)(ms->size));
 264:Generated_Source\PSoC4/cyfitter_cfg.c **** 		}
 265:Generated_Source\PSoC4/cyfitter_cfg.c **** 
 266:Generated_Source\PSoC4/cyfitter_cfg.c **** 		/* HSIOM Starting address: CYDEV_HSIOM_BASE */
 267:Generated_Source\PSoC4/cyfitter_cfg.c **** 		CY_SET_REG32((void *)(CYREG_HSIOM_PORT_SEL3), 0x0000EE00u);
  66              		.loc 1 267 0
  67 001c EE22     		movs	r2, #238
  68 001e 264B     		ldr	r3, .L2+8
  69 0020 1202     		lsls	r2, r2, #8
  70 0022 1A60     		str	r2, [r3]
 268:Generated_Source\PSoC4/cyfitter_cfg.c **** 
 269:Generated_Source\PSoC4/cyfitter_cfg.c **** 		/* UDB_PA_0 Starting address: CYDEV_UDB_PA0_BASE */
 270:Generated_Source\PSoC4/cyfitter_cfg.c **** 		CY_SET_REG32((void *)(CYDEV_UDB_PA0_BASE), 0x00990000u);
  71              		.loc 1 270 0
ARM GAS  C:\Users\STUDENT\AppData\Local\Temp\ccTfkKa4.s 			page 7


  72 0024 9923     		movs	r3, #153
 271:Generated_Source\PSoC4/cyfitter_cfg.c **** 
 272:Generated_Source\PSoC4/cyfitter_cfg.c **** 		/* UDB_PA_1 Starting address: CYDEV_UDB_PA1_BASE */
 273:Generated_Source\PSoC4/cyfitter_cfg.c **** 		CY_SET_REG32((void *)(CYDEV_UDB_PA1_BASE), 0x00990000u);
 274:Generated_Source\PSoC4/cyfitter_cfg.c **** 
 275:Generated_Source\PSoC4/cyfitter_cfg.c **** 		/* UDB_PA_2 Starting address: CYDEV_UDB_PA2_BASE */
 276:Generated_Source\PSoC4/cyfitter_cfg.c **** 		CY_SET_REG32((void *)(CYDEV_UDB_PA2_BASE), 0x00990000u);
 277:Generated_Source\PSoC4/cyfitter_cfg.c **** 
 278:Generated_Source\PSoC4/cyfitter_cfg.c **** 		/* UDB_PA_3 Starting address: CYDEV_UDB_PA3_BASE */
 279:Generated_Source\PSoC4/cyfitter_cfg.c **** 		CY_SET_REG32((void *)(CYDEV_UDB_PA3_BASE), 0x00990000u);
 280:Generated_Source\PSoC4/cyfitter_cfg.c **** 
 281:Generated_Source\PSoC4/cyfitter_cfg.c **** 		/* Enable digital routing */
 282:Generated_Source\PSoC4/cyfitter_cfg.c **** 		CY_SET_XTND_REG8((void *)CYREG_UDB_UDBIF_BANK_CTL, (uint8)(CY_GET_XTND_REG8((void *)CYREG_UDB_UDB
  73              		.loc 1 282 0
  74 0026 0621     		movs	r1, #6
 270:Generated_Source\PSoC4/cyfitter_cfg.c **** 
  75              		.loc 1 270 0
  76 0028 244A     		ldr	r2, .L2+12
  77 002a 1B04     		lsls	r3, r3, #16
  78 002c 1360     		str	r3, [r2]
 273:Generated_Source\PSoC4/cyfitter_cfg.c **** 
  79              		.loc 1 273 0
  80 002e 244A     		ldr	r2, .L2+16
  81              	.LBE12:
  82              	.LBB16:
  83              	.LBB17:
 188:Generated_Source\PSoC4/cyfitter_cfg.c **** 
  84              		.loc 1 188 0
  85 0030 0025     		movs	r5, #0
  86              	.LBE17:
  87              	.LBE16:
  88              	.LBB21:
 273:Generated_Source\PSoC4/cyfitter_cfg.c **** 
  89              		.loc 1 273 0
  90 0032 1360     		str	r3, [r2]
 276:Generated_Source\PSoC4/cyfitter_cfg.c **** 
  91              		.loc 1 276 0
  92 0034 234A     		ldr	r2, .L2+20
  93              	.LBE21:
  94              	.LBB22:
  95              	.LBB18:
 173:Generated_Source\PSoC4/cyfitter_cfg.c **** 
  96              		.loc 1 173 0
  97 0036 244C     		ldr	r4, .L2+24
  98              	.LBE18:
  99              	.LBE22:
 100              	.LBB23:
 276:Generated_Source\PSoC4/cyfitter_cfg.c **** 
 101              		.loc 1 276 0
 102 0038 1360     		str	r3, [r2]
 279:Generated_Source\PSoC4/cyfitter_cfg.c **** 
 103              		.loc 1 279 0
 104 003a 244A     		ldr	r2, .L2+28
 105              	.LBE23:
 106              	.LBB24:
 107              	.LBB19:
 176:Generated_Source\PSoC4/cyfitter_cfg.c **** 
ARM GAS  C:\Users\STUDENT\AppData\Local\Temp\ccTfkKa4.s 			page 8


 108              		.loc 1 176 0
 109 003c 1820     		movs	r0, #24
 110              	.LBE19:
 111              	.LBE24:
 112              	.LBB25:
 279:Generated_Source\PSoC4/cyfitter_cfg.c **** 
 113              		.loc 1 279 0
 114 003e 1360     		str	r3, [r2]
 115              		.loc 1 282 0
 116 0040 234A     		ldr	r2, .L2+32
 117              	.LBE25:
 283:Generated_Source\PSoC4/cyfitter_cfg.c **** 	}
 284:Generated_Source\PSoC4/cyfitter_cfg.c **** 
 285:Generated_Source\PSoC4/cyfitter_cfg.c **** 	/* Perform second pass device configuration. These items must be configured in specific order afte
 286:Generated_Source\PSoC4/cyfitter_cfg.c **** 	/* IOPINS0_0 Starting address: CYDEV_PRT0_BASE */
 287:Generated_Source\PSoC4/cyfitter_cfg.c **** 	CY_SET_REG32((void *)(CYDEV_PRT0_BASE), 0x00000083u);
 288:Generated_Source\PSoC4/cyfitter_cfg.c **** 	CY_SET_REG32((void *)(CYREG_PRT0_PC), 0x00400DA4u);
 289:Generated_Source\PSoC4/cyfitter_cfg.c **** 
 290:Generated_Source\PSoC4/cyfitter_cfg.c **** 	/* IOPINS0_1 Starting address: CYDEV_PRT1_BASE */
 291:Generated_Source\PSoC4/cyfitter_cfg.c **** 	CY_SET_REG32((void *)(CYDEV_PRT1_BASE), 0x00000001u);
 292:Generated_Source\PSoC4/cyfitter_cfg.c **** 	CY_SET_REG32((void *)(CYREG_PRT1_PC), 0x0018124Cu);
 293:Generated_Source\PSoC4/cyfitter_cfg.c **** 
 294:Generated_Source\PSoC4/cyfitter_cfg.c **** 	/* IOPINS0_2 Starting address: CYDEV_PRT2_BASE */
 295:Generated_Source\PSoC4/cyfitter_cfg.c **** 	CY_SET_REG32((void *)(CYDEV_PRT2_BASE), 0x00000080u);
 296:Generated_Source\PSoC4/cyfitter_cfg.c **** 	CY_SET_REG32((void *)(CYREG_PRT2_PC), 0x00C00000u);
 297:Generated_Source\PSoC4/cyfitter_cfg.c **** 
 298:Generated_Source\PSoC4/cyfitter_cfg.c **** 	/* IOPINS0_3 Starting address: CYDEV_PRT3_BASE */
 299:Generated_Source\PSoC4/cyfitter_cfg.c **** 	CY_SET_REG32((void *)(CYREG_PRT3_PC), 0x00000D80u);
 300:Generated_Source\PSoC4/cyfitter_cfg.c **** 
 301:Generated_Source\PSoC4/cyfitter_cfg.c **** 
 302:Generated_Source\PSoC4/cyfitter_cfg.c **** 	/* Setup clocks based on selections from Clock DWR */
 303:Generated_Source\PSoC4/cyfitter_cfg.c **** 	ClockSetup();
 304:Generated_Source\PSoC4/cyfitter_cfg.c **** 
 305:Generated_Source\PSoC4/cyfitter_cfg.c **** 	/* Perform basic analog initialization to defaults */
 306:Generated_Source\PSoC4/cyfitter_cfg.c **** 	AnalogSetDefault();
 307:Generated_Source\PSoC4/cyfitter_cfg.c **** 
 308:Generated_Source\PSoC4/cyfitter_cfg.c **** }
 118              		.loc 1 308 0
 119              		@ sp needed
 120              	.LBB26:
 282:Generated_Source\PSoC4/cyfitter_cfg.c **** 	}
 121              		.loc 1 282 0
 122 0042 1378     		ldrb	r3, [r2]
 123 0044 0B43     		orrs	r3, r1
 124 0046 1370     		strb	r3, [r2]
 125              	.LBE26:
 287:Generated_Source\PSoC4/cyfitter_cfg.c **** 	CY_SET_REG32((void *)(CYREG_PRT0_PC), 0x00400DA4u);
 126              		.loc 1 287 0
 127 0048 8322     		movs	r2, #131
 128 004a 224B     		ldr	r3, .L2+36
 129 004c 1A60     		str	r2, [r3]
 288:Generated_Source\PSoC4/cyfitter_cfg.c **** 
 130              		.loc 1 288 0
 131 004e 224A     		ldr	r2, .L2+40
 132 0050 224B     		ldr	r3, .L2+44
 133 0052 1A60     		str	r2, [r3]
 291:Generated_Source\PSoC4/cyfitter_cfg.c **** 	CY_SET_REG32((void *)(CYREG_PRT1_PC), 0x0018124Cu);
ARM GAS  C:\Users\STUDENT\AppData\Local\Temp\ccTfkKa4.s 			page 9


 134              		.loc 1 291 0
 135 0054 0122     		movs	r2, #1
 136 0056 224B     		ldr	r3, .L2+48
 137 0058 1A60     		str	r2, [r3]
 292:Generated_Source\PSoC4/cyfitter_cfg.c **** 
 138              		.loc 1 292 0
 139 005a 224A     		ldr	r2, .L2+52
 140 005c 224B     		ldr	r3, .L2+56
 141 005e 1A60     		str	r2, [r3]
 295:Generated_Source\PSoC4/cyfitter_cfg.c **** 	CY_SET_REG32((void *)(CYREG_PRT2_PC), 0x00C00000u);
 142              		.loc 1 295 0
 143 0060 8022     		movs	r2, #128
 144 0062 224B     		ldr	r3, .L2+60
 145 0064 1A60     		str	r2, [r3]
 296:Generated_Source\PSoC4/cyfitter_cfg.c **** 
 146              		.loc 1 296 0
 147 0066 C022     		movs	r2, #192
 148 0068 214B     		ldr	r3, .L2+64
 149 006a 1204     		lsls	r2, r2, #16
 150 006c 1A60     		str	r2, [r3]
 299:Generated_Source\PSoC4/cyfitter_cfg.c **** 
 151              		.loc 1 299 0
 152 006e D822     		movs	r2, #216
 153 0070 204B     		ldr	r3, .L2+68
 154 0072 1201     		lsls	r2, r2, #4
 155 0074 1A60     		str	r2, [r3]
 156              	.LBB27:
 157              	.LBB20:
 173:Generated_Source\PSoC4/cyfitter_cfg.c **** 
 158              		.loc 1 173 0
 159 0076 8022     		movs	r2, #128
 160 0078 2368     		ldr	r3, [r4]
 161 007a D202     		lsls	r2, r2, #11
 162 007c 1343     		orrs	r3, r2
 163 007e 2360     		str	r3, [r4]
 176:Generated_Source\PSoC4/cyfitter_cfg.c **** 
 164              		.loc 1 176 0
 165 0080 FFF7FEFF 		bl	CySysClkWriteImoFreq
 166              	.LVL3:
 179:Generated_Source\PSoC4/cyfitter_cfg.c **** 	/* CYDEV_CLK_ILO_CONFIG Starting address: CYDEV_CLK_ILO_CONFIG */
 167              		.loc 1 179 0
 168 0084 2268     		ldr	r2, [r4]
 169 0086 1C4B     		ldr	r3, .L2+72
 190:Generated_Source\PSoC4/cyfitter_cfg.c **** 	CyIntEnable(9u);
 170              		.loc 1 190 0
 171 0088 1C49     		ldr	r1, .L2+76
 179:Generated_Source\PSoC4/cyfitter_cfg.c **** 	/* CYDEV_CLK_ILO_CONFIG Starting address: CYDEV_CLK_ILO_CONFIG */
 172              		.loc 1 179 0
 173 008a 1340     		ands	r3, r2
 174 008c 2360     		str	r3, [r4]
 181:Generated_Source\PSoC4/cyfitter_cfg.c **** 
 175              		.loc 1 181 0
 176 008e 1C4A     		ldr	r2, .L2+80
 177 0090 1C4B     		ldr	r3, .L2+84
 190:Generated_Source\PSoC4/cyfitter_cfg.c **** 	CyIntEnable(9u);
 178              		.loc 1 190 0
 179 0092 0920     		movs	r0, #9
ARM GAS  C:\Users\STUDENT\AppData\Local\Temp\ccTfkKa4.s 			page 10


 181:Generated_Source\PSoC4/cyfitter_cfg.c **** 
 180              		.loc 1 181 0
 181 0094 1A60     		str	r2, [r3]
 185:Generated_Source\PSoC4/cyfitter_cfg.c **** 
 182              		.loc 1 185 0
 183 0096 1C4B     		ldr	r3, .L2+88
 184 0098 063A     		subs	r2, r2, #6
 185 009a 1A60     		str	r2, [r3]
 188:Generated_Source\PSoC4/cyfitter_cfg.c **** 
 186              		.loc 1 188 0
 187 009c 2560     		str	r5, [r4]
 190:Generated_Source\PSoC4/cyfitter_cfg.c **** 	CyIntEnable(9u);
 188              		.loc 1 190 0
 189 009e FFF7FEFF 		bl	CyIntSetVector
 190              	.LVL4:
 191:Generated_Source\PSoC4/cyfitter_cfg.c **** 	CY_SET_REG32((void *)(CYREG_WDT_CONFIG), 0x00000000u);
 191              		.loc 1 191 0
 192 00a2 0920     		movs	r0, #9
 193 00a4 FFF7FEFF 		bl	CyIntEnable
 194              	.LVL5:
 192:Generated_Source\PSoC4/cyfitter_cfg.c **** }
 195              		.loc 1 192 0
 196 00a8 184B     		ldr	r3, .L2+92
 197 00aa 1D60     		str	r5, [r3]
 198              	.LBE20:
 199              	.LBE27:
 200              		.loc 1 308 0
 201 00ac 70BD     		pop	{r4, r5, r6, pc}
 202              	.L3:
 203 00ae C046     		.align	2
 204              	.L2:
 205 00b0 00300F40 		.word	1074737152
 206 00b4 00400F40 		.word	1074741248
 207 00b8 0C000140 		.word	1073807372
 208 00bc 00500F40 		.word	1074745344
 209 00c0 10500F40 		.word	1074745360
 210 00c4 20500F40 		.word	1074745376
 211 00c8 00010B40 		.word	1074462976
 212 00cc 30500F40 		.word	1074745392
 213 00d0 00700F40 		.word	1074753536
 214 00d4 00000440 		.word	1074003968
 215 00d8 A40D4000 		.word	4197796
 216 00dc 08000440 		.word	1074003976
 217 00e0 00010440 		.word	1074004224
 218 00e4 4C121800 		.word	1577548
 219 00e8 08010440 		.word	1074004232
 220 00ec 00020440 		.word	1074004480
 221 00f0 08020440 		.word	1074004488
 222 00f4 08030440 		.word	1074004744
 223 00f8 FFFFFBFF 		.word	-262145
 224 00fc 00000000 		.word	CySysWdtIsr
 225 0100 06000080 		.word	-2147483642
 226 0104 04010B40 		.word	1074462980
 227 0108 08010B40 		.word	1074462984
 228 010c 0C020B40 		.word	1074463244
 229              		.cfi_endproc
 230              	.LFE5:
ARM GAS  C:\Users\STUDENT\AppData\Local\Temp\ccTfkKa4.s 			page 11


 231              		.size	cyfitter_cfg, .-cyfitter_cfg
 232              		.text
 233              	.Letext0:
 234              		.file 2 "c:\\program files (x86)\\cypress\\psoc creator\\4.4\\psoc creator\\import\\gnu\\arm\\5.4.
 235              		.file 3 "Generated_Source\\PSoC4\\cytypes.h"
 236              		.file 4 "Generated_Source\\PSoC4\\CyLib.h"
 237              		.section	.debug_info,"",%progbits
 238              	.Ldebug_info0:
 239 0000 8B020000 		.4byte	0x28b
 240 0004 0400     		.2byte	0x4
 241 0006 00000000 		.4byte	.Ldebug_abbrev0
 242 000a 04       		.byte	0x4
 243 000b 01       		.uleb128 0x1
 244 000c CE010000 		.4byte	.LASF29
 245 0010 0C       		.byte	0xc
 246 0011 A8010000 		.4byte	.LASF30
 247 0015 25010000 		.4byte	.LASF31
 248 0019 58000000 		.4byte	.Ldebug_ranges0+0x58
 249 001d 00000000 		.4byte	0
 250 0021 00000000 		.4byte	.Ldebug_line0
 251 0025 02       		.uleb128 0x2
 252 0026 04       		.byte	0x4
 253 0027 05       		.byte	0x5
 254 0028 696E7400 		.ascii	"int\000"
 255 002c 03       		.uleb128 0x3
 256 002d 06000000 		.4byte	.LASF12
 257 0031 02       		.byte	0x2
 258 0032 D8       		.byte	0xd8
 259 0033 37000000 		.4byte	0x37
 260 0037 04       		.uleb128 0x4
 261 0038 04       		.byte	0x4
 262 0039 07       		.byte	0x7
 263 003a C3000000 		.4byte	.LASF0
 264 003e 04       		.uleb128 0x4
 265 003f 08       		.byte	0x8
 266 0040 05       		.byte	0x5
 267 0041 12010000 		.4byte	.LASF1
 268 0045 04       		.uleb128 0x4
 269 0046 08       		.byte	0x8
 270 0047 04       		.byte	0x4
 271 0048 90010000 		.4byte	.LASF2
 272 004c 04       		.uleb128 0x4
 273 004d 01       		.byte	0x1
 274 004e 06       		.byte	0x6
 275 004f 9C010000 		.4byte	.LASF3
 276 0053 04       		.uleb128 0x4
 277 0054 01       		.byte	0x1
 278 0055 08       		.byte	0x8
 279 0056 8D000000 		.4byte	.LASF4
 280 005a 04       		.uleb128 0x4
 281 005b 02       		.byte	0x2
 282 005c 05       		.byte	0x5
 283 005d 68010000 		.4byte	.LASF5
 284 0061 04       		.uleb128 0x4
 285 0062 02       		.byte	0x2
 286 0063 07       		.byte	0x7
 287 0064 48000000 		.4byte	.LASF6
ARM GAS  C:\Users\STUDENT\AppData\Local\Temp\ccTfkKa4.s 			page 12


 288 0068 04       		.uleb128 0x4
 289 0069 04       		.byte	0x4
 290 006a 05       		.byte	0x5
 291 006b 87010000 		.4byte	.LASF7
 292 006f 04       		.uleb128 0x4
 293 0070 04       		.byte	0x4
 294 0071 07       		.byte	0x7
 295 0072 6B000000 		.4byte	.LASF8
 296 0076 04       		.uleb128 0x4
 297 0077 08       		.byte	0x8
 298 0078 07       		.byte	0x7
 299 0079 E5000000 		.4byte	.LASF9
 300 007d 04       		.uleb128 0x4
 301 007e 04       		.byte	0x4
 302 007f 07       		.byte	0x7
 303 0080 09010000 		.4byte	.LASF10
 304 0084 05       		.uleb128 0x5
 305 0085 04       		.byte	0x4
 306 0086 04       		.uleb128 0x4
 307 0087 01       		.byte	0x1
 308 0088 08       		.byte	0x8
 309 0089 20010000 		.4byte	.LASF11
 310 008d 06       		.uleb128 0x6
 311 008e 7D000000 		.4byte	.LASF13
 312 0092 03       		.byte	0x3
 313 0093 FC01     		.2byte	0x1fc
 314 0095 53000000 		.4byte	0x53
 315 0099 06       		.uleb128 0x6
 316 009a B5000000 		.4byte	.LASF14
 317 009e 03       		.byte	0x3
 318 009f FD01     		.2byte	0x1fd
 319 00a1 61000000 		.4byte	0x61
 320 00a5 06       		.uleb128 0x6
 321 00a6 BC000000 		.4byte	.LASF15
 322 00aa 03       		.byte	0x3
 323 00ab FE01     		.2byte	0x1fe
 324 00ad 6F000000 		.4byte	0x6f
 325 00b1 04       		.uleb128 0x4
 326 00b2 04       		.byte	0x4
 327 00b3 04       		.byte	0x4
 328 00b4 5B000000 		.4byte	.LASF16
 329 00b8 04       		.uleb128 0x4
 330 00b9 08       		.byte	0x8
 331 00ba 04       		.byte	0x4
 332 00bb A2000000 		.4byte	.LASF17
 333 00bf 06       		.uleb128 0x6
 334 00c0 66000000 		.4byte	.LASF18
 335 00c4 03       		.byte	0x3
 336 00c5 A602     		.2byte	0x2a6
 337 00c7 CB000000 		.4byte	0xcb
 338 00cb 07       		.uleb128 0x7
 339 00cc 8D000000 		.4byte	0x8d
 340 00d0 06       		.uleb128 0x6
 341 00d1 00000000 		.4byte	.LASF19
 342 00d5 03       		.byte	0x3
 343 00d6 A802     		.2byte	0x2a8
 344 00d8 DC000000 		.4byte	0xdc
ARM GAS  C:\Users\STUDENT\AppData\Local\Temp\ccTfkKa4.s 			page 13


 345 00dc 07       		.uleb128 0x7
 346 00dd A5000000 		.4byte	0xa5
 347 00e1 08       		.uleb128 0x8
 348 00e2 0D000000 		.4byte	.LASF20
 349 00e6 01       		.byte	0x1
 350 00e7 D7       		.byte	0xd7
 351 00e8 01       		.byte	0x1
 352 00e9 09       		.uleb128 0x9
 353 00ea 83000000 		.4byte	.LASF32
 354 00ee 01       		.byte	0x1
 355 00ef 4C       		.byte	0x4c
 356 00f0 01       		.byte	0x1
 357 00f1 08010000 		.4byte	0x108
 358 00f5 0A       		.uleb128 0xa
 359 00f6 7300     		.ascii	"s\000"
 360 00f8 01       		.byte	0x1
 361 00f9 4C       		.byte	0x4c
 362 00fa 84000000 		.4byte	0x84
 363 00fe 0A       		.uleb128 0xa
 364 00ff 6E00     		.ascii	"n\000"
 365 0101 01       		.byte	0x1
 366 0102 4C       		.byte	0x4c
 367 0103 2C000000 		.4byte	0x2c
 368 0107 00       		.byte	0
 369 0108 08       		.uleb128 0x8
 370 0109 3D000000 		.4byte	.LASF21
 371 010d 01       		.byte	0x1
 372 010e AA       		.byte	0xaa
 373 010f 01       		.byte	0x1
 374 0110 0B       		.uleb128 0xb
 375 0111 D0000000 		.4byte	.LASF33
 376 0115 01       		.byte	0x1
 377 0116 EF       		.byte	0xef
 378 0117 00000000 		.4byte	.LFB5
 379 011b 10010000 		.4byte	.LFE5-.LFB5
 380 011f 01       		.uleb128 0x1
 381 0120 9C       		.byte	0x9c
 382 0121 64020000 		.4byte	0x264
 383 0125 0C       		.uleb128 0xc
 384 0126 00000000 		.4byte	.Ldebug_ranges0+0
 385 012a 1D020000 		.4byte	0x21d
 386 012e 0D       		.uleb128 0xd
 387 012f 06       		.byte	0x6
 388 0130 01       		.byte	0x1
 389 0131 F6       		.byte	0xf6
 390 0132 4F010000 		.4byte	0x14f
 391 0136 0E       		.uleb128 0xe
 392 0137 DD000000 		.4byte	.LASF22
 393 013b 01       		.byte	0x1
 394 013c F7       		.byte	0xf7
 395 013d 84000000 		.4byte	0x84
 396 0141 00       		.byte	0
 397 0142 0E       		.uleb128 0xe
 398 0143 61000000 		.4byte	.LASF23
 399 0147 01       		.byte	0x1
 400 0148 F8       		.byte	0xf8
 401 0149 99000000 		.4byte	0x99
ARM GAS  C:\Users\STUDENT\AppData\Local\Temp\ccTfkKa4.s 			page 14


 402 014d 04       		.byte	0x4
 403 014e 00       		.byte	0
 404 014f 03       		.uleb128 0x3
 405 0150 FC000000 		.4byte	.LASF24
 406 0154 01       		.byte	0x1
 407 0155 F9       		.byte	0xf9
 408 0156 2E010000 		.4byte	0x12e
 409 015a 0F       		.uleb128 0xf
 410 015b 6A010000 		.4byte	0x16a
 411 015f 6A010000 		.4byte	0x16a
 412 0163 10       		.uleb128 0x10
 413 0164 7D000000 		.4byte	0x7d
 414 0168 01       		.byte	0x1
 415 0169 00       		.byte	0
 416 016a 11       		.uleb128 0x11
 417 016b 4F010000 		.4byte	0x14f
 418 016f 12       		.uleb128 0x12
 419 0170 2D000000 		.4byte	.LASF25
 420 0174 01       		.byte	0x1
 421 0175 FB       		.byte	0xfb
 422 0176 87010000 		.4byte	0x187
 423 017a 0C       		.byte	0xc
 424 017b 00       		.byte	0
 425 017c 30       		.byte	0x30
 426 017d 0F       		.byte	0xf
 427 017e 40       		.byte	0x40
 428 017f 00       		.byte	0
 429 0180 04       		.byte	0x4
 430 0181 00       		.byte	0
 431 0182 40       		.byte	0x40
 432 0183 0F       		.byte	0xf
 433 0184 40       		.byte	0x40
 434 0185 00       		.byte	0
 435 0186 04       		.byte	0x4
 436 0187 11       		.uleb128 0x11
 437 0188 5A010000 		.4byte	0x15a
 438 018c 13       		.uleb128 0x13
 439 018d 6900     		.ascii	"i\000"
 440 018f 01       		.byte	0x1
 441 0190 0101     		.2byte	0x101
 442 0192 8D000000 		.4byte	0x8d
 443 0196 00000000 		.4byte	.LLST0
 444 019a 14       		.uleb128 0x14
 445 019b 04000000 		.4byte	.LBB13
 446 019f 18000000 		.4byte	.LBE13-.LBB13
 447 01a3 13       		.uleb128 0x13
 448 01a4 6D7300   		.ascii	"ms\000"
 449 01a7 01       		.byte	0x1
 450 01a8 0601     		.2byte	0x106
 451 01aa B2010000 		.4byte	0x1b2
 452 01ae 2C000000 		.4byte	.LLST1
 453 01b2 15       		.uleb128 0x15
 454 01b3 04       		.byte	0x4
 455 01b4 6A010000 		.4byte	0x16a
 456 01b8 16       		.uleb128 0x16
 457 01b9 E9000000 		.4byte	0xe9
 458 01bd 04000000 		.4byte	.LBB14
ARM GAS  C:\Users\STUDENT\AppData\Local\Temp\ccTfkKa4.s 			page 15


 459 01c1 18000000 		.4byte	.LBE14-.LBB14
 460 01c5 01       		.byte	0x1
 461 01c6 0701     		.2byte	0x107
 462 01c8 17       		.uleb128 0x17
 463 01c9 FE000000 		.4byte	0xfe
 464 01cd 54000000 		.4byte	.LLST2
 465 01d1 17       		.uleb128 0x17
 466 01d2 F5000000 		.4byte	0xf5
 467 01d6 6A000000 		.4byte	.LLST3
 468 01da 18       		.uleb128 0x18
 469 01db 12000000 		.4byte	.LVL1
 470 01df 64020000 		.4byte	0x264
 471 01e3 FC010000 		.4byte	0x1fc
 472 01e7 19       		.uleb128 0x19
 473 01e8 01       		.uleb128 0x1
 474 01e9 50       		.byte	0x50
 475 01ea 05       		.uleb128 0x5
 476 01eb 0C       		.byte	0xc
 477 01ec 00300F40 		.4byte	0x400f3000
 478 01f0 19       		.uleb128 0x19
 479 01f1 01       		.uleb128 0x1
 480 01f2 51       		.byte	0x51
 481 01f3 01       		.uleb128 0x1
 482 01f4 30       		.byte	0x30
 483 01f5 19       		.uleb128 0x19
 484 01f6 01       		.uleb128 0x1
 485 01f7 52       		.byte	0x52
 486 01f8 02       		.uleb128 0x2
 487 01f9 74       		.byte	0x74
 488 01fa 00       		.sleb128 0
 489 01fb 00       		.byte	0
 490 01fc 1A       		.uleb128 0x1a
 491 01fd 1C000000 		.4byte	.LVL2
 492 0201 64020000 		.4byte	0x264
 493 0205 19       		.uleb128 0x19
 494 0206 01       		.uleb128 0x1
 495 0207 50       		.byte	0x50
 496 0208 05       		.uleb128 0x5
 497 0209 0C       		.byte	0xc
 498 020a 00400F40 		.4byte	0x400f4000
 499 020e 19       		.uleb128 0x19
 500 020f 01       		.uleb128 0x1
 501 0210 51       		.byte	0x51
 502 0211 01       		.uleb128 0x1
 503 0212 30       		.byte	0x30
 504 0213 19       		.uleb128 0x19
 505 0214 01       		.uleb128 0x1
 506 0215 52       		.byte	0x52
 507 0216 02       		.uleb128 0x2
 508 0217 74       		.byte	0x74
 509 0218 00       		.sleb128 0
 510 0219 00       		.byte	0
 511 021a 00       		.byte	0
 512 021b 00       		.byte	0
 513 021c 00       		.byte	0
 514 021d 1B       		.uleb128 0x1b
 515 021e 08010000 		.4byte	0x108
ARM GAS  C:\Users\STUDENT\AppData\Local\Temp\ccTfkKa4.s 			page 16


 516 0222 30000000 		.4byte	.LBB16
 517 0226 30000000 		.4byte	.Ldebug_ranges0+0x30
 518 022a 01       		.byte	0x1
 519 022b 2F01     		.2byte	0x12f
 520 022d 18       		.uleb128 0x18
 521 022e 84000000 		.4byte	.LVL3
 522 0232 6D020000 		.4byte	0x26d
 523 0236 40020000 		.4byte	0x240
 524 023a 19       		.uleb128 0x19
 525 023b 01       		.uleb128 0x1
 526 023c 50       		.byte	0x50
 527 023d 01       		.uleb128 0x1
 528 023e 48       		.byte	0x48
 529 023f 00       		.byte	0
 530 0240 18       		.uleb128 0x18
 531 0241 A2000000 		.4byte	.LVL4
 532 0245 78020000 		.4byte	0x278
 533 0249 53020000 		.4byte	0x253
 534 024d 19       		.uleb128 0x19
 535 024e 01       		.uleb128 0x1
 536 024f 50       		.byte	0x50
 537 0250 01       		.uleb128 0x1
 538 0251 39       		.byte	0x39
 539 0252 00       		.byte	0
 540 0253 1A       		.uleb128 0x1a
 541 0254 A8000000 		.4byte	.LVL5
 542 0258 83020000 		.4byte	0x283
 543 025c 19       		.uleb128 0x19
 544 025d 01       		.uleb128 0x1
 545 025e 50       		.byte	0x50
 546 025f 01       		.uleb128 0x1
 547 0260 39       		.byte	0x39
 548 0261 00       		.byte	0
 549 0262 00       		.byte	0
 550 0263 00       		.byte	0
 551 0264 1C       		.uleb128 0x1c
 552 0265 9B000000 		.4byte	.LASF34
 553 0269 9B000000 		.4byte	.LASF34
 554 026d 1D       		.uleb128 0x1d
 555 026e 72010000 		.4byte	.LASF26
 556 0272 72010000 		.4byte	.LASF26
 557 0276 04       		.byte	0x4
 558 0277 6C       		.byte	0x6c
 559 0278 1D       		.uleb128 0x1d
 560 0279 1E000000 		.4byte	.LASF27
 561 027d 1E000000 		.4byte	.LASF27
 562 0281 04       		.byte	0x4
 563 0282 D0       		.byte	0xd0
 564 0283 1D       		.uleb128 0x1d
 565 0284 A9000000 		.4byte	.LASF28
 566 0288 A9000000 		.4byte	.LASF28
 567 028c 04       		.byte	0x4
 568 028d D6       		.byte	0xd6
 569 028e 00       		.byte	0
 570              		.section	.debug_abbrev,"",%progbits
 571              	.Ldebug_abbrev0:
 572 0000 01       		.uleb128 0x1
ARM GAS  C:\Users\STUDENT\AppData\Local\Temp\ccTfkKa4.s 			page 17


 573 0001 11       		.uleb128 0x11
 574 0002 01       		.byte	0x1
 575 0003 25       		.uleb128 0x25
 576 0004 0E       		.uleb128 0xe
 577 0005 13       		.uleb128 0x13
 578 0006 0B       		.uleb128 0xb
 579 0007 03       		.uleb128 0x3
 580 0008 0E       		.uleb128 0xe
 581 0009 1B       		.uleb128 0x1b
 582 000a 0E       		.uleb128 0xe
 583 000b 55       		.uleb128 0x55
 584 000c 17       		.uleb128 0x17
 585 000d 11       		.uleb128 0x11
 586 000e 01       		.uleb128 0x1
 587 000f 10       		.uleb128 0x10
 588 0010 17       		.uleb128 0x17
 589 0011 00       		.byte	0
 590 0012 00       		.byte	0
 591 0013 02       		.uleb128 0x2
 592 0014 24       		.uleb128 0x24
 593 0015 00       		.byte	0
 594 0016 0B       		.uleb128 0xb
 595 0017 0B       		.uleb128 0xb
 596 0018 3E       		.uleb128 0x3e
 597 0019 0B       		.uleb128 0xb
 598 001a 03       		.uleb128 0x3
 599 001b 08       		.uleb128 0x8
 600 001c 00       		.byte	0
 601 001d 00       		.byte	0
 602 001e 03       		.uleb128 0x3
 603 001f 16       		.uleb128 0x16
 604 0020 00       		.byte	0
 605 0021 03       		.uleb128 0x3
 606 0022 0E       		.uleb128 0xe
 607 0023 3A       		.uleb128 0x3a
 608 0024 0B       		.uleb128 0xb
 609 0025 3B       		.uleb128 0x3b
 610 0026 0B       		.uleb128 0xb
 611 0027 49       		.uleb128 0x49
 612 0028 13       		.uleb128 0x13
 613 0029 00       		.byte	0
 614 002a 00       		.byte	0
 615 002b 04       		.uleb128 0x4
 616 002c 24       		.uleb128 0x24
 617 002d 00       		.byte	0
 618 002e 0B       		.uleb128 0xb
 619 002f 0B       		.uleb128 0xb
 620 0030 3E       		.uleb128 0x3e
 621 0031 0B       		.uleb128 0xb
 622 0032 03       		.uleb128 0x3
 623 0033 0E       		.uleb128 0xe
 624 0034 00       		.byte	0
 625 0035 00       		.byte	0
 626 0036 05       		.uleb128 0x5
 627 0037 0F       		.uleb128 0xf
 628 0038 00       		.byte	0
 629 0039 0B       		.uleb128 0xb
ARM GAS  C:\Users\STUDENT\AppData\Local\Temp\ccTfkKa4.s 			page 18


 630 003a 0B       		.uleb128 0xb
 631 003b 00       		.byte	0
 632 003c 00       		.byte	0
 633 003d 06       		.uleb128 0x6
 634 003e 16       		.uleb128 0x16
 635 003f 00       		.byte	0
 636 0040 03       		.uleb128 0x3
 637 0041 0E       		.uleb128 0xe
 638 0042 3A       		.uleb128 0x3a
 639 0043 0B       		.uleb128 0xb
 640 0044 3B       		.uleb128 0x3b
 641 0045 05       		.uleb128 0x5
 642 0046 49       		.uleb128 0x49
 643 0047 13       		.uleb128 0x13
 644 0048 00       		.byte	0
 645 0049 00       		.byte	0
 646 004a 07       		.uleb128 0x7
 647 004b 35       		.uleb128 0x35
 648 004c 00       		.byte	0
 649 004d 49       		.uleb128 0x49
 650 004e 13       		.uleb128 0x13
 651 004f 00       		.byte	0
 652 0050 00       		.byte	0
 653 0051 08       		.uleb128 0x8
 654 0052 2E       		.uleb128 0x2e
 655 0053 00       		.byte	0
 656 0054 03       		.uleb128 0x3
 657 0055 0E       		.uleb128 0xe
 658 0056 3A       		.uleb128 0x3a
 659 0057 0B       		.uleb128 0xb
 660 0058 3B       		.uleb128 0x3b
 661 0059 0B       		.uleb128 0xb
 662 005a 27       		.uleb128 0x27
 663 005b 19       		.uleb128 0x19
 664 005c 20       		.uleb128 0x20
 665 005d 0B       		.uleb128 0xb
 666 005e 00       		.byte	0
 667 005f 00       		.byte	0
 668 0060 09       		.uleb128 0x9
 669 0061 2E       		.uleb128 0x2e
 670 0062 01       		.byte	0x1
 671 0063 03       		.uleb128 0x3
 672 0064 0E       		.uleb128 0xe
 673 0065 3A       		.uleb128 0x3a
 674 0066 0B       		.uleb128 0xb
 675 0067 3B       		.uleb128 0x3b
 676 0068 0B       		.uleb128 0xb
 677 0069 27       		.uleb128 0x27
 678 006a 19       		.uleb128 0x19
 679 006b 20       		.uleb128 0x20
 680 006c 0B       		.uleb128 0xb
 681 006d 01       		.uleb128 0x1
 682 006e 13       		.uleb128 0x13
 683 006f 00       		.byte	0
 684 0070 00       		.byte	0
 685 0071 0A       		.uleb128 0xa
 686 0072 05       		.uleb128 0x5
ARM GAS  C:\Users\STUDENT\AppData\Local\Temp\ccTfkKa4.s 			page 19


 687 0073 00       		.byte	0
 688 0074 03       		.uleb128 0x3
 689 0075 08       		.uleb128 0x8
 690 0076 3A       		.uleb128 0x3a
 691 0077 0B       		.uleb128 0xb
 692 0078 3B       		.uleb128 0x3b
 693 0079 0B       		.uleb128 0xb
 694 007a 49       		.uleb128 0x49
 695 007b 13       		.uleb128 0x13
 696 007c 00       		.byte	0
 697 007d 00       		.byte	0
 698 007e 0B       		.uleb128 0xb
 699 007f 2E       		.uleb128 0x2e
 700 0080 01       		.byte	0x1
 701 0081 3F       		.uleb128 0x3f
 702 0082 19       		.uleb128 0x19
 703 0083 03       		.uleb128 0x3
 704 0084 0E       		.uleb128 0xe
 705 0085 3A       		.uleb128 0x3a
 706 0086 0B       		.uleb128 0xb
 707 0087 3B       		.uleb128 0x3b
 708 0088 0B       		.uleb128 0xb
 709 0089 27       		.uleb128 0x27
 710 008a 19       		.uleb128 0x19
 711 008b 11       		.uleb128 0x11
 712 008c 01       		.uleb128 0x1
 713 008d 12       		.uleb128 0x12
 714 008e 06       		.uleb128 0x6
 715 008f 40       		.uleb128 0x40
 716 0090 18       		.uleb128 0x18
 717 0091 9742     		.uleb128 0x2117
 718 0093 19       		.uleb128 0x19
 719 0094 01       		.uleb128 0x1
 720 0095 13       		.uleb128 0x13
 721 0096 00       		.byte	0
 722 0097 00       		.byte	0
 723 0098 0C       		.uleb128 0xc
 724 0099 0B       		.uleb128 0xb
 725 009a 01       		.byte	0x1
 726 009b 55       		.uleb128 0x55
 727 009c 17       		.uleb128 0x17
 728 009d 01       		.uleb128 0x1
 729 009e 13       		.uleb128 0x13
 730 009f 00       		.byte	0
 731 00a0 00       		.byte	0
 732 00a1 0D       		.uleb128 0xd
 733 00a2 13       		.uleb128 0x13
 734 00a3 01       		.byte	0x1
 735 00a4 0B       		.uleb128 0xb
 736 00a5 0B       		.uleb128 0xb
 737 00a6 3A       		.uleb128 0x3a
 738 00a7 0B       		.uleb128 0xb
 739 00a8 3B       		.uleb128 0x3b
 740 00a9 0B       		.uleb128 0xb
 741 00aa 01       		.uleb128 0x1
 742 00ab 13       		.uleb128 0x13
 743 00ac 00       		.byte	0
ARM GAS  C:\Users\STUDENT\AppData\Local\Temp\ccTfkKa4.s 			page 20


 744 00ad 00       		.byte	0
 745 00ae 0E       		.uleb128 0xe
 746 00af 0D       		.uleb128 0xd
 747 00b0 00       		.byte	0
 748 00b1 03       		.uleb128 0x3
 749 00b2 0E       		.uleb128 0xe
 750 00b3 3A       		.uleb128 0x3a
 751 00b4 0B       		.uleb128 0xb
 752 00b5 3B       		.uleb128 0x3b
 753 00b6 0B       		.uleb128 0xb
 754 00b7 49       		.uleb128 0x49
 755 00b8 13       		.uleb128 0x13
 756 00b9 38       		.uleb128 0x38
 757 00ba 0B       		.uleb128 0xb
 758 00bb 00       		.byte	0
 759 00bc 00       		.byte	0
 760 00bd 0F       		.uleb128 0xf
 761 00be 01       		.uleb128 0x1
 762 00bf 01       		.byte	0x1
 763 00c0 49       		.uleb128 0x49
 764 00c1 13       		.uleb128 0x13
 765 00c2 01       		.uleb128 0x1
 766 00c3 13       		.uleb128 0x13
 767 00c4 00       		.byte	0
 768 00c5 00       		.byte	0
 769 00c6 10       		.uleb128 0x10
 770 00c7 21       		.uleb128 0x21
 771 00c8 00       		.byte	0
 772 00c9 49       		.uleb128 0x49
 773 00ca 13       		.uleb128 0x13
 774 00cb 2F       		.uleb128 0x2f
 775 00cc 0B       		.uleb128 0xb
 776 00cd 00       		.byte	0
 777 00ce 00       		.byte	0
 778 00cf 11       		.uleb128 0x11
 779 00d0 26       		.uleb128 0x26
 780 00d1 00       		.byte	0
 781 00d2 49       		.uleb128 0x49
 782 00d3 13       		.uleb128 0x13
 783 00d4 00       		.byte	0
 784 00d5 00       		.byte	0
 785 00d6 12       		.uleb128 0x12
 786 00d7 34       		.uleb128 0x34
 787 00d8 00       		.byte	0
 788 00d9 03       		.uleb128 0x3
 789 00da 0E       		.uleb128 0xe
 790 00db 3A       		.uleb128 0x3a
 791 00dc 0B       		.uleb128 0xb
 792 00dd 3B       		.uleb128 0x3b
 793 00de 0B       		.uleb128 0xb
 794 00df 49       		.uleb128 0x49
 795 00e0 13       		.uleb128 0x13
 796 00e1 1C       		.uleb128 0x1c
 797 00e2 0A       		.uleb128 0xa
 798 00e3 00       		.byte	0
 799 00e4 00       		.byte	0
 800 00e5 13       		.uleb128 0x13
ARM GAS  C:\Users\STUDENT\AppData\Local\Temp\ccTfkKa4.s 			page 21


 801 00e6 34       		.uleb128 0x34
 802 00e7 00       		.byte	0
 803 00e8 03       		.uleb128 0x3
 804 00e9 08       		.uleb128 0x8
 805 00ea 3A       		.uleb128 0x3a
 806 00eb 0B       		.uleb128 0xb
 807 00ec 3B       		.uleb128 0x3b
 808 00ed 05       		.uleb128 0x5
 809 00ee 49       		.uleb128 0x49
 810 00ef 13       		.uleb128 0x13
 811 00f0 02       		.uleb128 0x2
 812 00f1 17       		.uleb128 0x17
 813 00f2 00       		.byte	0
 814 00f3 00       		.byte	0
 815 00f4 14       		.uleb128 0x14
 816 00f5 0B       		.uleb128 0xb
 817 00f6 01       		.byte	0x1
 818 00f7 11       		.uleb128 0x11
 819 00f8 01       		.uleb128 0x1
 820 00f9 12       		.uleb128 0x12
 821 00fa 06       		.uleb128 0x6
 822 00fb 00       		.byte	0
 823 00fc 00       		.byte	0
 824 00fd 15       		.uleb128 0x15
 825 00fe 0F       		.uleb128 0xf
 826 00ff 00       		.byte	0
 827 0100 0B       		.uleb128 0xb
 828 0101 0B       		.uleb128 0xb
 829 0102 49       		.uleb128 0x49
 830 0103 13       		.uleb128 0x13
 831 0104 00       		.byte	0
 832 0105 00       		.byte	0
 833 0106 16       		.uleb128 0x16
 834 0107 1D       		.uleb128 0x1d
 835 0108 01       		.byte	0x1
 836 0109 31       		.uleb128 0x31
 837 010a 13       		.uleb128 0x13
 838 010b 11       		.uleb128 0x11
 839 010c 01       		.uleb128 0x1
 840 010d 12       		.uleb128 0x12
 841 010e 06       		.uleb128 0x6
 842 010f 58       		.uleb128 0x58
 843 0110 0B       		.uleb128 0xb
 844 0111 59       		.uleb128 0x59
 845 0112 05       		.uleb128 0x5
 846 0113 00       		.byte	0
 847 0114 00       		.byte	0
 848 0115 17       		.uleb128 0x17
 849 0116 05       		.uleb128 0x5
 850 0117 00       		.byte	0
 851 0118 31       		.uleb128 0x31
 852 0119 13       		.uleb128 0x13
 853 011a 02       		.uleb128 0x2
 854 011b 17       		.uleb128 0x17
 855 011c 00       		.byte	0
 856 011d 00       		.byte	0
 857 011e 18       		.uleb128 0x18
ARM GAS  C:\Users\STUDENT\AppData\Local\Temp\ccTfkKa4.s 			page 22


 858 011f 898201   		.uleb128 0x4109
 859 0122 01       		.byte	0x1
 860 0123 11       		.uleb128 0x11
 861 0124 01       		.uleb128 0x1
 862 0125 31       		.uleb128 0x31
 863 0126 13       		.uleb128 0x13
 864 0127 01       		.uleb128 0x1
 865 0128 13       		.uleb128 0x13
 866 0129 00       		.byte	0
 867 012a 00       		.byte	0
 868 012b 19       		.uleb128 0x19
 869 012c 8A8201   		.uleb128 0x410a
 870 012f 00       		.byte	0
 871 0130 02       		.uleb128 0x2
 872 0131 18       		.uleb128 0x18
 873 0132 9142     		.uleb128 0x2111
 874 0134 18       		.uleb128 0x18
 875 0135 00       		.byte	0
 876 0136 00       		.byte	0
 877 0137 1A       		.uleb128 0x1a
 878 0138 898201   		.uleb128 0x4109
 879 013b 01       		.byte	0x1
 880 013c 11       		.uleb128 0x11
 881 013d 01       		.uleb128 0x1
 882 013e 31       		.uleb128 0x31
 883 013f 13       		.uleb128 0x13
 884 0140 00       		.byte	0
 885 0141 00       		.byte	0
 886 0142 1B       		.uleb128 0x1b
 887 0143 1D       		.uleb128 0x1d
 888 0144 01       		.byte	0x1
 889 0145 31       		.uleb128 0x31
 890 0146 13       		.uleb128 0x13
 891 0147 52       		.uleb128 0x52
 892 0148 01       		.uleb128 0x1
 893 0149 55       		.uleb128 0x55
 894 014a 17       		.uleb128 0x17
 895 014b 58       		.uleb128 0x58
 896 014c 0B       		.uleb128 0xb
 897 014d 59       		.uleb128 0x59
 898 014e 05       		.uleb128 0x5
 899 014f 00       		.byte	0
 900 0150 00       		.byte	0
 901 0151 1C       		.uleb128 0x1c
 902 0152 2E       		.uleb128 0x2e
 903 0153 00       		.byte	0
 904 0154 3F       		.uleb128 0x3f
 905 0155 19       		.uleb128 0x19
 906 0156 3C       		.uleb128 0x3c
 907 0157 19       		.uleb128 0x19
 908 0158 6E       		.uleb128 0x6e
 909 0159 0E       		.uleb128 0xe
 910 015a 03       		.uleb128 0x3
 911 015b 0E       		.uleb128 0xe
 912 015c 00       		.byte	0
 913 015d 00       		.byte	0
 914 015e 1D       		.uleb128 0x1d
ARM GAS  C:\Users\STUDENT\AppData\Local\Temp\ccTfkKa4.s 			page 23


 915 015f 2E       		.uleb128 0x2e
 916 0160 00       		.byte	0
 917 0161 3F       		.uleb128 0x3f
 918 0162 19       		.uleb128 0x19
 919 0163 3C       		.uleb128 0x3c
 920 0164 19       		.uleb128 0x19
 921 0165 6E       		.uleb128 0x6e
 922 0166 0E       		.uleb128 0xe
 923 0167 03       		.uleb128 0x3
 924 0168 0E       		.uleb128 0xe
 925 0169 3A       		.uleb128 0x3a
 926 016a 0B       		.uleb128 0xb
 927 016b 3B       		.uleb128 0x3b
 928 016c 0B       		.uleb128 0xb
 929 016d 00       		.byte	0
 930 016e 00       		.byte	0
 931 016f 00       		.byte	0
 932              		.section	.debug_loc,"",%progbits
 933              	.Ldebug_loc0:
 934              	.LLST0:
 935 0000 04000000 		.4byte	.LVL0
 936 0004 12000000 		.4byte	.LVL1
 937 0008 0200     		.2byte	0x2
 938 000a 30       		.byte	0x30
 939 000b 9F       		.byte	0x9f
 940 000c 12000000 		.4byte	.LVL1
 941 0010 1C000000 		.4byte	.LVL2
 942 0014 0200     		.2byte	0x2
 943 0016 31       		.byte	0x31
 944 0017 9F       		.byte	0x9f
 945 0018 1C000000 		.4byte	.LVL2
 946 001c 10010000 		.4byte	.LFE5
 947 0020 0200     		.2byte	0x2
 948 0022 32       		.byte	0x32
 949 0023 9F       		.byte	0x9f
 950 0024 00000000 		.4byte	0
 951 0028 00000000 		.4byte	0
 952              	.LLST1:
 953 002c 04000000 		.4byte	.LVL0
 954 0030 12000000 		.4byte	.LVL1
 955 0034 0600     		.2byte	0x6
 956 0036 F2       		.byte	0xf2
 957 0037 6F010000 		.4byte	.Ldebug_info0+367
 958 003b 00       		.sleb128 0
 959 003c 12000000 		.4byte	.LVL1
 960 0040 10010000 		.4byte	.LFE5
 961 0044 0600     		.2byte	0x6
 962 0046 F2       		.byte	0xf2
 963 0047 6F010000 		.4byte	.Ldebug_info0+367
 964 004b 06       		.sleb128 6
 965 004c 00000000 		.4byte	0
 966 0050 00000000 		.4byte	0
 967              	.LLST2:
 968 0054 04000000 		.4byte	.LVL0
 969 0058 1C000000 		.4byte	.LVL2
 970 005c 0400     		.2byte	0x4
 971 005e 0A       		.byte	0xa
ARM GAS  C:\Users\STUDENT\AppData\Local\Temp\ccTfkKa4.s 			page 24


 972 005f 0004     		.2byte	0x400
 973 0061 9F       		.byte	0x9f
 974 0062 00000000 		.4byte	0
 975 0066 00000000 		.4byte	0
 976              	.LLST3:
 977 006a 04000000 		.4byte	.LVL0
 978 006e 12000000 		.4byte	.LVL1
 979 0072 0600     		.2byte	0x6
 980 0074 0C       		.byte	0xc
 981 0075 00300F40 		.4byte	0x400f3000
 982 0079 9F       		.byte	0x9f
 983 007a 12000000 		.4byte	.LVL1
 984 007e 1C000000 		.4byte	.LVL2
 985 0082 0600     		.2byte	0x6
 986 0084 0C       		.byte	0xc
 987 0085 00400F40 		.4byte	0x400f4000
 988 0089 9F       		.byte	0x9f
 989 008a 00000000 		.4byte	0
 990 008e 00000000 		.4byte	0
 991              		.section	.debug_aranges,"",%progbits
 992 0000 1C000000 		.4byte	0x1c
 993 0004 0200     		.2byte	0x2
 994 0006 00000000 		.4byte	.Ldebug_info0
 995 000a 04       		.byte	0x4
 996 000b 00       		.byte	0
 997 000c 0000     		.2byte	0
 998 000e 0000     		.2byte	0
 999 0010 00000000 		.4byte	.LFB5
 1000 0014 10010000 		.4byte	.LFE5-.LFB5
 1001 0018 00000000 		.4byte	0
 1002 001c 00000000 		.4byte	0
 1003              		.section	.debug_ranges,"",%progbits
 1004              	.Ldebug_ranges0:
 1005 0000 04000000 		.4byte	.LBB12
 1006 0004 30000000 		.4byte	.LBE12
 1007 0008 32000000 		.4byte	.LBB21
 1008 000c 36000000 		.4byte	.LBE21
 1009 0010 38000000 		.4byte	.LBB23
 1010 0014 3C000000 		.4byte	.LBE23
 1011 0018 3E000000 		.4byte	.LBB25
 1012 001c 42000000 		.4byte	.LBE25
 1013 0020 42000000 		.4byte	.LBB26
 1014 0024 48000000 		.4byte	.LBE26
 1015 0028 00000000 		.4byte	0
 1016 002c 00000000 		.4byte	0
 1017 0030 30000000 		.4byte	.LBB16
 1018 0034 32000000 		.4byte	.LBE16
 1019 0038 36000000 		.4byte	.LBB22
 1020 003c 38000000 		.4byte	.LBE22
 1021 0040 3C000000 		.4byte	.LBB24
 1022 0044 3E000000 		.4byte	.LBE24
 1023 0048 76000000 		.4byte	.LBB27
 1024 004c AC000000 		.4byte	.LBE27
 1025 0050 00000000 		.4byte	0
 1026 0054 00000000 		.4byte	0
 1027 0058 00000000 		.4byte	.LFB5
 1028 005c 10010000 		.4byte	.LFE5
ARM GAS  C:\Users\STUDENT\AppData\Local\Temp\ccTfkKa4.s 			page 25


 1029 0060 00000000 		.4byte	0
 1030 0064 00000000 		.4byte	0
 1031              		.section	.debug_line,"",%progbits
 1032              	.Ldebug_line0:
 1033 0000 41010000 		.section	.debug_str,"MS",%progbits,1
 1033      0200D600 
 1033      00000201 
 1033      FB0E0D00 
 1033      01010101 
 1034              	.LASF19:
 1035 0000 72656733 		.ascii	"reg32\000"
 1035      3200
 1036              	.LASF12:
 1037 0006 73697A65 		.ascii	"size_t\000"
 1037      5F7400
 1038              	.LASF20:
 1039 000d 416E616C 		.ascii	"AnalogSetDefault\000"
 1039      6F675365 
 1039      74446566 
 1039      61756C74 
 1039      00
 1040              	.LASF27:
 1041 001e 4379496E 		.ascii	"CyIntSetVector\000"
 1041      74536574 
 1041      56656374 
 1041      6F7200
 1042              	.LASF25:
 1043 002d 6366675F 		.ascii	"cfg_memset_list\000"
 1043      6D656D73 
 1043      65745F6C 
 1043      69737400 
 1044              	.LASF21:
 1045 003d 436C6F63 		.ascii	"ClockSetup\000"
 1045      6B536574 
 1045      757000
 1046              	.LASF6:
 1047 0048 73686F72 		.ascii	"short unsigned int\000"
 1047      7420756E 
 1047      7369676E 
 1047      65642069 
 1047      6E7400
 1048              	.LASF16:
 1049 005b 666C6F61 		.ascii	"float\000"
 1049      7400
 1050              	.LASF23:
 1051 0061 73697A65 		.ascii	"size\000"
 1051      00
 1052              	.LASF18:
 1053 0066 72656738 		.ascii	"reg8\000"
 1053      00
 1054              	.LASF8:
 1055 006b 6C6F6E67 		.ascii	"long unsigned int\000"
 1055      20756E73 
 1055      69676E65 
 1055      6420696E 
 1055      7400
 1056              	.LASF13:
ARM GAS  C:\Users\STUDENT\AppData\Local\Temp\ccTfkKa4.s 			page 26


 1057 007d 75696E74 		.ascii	"uint8\000"
 1057      3800
 1058              	.LASF32:
 1059 0083 43594D45 		.ascii	"CYMEMZERO\000"
 1059      4D5A4552 
 1059      4F00
 1060              	.LASF4:
 1061 008d 756E7369 		.ascii	"unsigned char\000"
 1061      676E6564 
 1061      20636861 
 1061      7200
 1062              	.LASF34:
 1063 009b 6D656D73 		.ascii	"memset\000"
 1063      657400
 1064              	.LASF17:
 1065 00a2 646F7562 		.ascii	"double\000"
 1065      6C6500
 1066              	.LASF28:
 1067 00a9 4379496E 		.ascii	"CyIntEnable\000"
 1067      74456E61 
 1067      626C6500 
 1068              	.LASF14:
 1069 00b5 75696E74 		.ascii	"uint16\000"
 1069      313600
 1070              	.LASF15:
 1071 00bc 75696E74 		.ascii	"uint32\000"
 1071      333200
 1072              	.LASF0:
 1073 00c3 756E7369 		.ascii	"unsigned int\000"
 1073      676E6564 
 1073      20696E74 
 1073      00
 1074              	.LASF33:
 1075 00d0 63796669 		.ascii	"cyfitter_cfg\000"
 1075      74746572 
 1075      5F636667 
 1075      00
 1076              	.LASF22:
 1077 00dd 61646472 		.ascii	"address\000"
 1077      65737300 
 1078              	.LASF9:
 1079 00e5 6C6F6E67 		.ascii	"long long unsigned int\000"
 1079      206C6F6E 
 1079      6720756E 
 1079      7369676E 
 1079      65642069 
 1080              	.LASF24:
 1081 00fc 6366675F 		.ascii	"cfg_memset_t\000"
 1081      6D656D73 
 1081      65745F74 
 1081      00
 1082              	.LASF10:
 1083 0109 73697A65 		.ascii	"sizetype\000"
 1083      74797065 
 1083      00
 1084              	.LASF1:
 1085 0112 6C6F6E67 		.ascii	"long long int\000"
ARM GAS  C:\Users\STUDENT\AppData\Local\Temp\ccTfkKa4.s 			page 27


 1085      206C6F6E 
 1085      6720696E 
 1085      7400
 1086              	.LASF11:
 1087 0120 63686172 		.ascii	"char\000"
 1087      00
 1088              	.LASF31:
 1089 0125 433A5C55 		.ascii	"C:\\Users\\STUDENT\\Documents\\PSoC Creator\\Lab1\\"
 1089      73657273 
 1089      5C535455 
 1089      44454E54 
 1089      5C446F63 
 1090 0152 4C616233 		.ascii	"Lab3_Var6_Task2.cydsn\000"
 1090      5F566172 
 1090      365F5461 
 1090      736B322E 
 1090      63796473 
 1091              	.LASF5:
 1092 0168 73686F72 		.ascii	"short int\000"
 1092      7420696E 
 1092      7400
 1093              	.LASF26:
 1094 0172 43795379 		.ascii	"CySysClkWriteImoFreq\000"
 1094      73436C6B 
 1094      57726974 
 1094      65496D6F 
 1094      46726571 
 1095              	.LASF7:
 1096 0187 6C6F6E67 		.ascii	"long int\000"
 1096      20696E74 
 1096      00
 1097              	.LASF2:
 1098 0190 6C6F6E67 		.ascii	"long double\000"
 1098      20646F75 
 1098      626C6500 
 1099              	.LASF3:
 1100 019c 7369676E 		.ascii	"signed char\000"
 1100      65642063 
 1100      68617200 
 1101              	.LASF30:
 1102 01a8 47656E65 		.ascii	"Generated_Source\\PSoC4\\cyfitter_cfg.c\000"
 1102      72617465 
 1102      645F536F 
 1102      75726365 
 1102      5C50536F 
 1103              	.LASF29:
 1104 01ce 474E5520 		.ascii	"GNU C11 5.4.1 20160609 (release) [ARM/embedded-5-br"
 1104      43313120 
 1104      352E342E 
 1104      31203230 
 1104      31363036 
 1105 0201 616E6368 		.ascii	"anch revision 237715] -mcpu=cortex-m0 -mthumb -g -O"
 1105      20726576 
 1105      6973696F 
 1105      6E203233 
 1105      37373135 
 1106 0234 73202D66 		.ascii	"s -ffunction-sections -ffat-lto-objects\000"
ARM GAS  C:\Users\STUDENT\AppData\Local\Temp\ccTfkKa4.s 			page 28


 1106      66756E63 
 1106      74696F6E 
 1106      2D736563 
 1106      74696F6E 
 1107              		.ident	"GCC: (GNU Tools for ARM Embedded Processors) 5.4.1 20160609 (release) [ARM/embedded-5-bran
