Archive member included to satisfy reference by file (symbol)

.\CortexM0\ARM_GCC_541\Release\Lab3_Var6_Task2.a(CyLib.o)
                              .\CortexM0\ARM_GCC_541\Release\cyfitter_cfg.o (CyIntSetVector)
.\CortexM0\ARM_GCC_541\Release\Lab3_Var6_Task2.a(CyLFClk.o)
                              .\CortexM0\ARM_GCC_541\Release\cyfitter_cfg.o (CySysWdtIsr)
.\CortexM0\ARM_GCC_541\Release\Lab3_Var6_Task2.a(LED_GREEN.o)
                              .\CortexM0\ARM_GCC_541\Release\main.o (LED_GREEN_Write)
.\CortexM0\ARM_GCC_541\Release\Lab3_Var6_Task2.a(LED_BLUE.o)
                              .\CortexM0\ARM_GCC_541\Release\main.o (LED_BLUE_Write)
.\CortexM0\ARM_GCC_541\Release\Lab3_Var6_Task2.a(LED_RED.o)
                              .\CortexM0\ARM_GCC_541\Release\main.o (LED_RED_Write)
.\CortexM0\ARM_GCC_541\Release\Lab3_Var6_Task2.a(SW_Tx_UART.o)
                              .\CortexM0\ARM_GCC_541\Release\main.o (SW_Tx_UART_Start)
.\CortexM0\ARM_GCC_541\Release\Lab3_Var6_Task2.a(COLUMN_0.o)
                              .\CortexM0\ARM_GCC_541\Release\main.o (COLUMN_0_SetDriveMode)
.\CortexM0\ARM_GCC_541\Release\Lab3_Var6_Task2.a(COLUMN_1.o)
                              .\CortexM0\ARM_GCC_541\Release\main.o (COLUMN_1_SetDriveMode)
.\CortexM0\ARM_GCC_541\Release\Lab3_Var6_Task2.a(COLUMN_2.o)
                              .\CortexM0\ARM_GCC_541\Release\main.o (COLUMN_2_SetDriveMode)
.\CortexM0\ARM_GCC_541\Release\Lab3_Var6_Task2.a(ROW_0.o)
                              .\CortexM0\ARM_GCC_541\Release\main.o (ROW_0_Read)
.\CortexM0\ARM_GCC_541\Release\Lab3_Var6_Task2.a(ROW_1.o)
                              .\CortexM0\ARM_GCC_541\Release\main.o (ROW_1_Read)
.\CortexM0\ARM_GCC_541\Release\Lab3_Var6_Task2.a(ROW_2.o)
                              .\CortexM0\ARM_GCC_541\Release\main.o (ROW_2_Read)
.\CortexM0\ARM_GCC_541\Release\Lab3_Var6_Task2.a(ROW_3.o)
                              .\CortexM0\ARM_GCC_541\Release\main.o (ROW_3_Read)
.\CortexM0\ARM_GCC_541\Release\Lab3_Var6_Task2.a(CyBootAsmGnu.o)
                              .\CortexM0\ARM_GCC_541\Release\Lab3_Var6_Task2.a(CyLib.o) (CyDelayCycles)
.\CortexM0\ARM_GCC_541\Release\Lab3_Var6_Task2.a(SW_Tx_UART_AsmGnu.o)
                              .\CortexM0\ARM_GCC_541\Release\main.o (SW_Tx_UART_PutChar)
c:/program files (x86)/cypress/psoc creator/4.4/psoc creator/import/gnu/arm/5.4.1/bin/../lib/gcc/arm-none-eabi/5.4.1/armv6-m\libgcc.a(_udivsi3.o)
                              .\CortexM0\ARM_GCC_541\Release\Lab3_Var6_Task2.a(CyLib.o) (__aeabi_uidiv)
c:/program files (x86)/cypress/psoc creator/4.4/psoc creator/import/gnu/arm/5.4.1/bin/../lib/gcc/arm-none-eabi/5.4.1/armv6-m\libgcc.a(_dvmd_tls.o)
                              c:/program files (x86)/cypress/psoc creator/4.4/psoc creator/import/gnu/arm/5.4.1/bin/../lib/gcc/arm-none-eabi/5.4.1/armv6-m\libgcc.a(_udivsi3.o) (__aeabi_idiv0)
c:/program files (x86)/cypress/psoc creator/4.4/psoc creator/import/gnu/arm/5.4.1/bin/../lib/gcc/arm-none-eabi/5.4.1/../../../../arm-none-eabi/lib/armv6-m\libg_nano.a(lib_a-errno.o)
                              .\CortexM0\ARM_GCC_541\Release\Cm0Start.o (__errno)
c:/program files (x86)/cypress/psoc creator/4.4/psoc creator/import/gnu/arm/5.4.1/bin/../lib/gcc/arm-none-eabi/5.4.1/../../../../arm-none-eabi/lib/armv6-m\libg_nano.a(lib_a-exit.o)
                              c:/program files (x86)/cypress/psoc creator/4.4/psoc creator/import/gnu/arm/5.4.1/bin/../lib/gcc/arm-none-eabi/5.4.1/../../../../arm-none-eabi/lib/armv6-m/crt0.o (exit)
c:/program files (x86)/cypress/psoc creator/4.4/psoc creator/import/gnu/arm/5.4.1/bin/../lib/gcc/arm-none-eabi/5.4.1/../../../../arm-none-eabi/lib/armv6-m\libg_nano.a(lib_a-impure.o)
                              c:/program files (x86)/cypress/psoc creator/4.4/psoc creator/import/gnu/arm/5.4.1/bin/../lib/gcc/arm-none-eabi/5.4.1/../../../../arm-none-eabi/lib/armv6-m\libg_nano.a(lib_a-exit.o) (_global_impure_ptr)
c:/program files (x86)/cypress/psoc creator/4.4/psoc creator/import/gnu/arm/5.4.1/bin/../lib/gcc/arm-none-eabi/5.4.1/../../../../arm-none-eabi/lib/armv6-m\libg_nano.a(lib_a-init.o)
                              c:/program files (x86)/cypress/psoc creator/4.4/psoc creator/import/gnu/arm/5.4.1/bin/../lib/gcc/arm-none-eabi/5.4.1/../../../../arm-none-eabi/lib/armv6-m/crt0.o (__libc_init_array)
c:/program files (x86)/cypress/psoc creator/4.4/psoc creator/import/gnu/arm/5.4.1/bin/../lib/gcc/arm-none-eabi/5.4.1/../../../../arm-none-eabi/lib/armv6-m\libg_nano.a(lib_a-memset.o)
                              c:/program files (x86)/cypress/psoc creator/4.4/psoc creator/import/gnu/arm/5.4.1/bin/../lib/gcc/arm-none-eabi/5.4.1/../../../../arm-none-eabi/lib/armv6-m/crt0.o (memset)
c:/program files (x86)/cypress/psoc creator/4.4/psoc creator/import/gnu/arm/5.4.1/bin/../lib/gcc/arm-none-eabi/5.4.1/../../../../arm-none-eabi/lib/armv6-m\libg_nano.a(lib_a-strcmp.o)
                              .\CortexM0\ARM_GCC_541\Release\main.o (strcmp)

Allocating common symbols
Common symbol       size              file

input               0xa               .\CortexM0\ARM_GCC_541\Release\main.o

Discarded input sections

 .text          0x00000000        0x0 c:/program files (x86)/cypress/psoc creator/4.4/psoc creator/import/gnu/arm/5.4.1/bin/../lib/gcc/arm-none-eabi/5.4.1/armv6-m/crti.o
 .data          0x00000000        0x0 c:/program files (x86)/cypress/psoc creator/4.4/psoc creator/import/gnu/arm/5.4.1/bin/../lib/gcc/arm-none-eabi/5.4.1/armv6-m/crti.o
 .bss           0x00000000        0x0 c:/program files (x86)/cypress/psoc creator/4.4/psoc creator/import/gnu/arm/5.4.1/bin/../lib/gcc/arm-none-eabi/5.4.1/armv6-m/crti.o
 .data          0x00000000        0x4 c:/program files (x86)/cypress/psoc creator/4.4/psoc creator/import/gnu/arm/5.4.1/bin/../lib/gcc/arm-none-eabi/5.4.1/armv6-m/crtbegin.o
 .text          0x00000000       0x78 c:/program files (x86)/cypress/psoc creator/4.4/psoc creator/import/gnu/arm/5.4.1/bin/../lib/gcc/arm-none-eabi/5.4.1/../../../../arm-none-eabi/lib/armv6-m/crt0.o
 .data          0x00000000        0x0 c:/program files (x86)/cypress/psoc creator/4.4/psoc creator/import/gnu/arm/5.4.1/bin/../lib/gcc/arm-none-eabi/5.4.1/../../../../arm-none-eabi/lib/armv6-m/crt0.o
 .bss           0x00000000        0x0 c:/program files (x86)/cypress/psoc creator/4.4/psoc creator/import/gnu/arm/5.4.1/bin/../lib/gcc/arm-none-eabi/5.4.1/../../../../arm-none-eabi/lib/armv6-m/crt0.o
 .ARM.extab     0x00000000        0x0 c:/program files (x86)/cypress/psoc creator/4.4/psoc creator/import/gnu/arm/5.4.1/bin/../lib/gcc/arm-none-eabi/5.4.1/../../../../arm-none-eabi/lib/armv6-m/crt0.o
 .ARM.exidx     0x00000000        0x8 c:/program files (x86)/cypress/psoc creator/4.4/psoc creator/import/gnu/arm/5.4.1/bin/../lib/gcc/arm-none-eabi/5.4.1/../../../../arm-none-eabi/lib/armv6-m/crt0.o
 .text          0x00000000        0x0 .\CortexM0\ARM_GCC_541\Release\main.o
 .text          0x00000000        0x0 .\CortexM0\ARM_GCC_541\Release\cyfitter_cfg.o
 .data          0x00000000        0x0 .\CortexM0\ARM_GCC_541\Release\cyfitter_cfg.o
 .bss           0x00000000        0x0 .\CortexM0\ARM_GCC_541\Release\cyfitter_cfg.o
 .text          0x00000000        0x0 .\CortexM0\ARM_GCC_541\Release\cymetadata.o
 .data          0x00000000        0x0 .\CortexM0\ARM_GCC_541\Release\cymetadata.o
 .bss           0x00000000        0x0 .\CortexM0\ARM_GCC_541\Release\cymetadata.o
 .text          0x00000000        0x0 .\CortexM0\ARM_GCC_541\Release\Cm0Start.o
 .data          0x00000000        0x4 .\CortexM0\ARM_GCC_541\Release\Cm0Start.o
 .bss           0x00000000        0x0 .\CortexM0\ARM_GCC_541\Release\Cm0Start.o
 .text._exit    0x00000000        0xa .\CortexM0\ARM_GCC_541\Release\Cm0Start.o
 .text._sbrk    0x00000000       0x2c .\CortexM0\ARM_GCC_541\Release\Cm0Start.o
 .text          0x00000000        0x0 .\CortexM0\ARM_GCC_541\Release\Lab3_Var6_Task2.a(CyLib.o)
 .bss           0x00000000       0x18 .\CortexM0\ARM_GCC_541\Release\Lab3_Var6_Task2.a(CyLib.o)
 .text.CySysClkImoStart
                0x00000000       0x14 .\CortexM0\ARM_GCC_541\Release\Lab3_Var6_Task2.a(CyLib.o)
 .text.CySysClkImoStop
                0x00000000       0x10 .\CortexM0\ARM_GCC_541\Release\Lab3_Var6_Task2.a(CyLib.o)
 .text.CySysClkWriteHfclkDirect
                0x00000000       0x20 .\CortexM0\ARM_GCC_541\Release\Lab3_Var6_Task2.a(CyLib.o)
 .text.CySysEnablePumpClock
                0x00000000       0x34 .\CortexM0\ARM_GCC_541\Release\Lab3_Var6_Task2.a(CyLib.o)
 .text.CySysClkGetSysclkSource
                0x00000000       0x18 .\CortexM0\ARM_GCC_541\Release\Lab3_Var6_Task2.a(CyLib.o)
 .text.CySysClkWriteSysclkDiv
                0x00000000       0x2c .\CortexM0\ARM_GCC_541\Release\Lab3_Var6_Task2.a(CyLib.o)
 .text.CySysLvdDisable
                0x00000000       0x20 .\CortexM0\ARM_GCC_541\Release\Lab3_Var6_Task2.a(CyLib.o)
 .text.CySysLvdGetInterruptSource
                0x00000000       0x10 .\CortexM0\ARM_GCC_541\Release\Lab3_Var6_Task2.a(CyLib.o)
 .text.CySysLvdClearInterrupt
                0x00000000        0xc .\CortexM0\ARM_GCC_541\Release\Lab3_Var6_Task2.a(CyLib.o)
 .text.CySysGetResetReason
                0x00000000       0x14 .\CortexM0\ARM_GCC_541\Release\Lab3_Var6_Task2.a(CyLib.o)
 .text.CyDisableInts
                0x00000000       0x10 .\CortexM0\ARM_GCC_541\Release\Lab3_Var6_Task2.a(CyLib.o)
 .text.CyEnableInts
                0x00000000        0xc .\CortexM0\ARM_GCC_541\Release\Lab3_Var6_Task2.a(CyLib.o)
 .text.CyIntSetSysVector
                0x00000000        0xe .\CortexM0\ARM_GCC_541\Release\Lab3_Var6_Task2.a(CyLib.o)
 .text.CyIntGetSysVector
                0x00000000        0xc .\CortexM0\ARM_GCC_541\Release\Lab3_Var6_Task2.a(CyLib.o)
 .text.CyIntGetVector
                0x00000000       0x10 .\CortexM0\ARM_GCC_541\Release\Lab3_Var6_Task2.a(CyLib.o)
 .text.CyIntSetPriority
                0x00000000       0x34 .\CortexM0\ARM_GCC_541\Release\Lab3_Var6_Task2.a(CyLib.o)
 .text.CyIntGetPriority
                0x00000000       0x20 .\CortexM0\ARM_GCC_541\Release\Lab3_Var6_Task2.a(CyLib.o)
 .text.CyIntGetState
                0x00000000       0x18 .\CortexM0\ARM_GCC_541\Release\Lab3_Var6_Task2.a(CyLib.o)
 .text.CyIntDisable
                0x00000000       0x14 .\CortexM0\ARM_GCC_541\Release\Lab3_Var6_Task2.a(CyLib.o)
 .text.CyIntSetPending
                0x00000000       0x14 .\CortexM0\ARM_GCC_541\Release\Lab3_Var6_Task2.a(CyLib.o)
 .text.CyIntClearPending
                0x00000000       0x14 .\CortexM0\ARM_GCC_541\Release\Lab3_Var6_Task2.a(CyLib.o)
 .text.CyHalt   0x00000000        0x4 .\CortexM0\ARM_GCC_541\Release\Lab3_Var6_Task2.a(CyLib.o)
 .text.CySoftwareReset
                0x00000000       0x18 .\CortexM0\ARM_GCC_541\Release\Lab3_Var6_Task2.a(CyLib.o)
 .text.CySysLvdEnable
                0x00000000       0x44 .\CortexM0\ARM_GCC_541\Release\Lab3_Var6_Task2.a(CyLib.o)
 .text.CyDelayFreq
                0x00000000       0x48 .\CortexM0\ARM_GCC_541\Release\Lab3_Var6_Task2.a(CyLib.o)
 .text.CySysTickInit
                0x00000000       0x44 .\CortexM0\ARM_GCC_541\Release\Lab3_Var6_Task2.a(CyLib.o)
 .text.CySysTickStop
                0x00000000       0x10 .\CortexM0\ARM_GCC_541\Release\Lab3_Var6_Task2.a(CyLib.o)
 .text.CySysTickEnableInterrupt
                0x00000000       0x10 .\CortexM0\ARM_GCC_541\Release\Lab3_Var6_Task2.a(CyLib.o)
 .text.CySysTickEnable
                0x00000000       0x18 .\CortexM0\ARM_GCC_541\Release\Lab3_Var6_Task2.a(CyLib.o)
 .text.CySysTickStart
                0x00000000       0x1c .\CortexM0\ARM_GCC_541\Release\Lab3_Var6_Task2.a(CyLib.o)
 .text.CySysTickDisableInterrupt
                0x00000000       0x10 .\CortexM0\ARM_GCC_541\Release\Lab3_Var6_Task2.a(CyLib.o)
 .text.CySysTickSetReload
                0x00000000       0x10 .\CortexM0\ARM_GCC_541\Release\Lab3_Var6_Task2.a(CyLib.o)
 .text.CySysTickGetReload
                0x00000000       0x10 .\CortexM0\ARM_GCC_541\Release\Lab3_Var6_Task2.a(CyLib.o)
 .text.CySysTickGetValue
                0x00000000       0x10 .\CortexM0\ARM_GCC_541\Release\Lab3_Var6_Task2.a(CyLib.o)
 .text.CySysTickGetCountFlag
                0x00000000       0x10 .\CortexM0\ARM_GCC_541\Release\Lab3_Var6_Task2.a(CyLib.o)
 .text.CySysTickServiceCallbacks
                0x00000000       0x24 .\CortexM0\ARM_GCC_541\Release\Lab3_Var6_Task2.a(CyLib.o)
 .text.CySysTickClear
                0x00000000        0xc .\CortexM0\ARM_GCC_541\Release\Lab3_Var6_Task2.a(CyLib.o)
 .text.CySysTickSetCallback
                0x00000000       0x10 .\CortexM0\ARM_GCC_541\Release\Lab3_Var6_Task2.a(CyLib.o)
 .text.CySysTickGetCallback
                0x00000000        0xc .\CortexM0\ARM_GCC_541\Release\Lab3_Var6_Task2.a(CyLib.o)
 .text.CyGetUniqueId
                0x00000000       0x74 .\CortexM0\ARM_GCC_541\Release\Lab3_Var6_Task2.a(CyLib.o)
 .text          0x00000000        0x0 .\CortexM0\ARM_GCC_541\Release\Lab3_Var6_Task2.a(CyLFClk.o)
 .text.CySysClkIloStart
                0x00000000       0x14 .\CortexM0\ARM_GCC_541\Release\Lab3_Var6_Task2.a(CyLFClk.o)
 .text.CySysClkIloStartMeasurement
                0x00000000       0x34 .\CortexM0\ARM_GCC_541\Release\Lab3_Var6_Task2.a(CyLFClk.o)
 .text.CySysClkIloStopMeasurement
                0x00000000       0x14 .\CortexM0\ARM_GCC_541\Release\Lab3_Var6_Task2.a(CyLFClk.o)
 .text.CySysClkIloCompensate
                0x00000000       0xe8 .\CortexM0\ARM_GCC_541\Release\Lab3_Var6_Task2.a(CyLFClk.o)
 .text.CySysWdtGetEnabledStatus
                0x00000000       0x18 .\CortexM0\ARM_GCC_541\Release\Lab3_Var6_Task2.a(CyLFClk.o)
 .text.CySysWdtSetMode
                0x00000000       0x2c .\CortexM0\ARM_GCC_541\Release\Lab3_Var6_Task2.a(CyLFClk.o)
 .text.CySysWdtGetMode
                0x00000000       0x14 .\CortexM0\ARM_GCC_541\Release\Lab3_Var6_Task2.a(CyLFClk.o)
 .text.CySysWdtSetClearOnMatch
                0x00000000       0x2c .\CortexM0\ARM_GCC_541\Release\Lab3_Var6_Task2.a(CyLFClk.o)
 .text.CySysWdtGetClearOnMatch
                0x00000000       0x18 .\CortexM0\ARM_GCC_541\Release\Lab3_Var6_Task2.a(CyLFClk.o)
 .text.CySysWdtEnable
                0x00000000       0x40 .\CortexM0\ARM_GCC_541\Release\Lab3_Var6_Task2.a(CyLFClk.o)
 .text.CySysWdtDisable
                0x00000000       0x48 .\CortexM0\ARM_GCC_541\Release\Lab3_Var6_Task2.a(CyLFClk.o)
 .text.CySysWdtSetCascade
                0x00000000       0x34 .\CortexM0\ARM_GCC_541\Release\Lab3_Var6_Task2.a(CyLFClk.o)
 .text.CySysWdtGetCascade
                0x00000000       0x14 .\CortexM0\ARM_GCC_541\Release\Lab3_Var6_Task2.a(CyLFClk.o)
 .text.CySysWdtSetMatch
                0x00000000       0x30 .\CortexM0\ARM_GCC_541\Release\Lab3_Var6_Task2.a(CyLFClk.o)
 .text.CySysWdtSetToggleBit
                0x00000000       0x2c .\CortexM0\ARM_GCC_541\Release\Lab3_Var6_Task2.a(CyLFClk.o)
 .text.CySysWdtGetToggleBit
                0x00000000       0x10 .\CortexM0\ARM_GCC_541\Release\Lab3_Var6_Task2.a(CyLFClk.o)
 .text.CySysWdtGetMatch
                0x00000000       0x14 .\CortexM0\ARM_GCC_541\Release\Lab3_Var6_Task2.a(CyLFClk.o)
 .text.CySysWdtGetCount
                0x00000000       0x30 .\CortexM0\ARM_GCC_541\Release\Lab3_Var6_Task2.a(CyLFClk.o)
 .text.CySysClkIloStop
                0x00000000       0xb8 .\CortexM0\ARM_GCC_541\Release\Lab3_Var6_Task2.a(CyLFClk.o)
 .text.CySysWdtGetInterruptSource
                0x00000000       0x14 .\CortexM0\ARM_GCC_541\Release\Lab3_Var6_Task2.a(CyLFClk.o)
 .text.CySysWdtResetCounters
                0x00000000       0x1c .\CortexM0\ARM_GCC_541\Release\Lab3_Var6_Task2.a(CyLFClk.o)
 .text.CySysWdtSetInterruptCallback
                0x00000000       0x18 .\CortexM0\ARM_GCC_541\Release\Lab3_Var6_Task2.a(CyLFClk.o)
 .text.CySysWdtGetInterruptCallback
                0x00000000       0x18 .\CortexM0\ARM_GCC_541\Release\Lab3_Var6_Task2.a(CyLFClk.o)
 .text.CySysWdtEnableCounterIsr
                0x00000000       0x28 .\CortexM0\ARM_GCC_541\Release\Lab3_Var6_Task2.a(CyLFClk.o)
 .text.CySysWdtDisableCounterIsr
                0x00000000       0x1c .\CortexM0\ARM_GCC_541\Release\Lab3_Var6_Task2.a(CyLFClk.o)
 .text.CySysWatchdogFeed
                0x00000000       0x4e .\CortexM0\ARM_GCC_541\Release\Lab3_Var6_Task2.a(CyLFClk.o)
 .text.CySysTimerDelayUntilMatch
                0x00000000       0x64 .\CortexM0\ARM_GCC_541\Release\Lab3_Var6_Task2.a(CyLFClk.o)
 .text.CySysTimerDelay
                0x00000000       0x34 .\CortexM0\ARM_GCC_541\Release\Lab3_Var6_Task2.a(CyLFClk.o)
 .rodata        0x00000000        0xc .\CortexM0\ARM_GCC_541\Release\Lab3_Var6_Task2.a(CyLFClk.o)
 .text          0x00000000        0x0 .\CortexM0\ARM_GCC_541\Release\Lab3_Var6_Task2.a(LED_GREEN.o)
 .data          0x00000000        0x0 .\CortexM0\ARM_GCC_541\Release\Lab3_Var6_Task2.a(LED_GREEN.o)
 .bss           0x00000000        0x0 .\CortexM0\ARM_GCC_541\Release\Lab3_Var6_Task2.a(LED_GREEN.o)
 .text.LED_GREEN_SetDriveMode
                0x00000000       0x18 .\CortexM0\ARM_GCC_541\Release\Lab3_Var6_Task2.a(LED_GREEN.o)
 .text.LED_GREEN_Read
                0x00000000       0x10 .\CortexM0\ARM_GCC_541\Release\Lab3_Var6_Task2.a(LED_GREEN.o)
 .text.LED_GREEN_ReadDataReg
                0x00000000       0x10 .\CortexM0\ARM_GCC_541\Release\Lab3_Var6_Task2.a(LED_GREEN.o)
 .text.LED_GREEN_SetInterruptMode
                0x00000000       0x14 .\CortexM0\ARM_GCC_541\Release\Lab3_Var6_Task2.a(LED_GREEN.o)
 .text.LED_GREEN_ClearInterrupt
                0x00000000       0x14 .\CortexM0\ARM_GCC_541\Release\Lab3_Var6_Task2.a(LED_GREEN.o)
 .text          0x00000000        0x0 .\CortexM0\ARM_GCC_541\Release\Lab3_Var6_Task2.a(LED_BLUE.o)
 .data          0x00000000        0x0 .\CortexM0\ARM_GCC_541\Release\Lab3_Var6_Task2.a(LED_BLUE.o)
 .bss           0x00000000        0x0 .\CortexM0\ARM_GCC_541\Release\Lab3_Var6_Task2.a(LED_BLUE.o)
 .text.LED_BLUE_SetDriveMode
                0x00000000       0x18 .\CortexM0\ARM_GCC_541\Release\Lab3_Var6_Task2.a(LED_BLUE.o)
 .text.LED_BLUE_Read
                0x00000000       0x10 .\CortexM0\ARM_GCC_541\Release\Lab3_Var6_Task2.a(LED_BLUE.o)
 .text.LED_BLUE_ReadDataReg
                0x00000000       0x10 .\CortexM0\ARM_GCC_541\Release\Lab3_Var6_Task2.a(LED_BLUE.o)
 .text.LED_BLUE_SetInterruptMode
                0x00000000       0x14 .\CortexM0\ARM_GCC_541\Release\Lab3_Var6_Task2.a(LED_BLUE.o)
 .text.LED_BLUE_ClearInterrupt
                0x00000000       0x14 .\CortexM0\ARM_GCC_541\Release\Lab3_Var6_Task2.a(LED_BLUE.o)
 .text          0x00000000        0x0 .\CortexM0\ARM_GCC_541\Release\Lab3_Var6_Task2.a(LED_RED.o)
 .data          0x00000000        0x0 .\CortexM0\ARM_GCC_541\Release\Lab3_Var6_Task2.a(LED_RED.o)
 .bss           0x00000000        0x0 .\CortexM0\ARM_GCC_541\Release\Lab3_Var6_Task2.a(LED_RED.o)
 .text.LED_RED_SetDriveMode
                0x00000000       0x18 .\CortexM0\ARM_GCC_541\Release\Lab3_Var6_Task2.a(LED_RED.o)
 .text.LED_RED_Read
                0x00000000       0x10 .\CortexM0\ARM_GCC_541\Release\Lab3_Var6_Task2.a(LED_RED.o)
 .text.LED_RED_ReadDataReg
                0x00000000       0x10 .\CortexM0\ARM_GCC_541\Release\Lab3_Var6_Task2.a(LED_RED.o)
 .text.LED_RED_SetInterruptMode
                0x00000000       0x14 .\CortexM0\ARM_GCC_541\Release\Lab3_Var6_Task2.a(LED_RED.o)
 .text.LED_RED_ClearInterrupt
                0x00000000       0x14 .\CortexM0\ARM_GCC_541\Release\Lab3_Var6_Task2.a(LED_RED.o)
 .text          0x00000000        0x0 .\CortexM0\ARM_GCC_541\Release\Lab3_Var6_Task2.a(SW_Tx_UART.o)
 .bss           0x00000000        0x0 .\CortexM0\ARM_GCC_541\Release\Lab3_Var6_Task2.a(SW_Tx_UART.o)
 .text.SW_Tx_UART_Stop
                0x00000000        0x2 .\CortexM0\ARM_GCC_541\Release\Lab3_Var6_Task2.a(SW_Tx_UART.o)
 .text.SW_Tx_UART_PutArray
                0x00000000       0x16 .\CortexM0\ARM_GCC_541\Release\Lab3_Var6_Task2.a(SW_Tx_UART.o)
 .text.SW_Tx_UART_PutHexByte
                0x00000000       0x20 .\CortexM0\ARM_GCC_541\Release\Lab3_Var6_Task2.a(SW_Tx_UART.o)
 .text.SW_Tx_UART_PutHexInt
                0x00000000       0x12 .\CortexM0\ARM_GCC_541\Release\Lab3_Var6_Task2.a(SW_Tx_UART.o)
 .text.SW_Tx_UART_PutCRLF
                0x00000000       0x10 .\CortexM0\ARM_GCC_541\Release\Lab3_Var6_Task2.a(SW_Tx_UART.o)
 .rodata        0x00000000       0x11 .\CortexM0\ARM_GCC_541\Release\Lab3_Var6_Task2.a(SW_Tx_UART.o)
 .text          0x00000000        0x0 .\CortexM0\ARM_GCC_541\Release\Lab3_Var6_Task2.a(COLUMN_0.o)
 .data          0x00000000        0x0 .\CortexM0\ARM_GCC_541\Release\Lab3_Var6_Task2.a(COLUMN_0.o)
 .bss           0x00000000        0x0 .\CortexM0\ARM_GCC_541\Release\Lab3_Var6_Task2.a(COLUMN_0.o)
 .text.COLUMN_0_Read
                0x00000000       0x10 .\CortexM0\ARM_GCC_541\Release\Lab3_Var6_Task2.a(COLUMN_0.o)
 .text.COLUMN_0_ReadDataReg
                0x00000000       0x10 .\CortexM0\ARM_GCC_541\Release\Lab3_Var6_Task2.a(COLUMN_0.o)
 .text.COLUMN_0_SetInterruptMode
                0x00000000       0x14 .\CortexM0\ARM_GCC_541\Release\Lab3_Var6_Task2.a(COLUMN_0.o)
 .text.COLUMN_0_ClearInterrupt
                0x00000000       0x10 .\CortexM0\ARM_GCC_541\Release\Lab3_Var6_Task2.a(COLUMN_0.o)
 .text          0x00000000        0x0 .\CortexM0\ARM_GCC_541\Release\Lab3_Var6_Task2.a(COLUMN_1.o)
 .data          0x00000000        0x0 .\CortexM0\ARM_GCC_541\Release\Lab3_Var6_Task2.a(COLUMN_1.o)
 .bss           0x00000000        0x0 .\CortexM0\ARM_GCC_541\Release\Lab3_Var6_Task2.a(COLUMN_1.o)
 .text.COLUMN_1_Read
                0x00000000       0x10 .\CortexM0\ARM_GCC_541\Release\Lab3_Var6_Task2.a(COLUMN_1.o)
 .text.COLUMN_1_ReadDataReg
                0x00000000       0x10 .\CortexM0\ARM_GCC_541\Release\Lab3_Var6_Task2.a(COLUMN_1.o)
 .text.COLUMN_1_SetInterruptMode
                0x00000000       0x14 .\CortexM0\ARM_GCC_541\Release\Lab3_Var6_Task2.a(COLUMN_1.o)
 .text.COLUMN_1_ClearInterrupt
                0x00000000       0x14 .\CortexM0\ARM_GCC_541\Release\Lab3_Var6_Task2.a(COLUMN_1.o)
 .text          0x00000000        0x0 .\CortexM0\ARM_GCC_541\Release\Lab3_Var6_Task2.a(COLUMN_2.o)
 .data          0x00000000        0x0 .\CortexM0\ARM_GCC_541\Release\Lab3_Var6_Task2.a(COLUMN_2.o)
 .bss           0x00000000        0x0 .\CortexM0\ARM_GCC_541\Release\Lab3_Var6_Task2.a(COLUMN_2.o)
 .text.COLUMN_2_Read
                0x00000000       0x10 .\CortexM0\ARM_GCC_541\Release\Lab3_Var6_Task2.a(COLUMN_2.o)
 .text.COLUMN_2_ReadDataReg
                0x00000000       0x10 .\CortexM0\ARM_GCC_541\Release\Lab3_Var6_Task2.a(COLUMN_2.o)
 .text.COLUMN_2_SetInterruptMode
                0x00000000       0x14 .\CortexM0\ARM_GCC_541\Release\Lab3_Var6_Task2.a(COLUMN_2.o)
 .text.COLUMN_2_ClearInterrupt
                0x00000000       0x10 .\CortexM0\ARM_GCC_541\Release\Lab3_Var6_Task2.a(COLUMN_2.o)
 .text          0x00000000        0x0 .\CortexM0\ARM_GCC_541\Release\Lab3_Var6_Task2.a(ROW_0.o)
 .data          0x00000000        0x0 .\CortexM0\ARM_GCC_541\Release\Lab3_Var6_Task2.a(ROW_0.o)
 .bss           0x00000000        0x0 .\CortexM0\ARM_GCC_541\Release\Lab3_Var6_Task2.a(ROW_0.o)
 .text.ROW_0_SetDriveMode
                0x00000000       0x14 .\CortexM0\ARM_GCC_541\Release\Lab3_Var6_Task2.a(ROW_0.o)
 .text.ROW_0_Write
                0x00000000       0x18 .\CortexM0\ARM_GCC_541\Release\Lab3_Var6_Task2.a(ROW_0.o)
 .text.ROW_0_ReadDataReg
                0x00000000       0x10 .\CortexM0\ARM_GCC_541\Release\Lab3_Var6_Task2.a(ROW_0.o)
 .text.ROW_0_SetInterruptMode
                0x00000000       0x14 .\CortexM0\ARM_GCC_541\Release\Lab3_Var6_Task2.a(ROW_0.o)
 .text.ROW_0_ClearInterrupt
                0x00000000       0x14 .\CortexM0\ARM_GCC_541\Release\Lab3_Var6_Task2.a(ROW_0.o)
 .text          0x00000000        0x0 .\CortexM0\ARM_GCC_541\Release\Lab3_Var6_Task2.a(ROW_1.o)
 .data          0x00000000        0x0 .\CortexM0\ARM_GCC_541\Release\Lab3_Var6_Task2.a(ROW_1.o)
 .bss           0x00000000        0x0 .\CortexM0\ARM_GCC_541\Release\Lab3_Var6_Task2.a(ROW_1.o)
 .text.ROW_1_SetDriveMode
                0x00000000       0x18 .\CortexM0\ARM_GCC_541\Release\Lab3_Var6_Task2.a(ROW_1.o)
 .text.ROW_1_Write
                0x00000000       0x18 .\CortexM0\ARM_GCC_541\Release\Lab3_Var6_Task2.a(ROW_1.o)
 .text.ROW_1_ReadDataReg
                0x00000000       0x10 .\CortexM0\ARM_GCC_541\Release\Lab3_Var6_Task2.a(ROW_1.o)
 .text.ROW_1_SetInterruptMode
                0x00000000       0x14 .\CortexM0\ARM_GCC_541\Release\Lab3_Var6_Task2.a(ROW_1.o)
 .text.ROW_1_ClearInterrupt
                0x00000000       0x14 .\CortexM0\ARM_GCC_541\Release\Lab3_Var6_Task2.a(ROW_1.o)
 .text          0x00000000        0x0 .\CortexM0\ARM_GCC_541\Release\Lab3_Var6_Task2.a(ROW_2.o)
 .data          0x00000000        0x0 .\CortexM0\ARM_GCC_541\Release\Lab3_Var6_Task2.a(ROW_2.o)
 .bss           0x00000000        0x0 .\CortexM0\ARM_GCC_541\Release\Lab3_Var6_Task2.a(ROW_2.o)
 .text.ROW_2_SetDriveMode
                0x00000000       0x18 .\CortexM0\ARM_GCC_541\Release\Lab3_Var6_Task2.a(ROW_2.o)
 .text.ROW_2_Write
                0x00000000       0x18 .\CortexM0\ARM_GCC_541\Release\Lab3_Var6_Task2.a(ROW_2.o)
 .text.ROW_2_ReadDataReg
                0x00000000       0x10 .\CortexM0\ARM_GCC_541\Release\Lab3_Var6_Task2.a(ROW_2.o)
 .text.ROW_2_SetInterruptMode
                0x00000000       0x14 .\CortexM0\ARM_GCC_541\Release\Lab3_Var6_Task2.a(ROW_2.o)
 .text.ROW_2_ClearInterrupt
                0x00000000       0x14 .\CortexM0\ARM_GCC_541\Release\Lab3_Var6_Task2.a(ROW_2.o)
 .text          0x00000000        0x0 .\CortexM0\ARM_GCC_541\Release\Lab3_Var6_Task2.a(ROW_3.o)
 .data          0x00000000        0x0 .\CortexM0\ARM_GCC_541\Release\Lab3_Var6_Task2.a(ROW_3.o)
 .bss           0x00000000        0x0 .\CortexM0\ARM_GCC_541\Release\Lab3_Var6_Task2.a(ROW_3.o)
 .text.ROW_3_SetDriveMode
                0x00000000       0x18 .\CortexM0\ARM_GCC_541\Release\Lab3_Var6_Task2.a(ROW_3.o)
 .text.ROW_3_Write
                0x00000000       0x18 .\CortexM0\ARM_GCC_541\Release\Lab3_Var6_Task2.a(ROW_3.o)
 .text.ROW_3_ReadDataReg
                0x00000000       0x10 .\CortexM0\ARM_GCC_541\Release\Lab3_Var6_Task2.a(ROW_3.o)
 .text.ROW_3_SetInterruptMode
                0x00000000       0x14 .\CortexM0\ARM_GCC_541\Release\Lab3_Var6_Task2.a(ROW_3.o)
 .text.ROW_3_ClearInterrupt
                0x00000000       0x14 .\CortexM0\ARM_GCC_541\Release\Lab3_Var6_Task2.a(ROW_3.o)
 .data          0x00000000        0x0 .\CortexM0\ARM_GCC_541\Release\Lab3_Var6_Task2.a(CyBootAsmGnu.o)
 .bss           0x00000000        0x0 .\CortexM0\ARM_GCC_541\Release\Lab3_Var6_Task2.a(CyBootAsmGnu.o)
 .data          0x00000000        0x0 .\CortexM0\ARM_GCC_541\Release\Lab3_Var6_Task2.a(SW_Tx_UART_AsmGnu.o)
 .bss           0x00000000        0x0 .\CortexM0\ARM_GCC_541\Release\Lab3_Var6_Task2.a(SW_Tx_UART_AsmGnu.o)
 .data          0x00000000        0x0 c:/program files (x86)/cypress/psoc creator/4.4/psoc creator/import/gnu/arm/5.4.1/bin/../lib/gcc/arm-none-eabi/5.4.1/armv6-m\libgcc.a(_udivsi3.o)
 .bss           0x00000000        0x0 c:/program files (x86)/cypress/psoc creator/4.4/psoc creator/import/gnu/arm/5.4.1/bin/../lib/gcc/arm-none-eabi/5.4.1/armv6-m\libgcc.a(_udivsi3.o)
 .data          0x00000000        0x0 c:/program files (x86)/cypress/psoc creator/4.4/psoc creator/import/gnu/arm/5.4.1/bin/../lib/gcc/arm-none-eabi/5.4.1/armv6-m\libgcc.a(_dvmd_tls.o)
 .bss           0x00000000        0x0 c:/program files (x86)/cypress/psoc creator/4.4/psoc creator/import/gnu/arm/5.4.1/bin/../lib/gcc/arm-none-eabi/5.4.1/armv6-m\libgcc.a(_dvmd_tls.o)
 .text          0x00000000        0x0 c:/program files (x86)/cypress/psoc creator/4.4/psoc creator/import/gnu/arm/5.4.1/bin/../lib/gcc/arm-none-eabi/5.4.1/../../../../arm-none-eabi/lib/armv6-m\libg_nano.a(lib_a-errno.o)
 .data          0x00000000        0x0 c:/program files (x86)/cypress/psoc creator/4.4/psoc creator/import/gnu/arm/5.4.1/bin/../lib/gcc/arm-none-eabi/5.4.1/../../../../arm-none-eabi/lib/armv6-m\libg_nano.a(lib_a-errno.o)
 .bss           0x00000000        0x0 c:/program files (x86)/cypress/psoc creator/4.4/psoc creator/import/gnu/arm/5.4.1/bin/../lib/gcc/arm-none-eabi/5.4.1/../../../../arm-none-eabi/lib/armv6-m\libg_nano.a(lib_a-errno.o)
 .text          0x00000000        0x0 c:/program files (x86)/cypress/psoc creator/4.4/psoc creator/import/gnu/arm/5.4.1/bin/../lib/gcc/arm-none-eabi/5.4.1/../../../../arm-none-eabi/lib/armv6-m\libg_nano.a(lib_a-exit.o)
 .data          0x00000000        0x0 c:/program files (x86)/cypress/psoc creator/4.4/psoc creator/import/gnu/arm/5.4.1/bin/../lib/gcc/arm-none-eabi/5.4.1/../../../../arm-none-eabi/lib/armv6-m\libg_nano.a(lib_a-exit.o)
 .bss           0x00000000        0x0 c:/program files (x86)/cypress/psoc creator/4.4/psoc creator/import/gnu/arm/5.4.1/bin/../lib/gcc/arm-none-eabi/5.4.1/../../../../arm-none-eabi/lib/armv6-m\libg_nano.a(lib_a-exit.o)
 .text.exit     0x00000000       0x2c c:/program files (x86)/cypress/psoc creator/4.4/psoc creator/import/gnu/arm/5.4.1/bin/../lib/gcc/arm-none-eabi/5.4.1/../../../../arm-none-eabi/lib/armv6-m\libg_nano.a(lib_a-exit.o)
 .text          0x00000000        0x0 c:/program files (x86)/cypress/psoc creator/4.4/psoc creator/import/gnu/arm/5.4.1/bin/../lib/gcc/arm-none-eabi/5.4.1/../../../../arm-none-eabi/lib/armv6-m\libg_nano.a(lib_a-impure.o)
 .data          0x00000000        0x0 c:/program files (x86)/cypress/psoc creator/4.4/psoc creator/import/gnu/arm/5.4.1/bin/../lib/gcc/arm-none-eabi/5.4.1/../../../../arm-none-eabi/lib/armv6-m\libg_nano.a(lib_a-impure.o)
 .bss           0x00000000        0x0 c:/program files (x86)/cypress/psoc creator/4.4/psoc creator/import/gnu/arm/5.4.1/bin/../lib/gcc/arm-none-eabi/5.4.1/../../../../arm-none-eabi/lib/armv6-m\libg_nano.a(lib_a-impure.o)
 .rodata._global_impure_ptr
                0x00000000        0x4 c:/program files (x86)/cypress/psoc creator/4.4/psoc creator/import/gnu/arm/5.4.1/bin/../lib/gcc/arm-none-eabi/5.4.1/../../../../arm-none-eabi/lib/armv6-m\libg_nano.a(lib_a-impure.o)
 .text          0x00000000        0x0 c:/program files (x86)/cypress/psoc creator/4.4/psoc creator/import/gnu/arm/5.4.1/bin/../lib/gcc/arm-none-eabi/5.4.1/../../../../arm-none-eabi/lib/armv6-m\libg_nano.a(lib_a-init.o)
 .data          0x00000000        0x0 c:/program files (x86)/cypress/psoc creator/4.4/psoc creator/import/gnu/arm/5.4.1/bin/../lib/gcc/arm-none-eabi/5.4.1/../../../../arm-none-eabi/lib/armv6-m\libg_nano.a(lib_a-init.o)
 .bss           0x00000000        0x0 c:/program files (x86)/cypress/psoc creator/4.4/psoc creator/import/gnu/arm/5.4.1/bin/../lib/gcc/arm-none-eabi/5.4.1/../../../../arm-none-eabi/lib/armv6-m\libg_nano.a(lib_a-init.o)
 .text          0x00000000        0x0 c:/program files (x86)/cypress/psoc creator/4.4/psoc creator/import/gnu/arm/5.4.1/bin/../lib/gcc/arm-none-eabi/5.4.1/../../../../arm-none-eabi/lib/armv6-m\libg_nano.a(lib_a-memset.o)
 .data          0x00000000        0x0 c:/program files (x86)/cypress/psoc creator/4.4/psoc creator/import/gnu/arm/5.4.1/bin/../lib/gcc/arm-none-eabi/5.4.1/../../../../arm-none-eabi/lib/armv6-m\libg_nano.a(lib_a-memset.o)
 .bss           0x00000000        0x0 c:/program files (x86)/cypress/psoc creator/4.4/psoc creator/import/gnu/arm/5.4.1/bin/../lib/gcc/arm-none-eabi/5.4.1/../../../../arm-none-eabi/lib/armv6-m\libg_nano.a(lib_a-memset.o)
 .data          0x00000000        0x0 c:/program files (x86)/cypress/psoc creator/4.4/psoc creator/import/gnu/arm/5.4.1/bin/../lib/gcc/arm-none-eabi/5.4.1/../../../../arm-none-eabi/lib/armv6-m\libg_nano.a(lib_a-strcmp.o)
 .bss           0x00000000        0x0 c:/program files (x86)/cypress/psoc creator/4.4/psoc creator/import/gnu/arm/5.4.1/bin/../lib/gcc/arm-none-eabi/5.4.1/../../../../arm-none-eabi/lib/armv6-m\libg_nano.a(lib_a-strcmp.o)
 .text          0x00000000        0x0 c:/program files (x86)/cypress/psoc creator/4.4/psoc creator/import/gnu/arm/5.4.1/bin/../lib/gcc/arm-none-eabi/5.4.1/armv6-m/crtend.o
 .data          0x00000000        0x0 c:/program files (x86)/cypress/psoc creator/4.4/psoc creator/import/gnu/arm/5.4.1/bin/../lib/gcc/arm-none-eabi/5.4.1/armv6-m/crtend.o
 .bss           0x00000000        0x0 c:/program files (x86)/cypress/psoc creator/4.4/psoc creator/import/gnu/arm/5.4.1/bin/../lib/gcc/arm-none-eabi/5.4.1/armv6-m/crtend.o
 .text          0x00000000        0x0 c:/program files (x86)/cypress/psoc creator/4.4/psoc creator/import/gnu/arm/5.4.1/bin/../lib/gcc/arm-none-eabi/5.4.1/armv6-m/crtn.o
 .data          0x00000000        0x0 c:/program files (x86)/cypress/psoc creator/4.4/psoc creator/import/gnu/arm/5.4.1/bin/../lib/gcc/arm-none-eabi/5.4.1/armv6-m/crtn.o
 .bss           0x00000000        0x0 c:/program files (x86)/cypress/psoc creator/4.4/psoc creator/import/gnu/arm/5.4.1/bin/../lib/gcc/arm-none-eabi/5.4.1/armv6-m/crtn.o

Memory Configuration

Name             Origin             Length             Attributes
rom              0x00000000         0x00008000         xr
ram              0x20000000         0x00001000         xrw
*default*        0x00000000         0xffffffff

Linker script and memory map

LOAD c:/program files (x86)/cypress/psoc creator/4.4/psoc creator/import/gnu/arm/5.4.1/bin/../lib/gcc/arm-none-eabi/5.4.1/armv6-m/crti.o
LOAD c:/program files (x86)/cypress/psoc creator/4.4/psoc creator/import/gnu/arm/5.4.1/bin/../lib/gcc/arm-none-eabi/5.4.1/armv6-m/crtbegin.o
LOAD c:/program files (x86)/cypress/psoc creator/4.4/psoc creator/import/gnu/arm/5.4.1/bin/../lib/gcc/arm-none-eabi/5.4.1/../../../../arm-none-eabi/lib/armv6-m/crt0.o
START GROUP
LOAD .\CortexM0\ARM_GCC_541\Release\main.o
LOAD .\CortexM0\ARM_GCC_541\Release\cyfitter_cfg.o
LOAD .\CortexM0\ARM_GCC_541\Release\cymetadata.o
LOAD .\CortexM0\ARM_GCC_541\Release\Cm0Start.o
LOAD .\CortexM0\ARM_GCC_541\Release\Lab3_Var6_Task2.a
END GROUP
START GROUP
LOAD c:/program files (x86)/cypress/psoc creator/4.4/psoc creator/import/gnu/arm/5.4.1/bin/../lib/gcc/arm-none-eabi/5.4.1/armv6-m\libgcc.a
LOAD c:/program files (x86)/cypress/psoc creator/4.4/psoc creator/import/gnu/arm/5.4.1/bin/../lib/gcc/arm-none-eabi/5.4.1/../../../../arm-none-eabi/lib/armv6-m\libg_nano.a
LOAD c:/program files (x86)/cypress/psoc creator/4.4/psoc creator/import/gnu/arm/5.4.1/bin/../lib/gcc/arm-none-eabi/5.4.1/../../../../arm-none-eabi/lib/armv6-m\libc_nano.a
END GROUP
START GROUP
LOAD c:/program files (x86)/cypress/psoc creator/4.4/psoc creator/import/gnu/arm/5.4.1/bin/../lib/gcc/arm-none-eabi/5.4.1/armv6-m\libgcc.a
LOAD c:/program files (x86)/cypress/psoc creator/4.4/psoc creator/import/gnu/arm/5.4.1/bin/../lib/gcc/arm-none-eabi/5.4.1/../../../../arm-none-eabi/lib/armv6-m\libc_nano.a
END GROUP
LOAD c:/program files (x86)/cypress/psoc creator/4.4/psoc creator/import/gnu/arm/5.4.1/bin/../lib/gcc/arm-none-eabi/5.4.1/armv6-m/crtend.o
LOAD c:/program files (x86)/cypress/psoc creator/4.4/psoc creator/import/gnu/arm/5.4.1/bin/../lib/gcc/arm-none-eabi/5.4.1/armv6-m/crtn.o
START GROUP
LOAD c:/program files (x86)/cypress/psoc creator/4.4/psoc creator/import/gnu/arm/5.4.1/bin/../lib/gcc/arm-none-eabi/5.4.1/armv6-m\libgcc.a
LOAD c:/program files (x86)/cypress/psoc creator/4.4/psoc creator/import/gnu/arm/5.4.1/bin/../lib/gcc/arm-none-eabi/5.4.1/../../../../arm-none-eabi/lib/armv6-m\libc.a
LOAD c:/program files (x86)/cypress/psoc creator/4.4/psoc creator/import/gnu/arm/5.4.1/bin/../lib/gcc/arm-none-eabi/5.4.1/../../../../arm-none-eabi/lib/armv6-m\libnosys.a
END GROUP
                0x00000000                CY_APPL_ORIGIN = 0x0
                0x00000080                CY_FLASH_ROW_SIZE = 0x80
                0x00000001                CY_APPL_NUM = 0x1
                0x00000001                CY_APPL_MAX = 0x1
                0x00000040                CY_METADATA_SIZE = 0x40
                0x00000000                CY_APPL_LOADABLE = 0x0
                0x00000000                CY_CHECKSUM_EXCLUDE_SIZE = ALIGN (0x0, CY_FLASH_ROW_SIZE)
                0x00000000                CY_APP_FOR_STACK_AND_COPIER = 0x0
                [!provide]                PROVIDE (__cy_heap_start, _end)
                0x00000001                PROVIDE (__cy_region_num, ((__cy_regions_end - __cy_regions) / 0x10))
                0x20001000                PROVIDE (__cy_stack, (ORIGIN (ram) + LENGTH (ram)))
                [!provide]                PROVIDE (__cy_heap_end, (__cy_stack - 0x400))

.cybootloader   0x00000000        0x0
 *(.cybootloader)
                0x00000000                appl1_start = CY_APPL_ORIGIN?CY_APPL_ORIGIN:ALIGN (CY_FLASH_ROW_SIZE)
                0x00003f80                appl2_start = (appl1_start + ALIGN ((((LENGTH (rom) - appl1_start) - (0x2 * CY_FLASH_ROW_SIZE)) / 0x2), CY_FLASH_ROW_SIZE))
                0x00000000                appl_start = (CY_APPL_NUM == 0x1)?appl1_start:appl2_start
                0x00000001                cy_project_type_bootloader = (appl_start == 0x0)?0x1:0x0
                0x00000000                cy_project_type_app_for_stack_and_copier = (CY_APP_FOR_STACK_AND_COPIER == 0x1)?0x1:0x0

.text           0x00000000      0x9c8
 CREATE_OBJECT_SYMBOLS
                0x00000000                PROVIDE (__cy_interrupt_vector, RomVectors)
 *(.romvectors)
 .romvectors    0x00000000       0x10 .\CortexM0\ARM_GCC_541\Release\Cm0Start.o
                0x00000000                RomVectors
                0x00000001                ASSERT ((. != __cy_interrupt_vector), No interrupt vector)
                0x00000001                ASSERT (CY_APPL_ORIGIN?(SIZEOF (.cybootloader) <= CY_APPL_ORIGIN):0x1, Wrong image location)
                0x00000010                PROVIDE (__cy_reset, Reset)
 *(.text.Reset)
 .text.Reset    0x00000010        0x6 .\CortexM0\ARM_GCC_541\Release\Cm0Start.o
                0x00000010                Reset
                0x00000001                ASSERT ((. != __cy_reset), No reset code)
 *(.psocinit)
 *fill*         0x00000016        0x2 
 .psocinit      0x00000018      0x110 .\CortexM0\ARM_GCC_541\Release\cyfitter_cfg.o
                0x00000018                cyfitter_cfg
                0x00000128                . = MAX (., 0x100)
 *(.text .text.* .gnu.linkonce.t.*)
 .text          0x00000128       0x60 c:/program files (x86)/cypress/psoc creator/4.4/psoc creator/import/gnu/arm/5.4.1/bin/../lib/gcc/arm-none-eabi/5.4.1/armv6-m/crtbegin.o
 .text.startup.main
                0x00000188      0x114 .\CortexM0\ARM_GCC_541\Release\main.o
                0x00000188                main
 .text.IntDefaultHandler
                0x0000029c       0x10 .\CortexM0\ARM_GCC_541\Release\Cm0Start.o
                0x0000029c                IntDefaultHandler
 .text.Start_c  0x000002ac       0x4c .\CortexM0\ARM_GCC_541\Release\Cm0Start.o
                0x000002ac                Start_c
 .text.startup.initialize_psoc
                0x000002f8       0x3c .\CortexM0\ARM_GCC_541\Release\Cm0Start.o
                0x000002f8                initialize_psoc
 .text.CyIntSetVector
                0x00000334       0x10 .\CortexM0\ARM_GCC_541\Release\Lab3_Var6_Task2.a(CyLib.o)
                0x00000334                CyIntSetVector
 .text.CyIntEnable
                0x00000344       0x14 .\CortexM0\ARM_GCC_541\Release\Lab3_Var6_Task2.a(CyLib.o)
                0x00000344                CyIntEnable
 .text.CyDelay  0x00000358       0x2c .\CortexM0\ARM_GCC_541\Release\Lab3_Var6_Task2.a(CyLib.o)
                0x00000358                CyDelay
 .text.CyDelayUs
                0x00000384       0x14 .\CortexM0\ARM_GCC_541\Release\Lab3_Var6_Task2.a(CyLib.o)
                0x00000384                CyDelayUs
 .text.CySysClkWriteImoFreq
                0x00000398      0x124 .\CortexM0\ARM_GCC_541\Release\Lab3_Var6_Task2.a(CyLib.o)
                0x00000398                CySysClkWriteImoFreq
 .text.CySysWdtLock
                0x000004bc       0x1c .\CortexM0\ARM_GCC_541\Release\Lab3_Var6_Task2.a(CyLFClk.o)
                0x000004bc                CySysWdtLock
 .text.CySysWdtUnlock
                0x000004d8       0x30 .\CortexM0\ARM_GCC_541\Release\Lab3_Var6_Task2.a(CyLFClk.o)
                0x000004d8                CySysWdtUnlock
 .text.CySysWdtClearInterrupt
                0x00000508       0x54 .\CortexM0\ARM_GCC_541\Release\Lab3_Var6_Task2.a(CyLFClk.o)
                0x00000508                CySysWdtClearInterrupt
 .text.CySysWdtIsr
                0x0000055c       0xa0 .\CortexM0\ARM_GCC_541\Release\Lab3_Var6_Task2.a(CyLFClk.o)
                0x0000055c                CySysWdtIsr
 .text.LED_GREEN_Write
                0x000005fc       0x18 .\CortexM0\ARM_GCC_541\Release\Lab3_Var6_Task2.a(LED_GREEN.o)
                0x000005fc                LED_GREEN_Write
 .text.LED_BLUE_Write
                0x00000614       0x18 .\CortexM0\ARM_GCC_541\Release\Lab3_Var6_Task2.a(LED_BLUE.o)
                0x00000614                LED_BLUE_Write
 .text.LED_RED_Write
                0x0000062c       0x18 .\CortexM0\ARM_GCC_541\Release\Lab3_Var6_Task2.a(LED_RED.o)
                0x0000062c                LED_RED_Write
 .text.SW_Tx_UART_Start
                0x00000644        0x2 .\CortexM0\ARM_GCC_541\Release\Lab3_Var6_Task2.a(SW_Tx_UART.o)
                0x00000644                SW_Tx_UART_Start
 .text.SW_Tx_UART_PutString
                0x00000646       0x1a .\CortexM0\ARM_GCC_541\Release\Lab3_Var6_Task2.a(SW_Tx_UART.o)
                0x00000646                SW_Tx_UART_PutString
 .text.COLUMN_0_SetDriveMode
                0x00000660       0x14 .\CortexM0\ARM_GCC_541\Release\Lab3_Var6_Task2.a(COLUMN_0.o)
                0x00000660                COLUMN_0_SetDriveMode
 .text.COLUMN_0_Write
                0x00000674       0x18 .\CortexM0\ARM_GCC_541\Release\Lab3_Var6_Task2.a(COLUMN_0.o)
                0x00000674                COLUMN_0_Write
 .text.COLUMN_1_SetDriveMode
                0x0000068c       0x14 .\CortexM0\ARM_GCC_541\Release\Lab3_Var6_Task2.a(COLUMN_1.o)
                0x0000068c                COLUMN_1_SetDriveMode
 .text.COLUMN_1_Write
                0x000006a0       0x18 .\CortexM0\ARM_GCC_541\Release\Lab3_Var6_Task2.a(COLUMN_1.o)
                0x000006a0                COLUMN_1_Write
 .text.COLUMN_2_SetDriveMode
                0x000006b8       0x14 .\CortexM0\ARM_GCC_541\Release\Lab3_Var6_Task2.a(COLUMN_2.o)
                0x000006b8                COLUMN_2_SetDriveMode
 .text.COLUMN_2_Write
                0x000006cc       0x18 .\CortexM0\ARM_GCC_541\Release\Lab3_Var6_Task2.a(COLUMN_2.o)
                0x000006cc                COLUMN_2_Write
 .text.ROW_0_Read
                0x000006e4       0x10 .\CortexM0\ARM_GCC_541\Release\Lab3_Var6_Task2.a(ROW_0.o)
                0x000006e4                ROW_0_Read
 .text.ROW_1_Read
                0x000006f4       0x10 .\CortexM0\ARM_GCC_541\Release\Lab3_Var6_Task2.a(ROW_1.o)
                0x000006f4                ROW_1_Read
 .text.ROW_2_Read
                0x00000704       0x10 .\CortexM0\ARM_GCC_541\Release\Lab3_Var6_Task2.a(ROW_2.o)
                0x00000704                ROW_2_Read
 .text.ROW_3_Read
                0x00000714       0x10 .\CortexM0\ARM_GCC_541\Release\Lab3_Var6_Task2.a(ROW_3.o)
                0x00000714                ROW_3_Read
 *fill*         0x00000724        0x4 
 .text          0x00000728       0x24 .\CortexM0\ARM_GCC_541\Release\Lab3_Var6_Task2.a(CyBootAsmGnu.o)
                0x00000728                CyDelayCycles
                0x0000073c                CyEnterCriticalSection
                0x00000744                CyExitCriticalSection
 *fill*         0x0000074c       0x14 
 .text          0x00000760       0xd4 .\CortexM0\ARM_GCC_541\Release\Lab3_Var6_Task2.a(SW_Tx_UART_AsmGnu.o)
                0x00000760                SW_Tx_UART_PutChar
 .text          0x00000834      0x114 c:/program files (x86)/cypress/psoc creator/4.4/psoc creator/import/gnu/arm/5.4.1/bin/../lib/gcc/arm-none-eabi/5.4.1/armv6-m\libgcc.a(_udivsi3.o)
                0x00000834                __aeabi_uidiv
                0x00000834                __udivsi3
                0x00000940                __aeabi_uidivmod
 .text          0x00000948        0x4 c:/program files (x86)/cypress/psoc creator/4.4/psoc creator/import/gnu/arm/5.4.1/bin/../lib/gcc/arm-none-eabi/5.4.1/armv6-m\libgcc.a(_dvmd_tls.o)
                0x00000948                __aeabi_idiv0
                0x00000948                __aeabi_ldiv0
 .text.__errno  0x0000094c        0xc c:/program files (x86)/cypress/psoc creator/4.4/psoc creator/import/gnu/arm/5.4.1/bin/../lib/gcc/arm-none-eabi/5.4.1/../../../../arm-none-eabi/lib/armv6-m\libg_nano.a(lib_a-errno.o)
                0x0000094c                __errno
 .text.__libc_init_array
                0x00000958       0x4c c:/program files (x86)/cypress/psoc creator/4.4/psoc creator/import/gnu/arm/5.4.1/bin/../lib/gcc/arm-none-eabi/5.4.1/../../../../arm-none-eabi/lib/armv6-m\libg_nano.a(lib_a-init.o)
                0x00000958                __libc_init_array
 .text.memset   0x000009a4       0x10 c:/program files (x86)/cypress/psoc creator/4.4/psoc creator/import/gnu/arm/5.4.1/bin/../lib/gcc/arm-none-eabi/5.4.1/../../../../arm-none-eabi/lib/armv6-m\libg_nano.a(lib_a-memset.o)
                0x000009a4                memset
 .text          0x000009b4       0x14 c:/program files (x86)/cypress/psoc creator/4.4/psoc creator/import/gnu/arm/5.4.1/bin/../lib/gcc/arm-none-eabi/5.4.1/../../../../arm-none-eabi/lib/armv6-m\libg_nano.a(lib_a-strcmp.o)
                0x000009b4                strcmp
 *(.plt)
 *(.gnu.warning)
 *(.glue_7t)
 .glue_7t       0x000009c8        0x0 linker stubs
 *(.glue_7)
 .glue_7        0x000009c8        0x0 linker stubs
 *(.vfp11_veneer)
 .vfp11_veneer  0x000009c8        0x0 linker stubs
 *(.bootloader)
 *(.ARM.extab* .gnu.linkonce.armextab.*)
 *(.gcc_except_table)

.v4_bx          0x000009c8        0x0
 .v4_bx         0x000009c8        0x0 linker stubs

.iplt           0x000009c8        0x0
 .iplt          0x000009c8        0x0 c:/program files (x86)/cypress/psoc creator/4.4/psoc creator/import/gnu/arm/5.4.1/bin/../lib/gcc/arm-none-eabi/5.4.1/armv6-m/crtbegin.o

.eh_frame_hdr
 *(.eh_frame_hdr)

.eh_frame       0x000009c8        0x4
 *(.eh_frame)
 .eh_frame      0x000009c8        0x0 c:/program files (x86)/cypress/psoc creator/4.4/psoc creator/import/gnu/arm/5.4.1/bin/../lib/gcc/arm-none-eabi/5.4.1/armv6-m/crtbegin.o
 .eh_frame      0x000009c8        0x4 c:/program files (x86)/cypress/psoc creator/4.4/psoc creator/import/gnu/arm/5.4.1/bin/../lib/gcc/arm-none-eabi/5.4.1/armv6-m/crtend.o
                [!provide]                PROVIDE (__exidx_start, .)

.ARM.exidx
 *(.ARM.exidx* .gnu.linkonce.armexidx.*)
                0x000009cc                __exidx_end = .

.rodata         0x000009cc       0x8c
 *(.rodata .rodata.* .gnu.linkonce.r.*)
 .rodata.str1.1
                0x000009cc       0x21 .\CortexM0\ARM_GCC_541\Release\main.o
 .rodata        0x000009ed       0x2e .\CortexM0\ARM_GCC_541\Release\Lab3_Var6_Task2.a(CyLib.o)
                0x000009ed                cyImoFreqMhz2Reg
 .rodata.str1.1
                0x00000a1b        0x2 c:/program files (x86)/cypress/psoc creator/4.4/psoc creator/import/gnu/arm/5.4.1/bin/../lib/gcc/arm-none-eabi/5.4.1/../../../../arm-none-eabi/lib/armv6-m\libg_nano.a(lib_a-impure.o)
                0x00000a20                . = ALIGN (0x4)
 *fill*         0x00000a1d        0x3 
 *(.init)
 .init          0x00000a20        0x4 c:/program files (x86)/cypress/psoc creator/4.4/psoc creator/import/gnu/arm/5.4.1/bin/../lib/gcc/arm-none-eabi/5.4.1/armv6-m/crti.o
                0x00000a20                _init
 .init          0x00000a24        0x8 c:/program files (x86)/cypress/psoc creator/4.4/psoc creator/import/gnu/arm/5.4.1/bin/../lib/gcc/arm-none-eabi/5.4.1/armv6-m/crtn.o
                0x00000a2c                . = ALIGN (0x4)
                0x00000a2c                __preinit_array_start = .
 *(.preinit_array)
                0x00000a2c                __preinit_array_end = .
                0x00000a2c                . = ALIGN (0x4)
                0x00000a2c                __init_array_start = .
 *(SORT(.init_array.*))
 *(.init_array)
 .init_array    0x00000a2c        0x4 c:/program files (x86)/cypress/psoc creator/4.4/psoc creator/import/gnu/arm/5.4.1/bin/../lib/gcc/arm-none-eabi/5.4.1/armv6-m/crtbegin.o
 .init_array    0x00000a30        0x4 .\CortexM0\ARM_GCC_541\Release\Cm0Start.o
                0x00000a34                __init_array_end = .
                0x00000a34                . = ALIGN (0x4)
 *(.fini)
 .fini          0x00000a34        0x4 c:/program files (x86)/cypress/psoc creator/4.4/psoc creator/import/gnu/arm/5.4.1/bin/../lib/gcc/arm-none-eabi/5.4.1/armv6-m/crti.o
                0x00000a34                _fini
 .fini          0x00000a38        0x8 c:/program files (x86)/cypress/psoc creator/4.4/psoc creator/import/gnu/arm/5.4.1/bin/../lib/gcc/arm-none-eabi/5.4.1/armv6-m/crtn.o
                0x00000a40                . = ALIGN (0x4)
                0x00000a40                __fini_array_start = .
 *(.fini_array)
 .fini_array    0x00000a40        0x4 c:/program files (x86)/cypress/psoc creator/4.4/psoc creator/import/gnu/arm/5.4.1/bin/../lib/gcc/arm-none-eabi/5.4.1/armv6-m/crtbegin.o
 *(SORT(.fini_array.*))
                0x00000a44                __fini_array_end = .
                0x00000a44                . = ALIGN (0x4)
 *crtbegin.o(.ctors)
 *(EXCLUDE_FILE(*crtend.o) .ctors)
 *(SORT(.ctors.*))
 *crtend.o(.ctors)
                0x00000a44                . = ALIGN (0x4)
 *crtbegin.o(.dtors)
 *(EXCLUDE_FILE(*crtend.o) .dtors)
 *(SORT(.dtors.*))
 *crtend.o(.dtors)
                0x00000a44                . = ALIGN (0x4)
                0x00000a44                __cy_regions = .
                0x00000a44        0x4 LONG 0xa58 __cy_region_init_ram
                0x00000a48        0x4 LONG 0x200000c0 __cy_region_start_data
                0x00000a4c        0x4 LONG 0xc8 __cy_region_init_size_ram
                0x00000a50        0x4 LONG 0x50 __cy_region_zero_size_ram
                0x00000a54                __cy_regions_end = .
                0x00000a58                . = ALIGN (0x8)
 *fill*         0x00000a54        0x4 
                0x00000a58                _etext = .

.cy_checksum_exclude
                0x00000a58        0x0
 *(.cy_checksum_exclude)

.ramvectors     0x20000000       0xc0
                0x20000000                __cy_region_start_ram = .
 *(.ramvectors)
 .ramvectors    0x20000000       0xc0 .\CortexM0\ARM_GCC_541\Release\Cm0Start.o
                0x20000000                CyRamVectors

.noinit
 *(.noinit)

.data           0x200000c0       0xc8 load address 0x00000a58
                0x200000c0                __cy_region_start_data = .
 *(.jcr)
 .jcr           0x200000c0        0x0 c:/program files (x86)/cypress/psoc creator/4.4/psoc creator/import/gnu/arm/5.4.1/bin/../lib/gcc/arm-none-eabi/5.4.1/armv6-m/crtbegin.o
 .jcr           0x200000c0        0x4 c:/program files (x86)/cypress/psoc creator/4.4/psoc creator/import/gnu/arm/5.4.1/bin/../lib/gcc/arm-none-eabi/5.4.1/armv6-m/crtend.o
 *(.got.plt)
 *(.got)
 *(.shdata)
 *(.data .data.* .gnu.linkonce.d.*)
 .data          0x200000c4       0x38 .\CortexM0\ARM_GCC_541\Release\main.o
                0x200000c4                set_col_dm
                0x200000d0                write_col
                0x200000dc                read_row
                0x200000ec                key_map
                0x200000f8                password
 .data          0x200000fc       0x14 .\CortexM0\ARM_GCC_541\Release\Lab3_Var6_Task2.a(CyLib.o)
                0x200000fc                CySysClkPumpConfig
                0x20000100                cydelay32kMs
                0x20000104                cydelayFreqKhz
                0x20000108                cydelayFreqMhz
                0x2000010c                cydelayFreqHz
 .data          0x20000110        0x4 .\CortexM0\ARM_GCC_541\Release\Lab3_Var6_Task2.a(CyLFClk.o)
 .data          0x20000114        0xc .\CortexM0\ARM_GCC_541\Release\Lab3_Var6_Task2.a(SW_Tx_UART.o)
                0x20000114                SW_Tx_UART_pinDrAdress
                0x20000118                SW_Tx_UART_pinPortNumber
                0x2000011c                SW_Tx_UART_pinNumber
 .data.impure_data
                0x20000120       0x60 c:/program files (x86)/cypress/psoc creator/4.4/psoc creator/import/gnu/arm/5.4.1/bin/../lib/gcc/arm-none-eabi/5.4.1/../../../../arm-none-eabi/lib/armv6-m\libg_nano.a(lib_a-impure.o)
 .data._impure_ptr
                0x20000180        0x4 c:/program files (x86)/cypress/psoc creator/4.4/psoc creator/import/gnu/arm/5.4.1/bin/../lib/gcc/arm-none-eabi/5.4.1/../../../../arm-none-eabi/lib/armv6-m\libg_nano.a(lib_a-impure.o)
                0x20000180                _impure_ptr
                0x20000188                . = ALIGN (0x8)
 *fill*         0x20000184        0x4 
 *(.ram)
                0x20000188                _edata = .

.igot.plt       0x20000188        0x0 load address 0x00000b20
 .igot.plt      0x20000188        0x0 c:/program files (x86)/cypress/psoc creator/4.4/psoc creator/import/gnu/arm/5.4.1/bin/../lib/gcc/arm-none-eabi/5.4.1/armv6-m/crtbegin.o

.bss            0x20000188       0x50 load address 0x00000b20
                0x20000188                PROVIDE (__bss_start__, .)
 *(.shbss)
 *(.bss .bss.* .gnu.linkonce.b.*)
 .bss           0x20000188       0x1c c:/program files (x86)/cypress/psoc creator/4.4/psoc creator/import/gnu/arm/5.4.1/bin/../lib/gcc/arm-none-eabi/5.4.1/armv6-m/crtbegin.o
 .bss           0x200001a4        0x1 .\CortexM0\ARM_GCC_541\Release\main.o
                0x200001a4                input_idx
 *fill*         0x200001a5        0x3 
 .bss           0x200001a8       0x20 .\CortexM0\ARM_GCC_541\Release\Lab3_Var6_Task2.a(CyLFClk.o)
 *(COMMON)
 COMMON         0x200001c8        0xa .\CortexM0\ARM_GCC_541\Release\main.o
                0x200001c8                input
                0x200001d8                . = ALIGN (0x8)
 *fill*         0x200001d2        0x6 
 *(.ram.b)
                0x200001d8                _end = .
                0x200001d8                __end = .
                0x200001d8                PROVIDE (end, .)
                0x200001d8                PROVIDE (__bss_end__, .)
                0x00000a58                __cy_region_init_ram = LOADADDR (.data)
                0x000000c8                __cy_region_init_size_ram = (_edata - ADDR (.data))
                0x00000050                __cy_region_zero_size_ram = (_end - _edata)

.heap           0x200001d8       0x80 load address 0x00000b20
                0x200001d8                . = _end
                0x20000258                . = (. + 0x80)
 *fill*         0x200001d8       0x80 
                0x20000258                __cy_heap_limit = .

.stack          0x20000c00      0x400
                0x20000c00                __cy_stack_limit = .
                0x20001000                . = (. + 0x400)
 *fill*         0x20000c00      0x400 
                0x00000001                ASSERT ((__cy_stack_limit >= __cy_heap_limit), region RAM overflowed with stack)
                0x00000000                cy_checksum_exclude_size = (CY_APPL_LOADABLE == 0x1)?SIZEOF (.cy_checksum_exclude):0x0
                0x00000001                ASSERT ((cy_checksum_exclude_size <= CY_CHECKSUM_EXCLUDE_SIZE), CY_BOOT: Section .cy_checksum_exclude size exceedes specified limit.)
                0x00007fc0                cyloadermeta_start = (cy_project_type_bootloader || cy_project_type_app_for_stack_and_copier)?(LENGTH (rom) - CY_METADATA_SIZE):0xf0000000

.cyloadermeta
 *(.cyloadermeta)
                0x00007fc0                cyloadablemeta_start = cy_project_type_app_for_stack_and_copier?((LENGTH (rom) - CY_FLASH_ROW_SIZE) - CY_METADATA_SIZE):((LENGTH (rom) - (CY_FLASH_ROW_SIZE * (CY_APPL_NUM - 0x1))) - CY_METADATA_SIZE)

.cyloadablemeta
 *(.cyloadablemeta)

.cyflashprotect
                0x90400000       0x20
 *(.cyflashprotect)
 .cyflashprotect
                0x90400000       0x20 .\CortexM0\ARM_GCC_541\Release\cymetadata.o
                0x90400000                cy_meta_flashprotect

.cymeta         0x90500000        0xc
 *(.cymeta)
 .cymeta        0x90500000        0xc .\CortexM0\ARM_GCC_541\Release\cymetadata.o
                0x90500000                cy_metadata

.cychipprotect  0x90600000        0x1
 *(.cychipprotect)
 .cychipprotect
                0x90600000        0x1 .\CortexM0\ARM_GCC_541\Release\cymetadata.o
                0x90600000                cy_meta_chipprotect

.rel.dyn        0x00000b20        0x0 load address 0x90600004
 .rel.iplt      0x00000b20        0x0 c:/program files (x86)/cypress/psoc creator/4.4/psoc creator/import/gnu/arm/5.4.1/bin/../lib/gcc/arm-none-eabi/5.4.1/armv6-m/crtbegin.o

.stab
 *(.stab)

.stabstr
 *(.stabstr)

.debug
 *(.debug)

.line
 *(.line)

.debug_srcinfo
 *(.debug_srcinfo)

.debug_sfnames
 *(.debug_sfnames)

.debug_aranges  0x00000000      0x690
 *(.debug_aranges)
 .debug_aranges
                0x00000000       0x20 .\CortexM0\ARM_GCC_541\Release\main.o
 .debug_aranges
                0x00000020       0x20 .\CortexM0\ARM_GCC_541\Release\cyfitter_cfg.o
 .debug_aranges
                0x00000040       0x18 .\CortexM0\ARM_GCC_541\Release\cymetadata.o
 .debug_aranges
                0x00000058       0x48 .\CortexM0\ARM_GCC_541\Release\Cm0Start.o
 .debug_aranges
                0x000000a0      0x180 .\CortexM0\ARM_GCC_541\Release\Lab3_Var6_Task2.a(CyLib.o)
 .debug_aranges
                0x00000220      0x118 .\CortexM0\ARM_GCC_541\Release\Lab3_Var6_Task2.a(CyLFClk.o)
 .debug_aranges
                0x00000338       0x48 .\CortexM0\ARM_GCC_541\Release\Lab3_Var6_Task2.a(LED_GREEN.o)
 .debug_aranges
                0x00000380       0x48 .\CortexM0\ARM_GCC_541\Release\Lab3_Var6_Task2.a(LED_BLUE.o)
 .debug_aranges
                0x000003c8       0x48 .\CortexM0\ARM_GCC_541\Release\Lab3_Var6_Task2.a(LED_RED.o)
 .debug_aranges
                0x00000410       0x48 .\CortexM0\ARM_GCC_541\Release\Lab3_Var6_Task2.a(SW_Tx_UART.o)
 .debug_aranges
                0x00000458       0x48 .\CortexM0\ARM_GCC_541\Release\Lab3_Var6_Task2.a(COLUMN_0.o)
 .debug_aranges
                0x000004a0       0x48 .\CortexM0\ARM_GCC_541\Release\Lab3_Var6_Task2.a(COLUMN_1.o)
 .debug_aranges
                0x000004e8       0x48 .\CortexM0\ARM_GCC_541\Release\Lab3_Var6_Task2.a(COLUMN_2.o)
 .debug_aranges
                0x00000530       0x48 .\CortexM0\ARM_GCC_541\Release\Lab3_Var6_Task2.a(ROW_0.o)
 .debug_aranges
                0x00000578       0x48 .\CortexM0\ARM_GCC_541\Release\Lab3_Var6_Task2.a(ROW_1.o)
 .debug_aranges
                0x000005c0       0x48 .\CortexM0\ARM_GCC_541\Release\Lab3_Var6_Task2.a(ROW_2.o)
 .debug_aranges
                0x00000608       0x48 .\CortexM0\ARM_GCC_541\Release\Lab3_Var6_Task2.a(ROW_3.o)
 .debug_aranges
                0x00000650       0x20 .\CortexM0\ARM_GCC_541\Release\Lab3_Var6_Task2.a(CyBootAsmGnu.o)
 .debug_aranges
                0x00000670       0x20 .\CortexM0\ARM_GCC_541\Release\Lab3_Var6_Task2.a(SW_Tx_UART_AsmGnu.o)

.debug_pubnames
 *(.debug_pubnames)

.debug_info     0x00000000     0x375a
 *(.debug_info .gnu.linkonce.wi.*)
 .debug_info    0x00000000      0x3d1 .\CortexM0\ARM_GCC_541\Release\main.o
 .debug_info    0x000003d1      0x28f .\CortexM0\ARM_GCC_541\Release\cyfitter_cfg.o
 .debug_info    0x00000660       0xf8 .\CortexM0\ARM_GCC_541\Release\cymetadata.o
 .debug_info    0x00000758      0x39e .\CortexM0\ARM_GCC_541\Release\Cm0Start.o
 .debug_info    0x00000af6      0xaef .\CortexM0\ARM_GCC_541\Release\Lab3_Var6_Task2.a(CyLib.o)
 .debug_info    0x000015e5      0xd7b .\CortexM0\ARM_GCC_541\Release\Lab3_Var6_Task2.a(CyLFClk.o)
 .debug_info    0x00002360      0x19b .\CortexM0\ARM_GCC_541\Release\Lab3_Var6_Task2.a(LED_GREEN.o)
 .debug_info    0x000024fb      0x19b .\CortexM0\ARM_GCC_541\Release\Lab3_Var6_Task2.a(LED_BLUE.o)
 .debug_info    0x00002696      0x19b .\CortexM0\ARM_GCC_541\Release\Lab3_Var6_Task2.a(LED_RED.o)
 .debug_info    0x00002831      0x2bb .\CortexM0\ARM_GCC_541\Release\Lab3_Var6_Task2.a(SW_Tx_UART.o)
 .debug_info    0x00002aec      0x1a0 .\CortexM0\ARM_GCC_541\Release\Lab3_Var6_Task2.a(COLUMN_0.o)
 .debug_info    0x00002c8c      0x19b .\CortexM0\ARM_GCC_541\Release\Lab3_Var6_Task2.a(COLUMN_1.o)
 .debug_info    0x00002e27      0x1a0 .\CortexM0\ARM_GCC_541\Release\Lab3_Var6_Task2.a(COLUMN_2.o)
 .debug_info    0x00002fc7      0x19b .\CortexM0\ARM_GCC_541\Release\Lab3_Var6_Task2.a(ROW_0.o)
 .debug_info    0x00003162      0x19b .\CortexM0\ARM_GCC_541\Release\Lab3_Var6_Task2.a(ROW_1.o)
 .debug_info    0x000032fd      0x19b .\CortexM0\ARM_GCC_541\Release\Lab3_Var6_Task2.a(ROW_2.o)
 .debug_info    0x00003498      0x19b .\CortexM0\ARM_GCC_541\Release\Lab3_Var6_Task2.a(ROW_3.o)
 .debug_info    0x00003633       0x91 .\CortexM0\ARM_GCC_541\Release\Lab3_Var6_Task2.a(CyBootAsmGnu.o)
 .debug_info    0x000036c4       0x96 .\CortexM0\ARM_GCC_541\Release\Lab3_Var6_Task2.a(SW_Tx_UART_AsmGnu.o)

.debug_abbrev   0x00000000     0x1405
 *(.debug_abbrev)
 .debug_abbrev  0x00000000      0x13c .\CortexM0\ARM_GCC_541\Release\main.o
 .debug_abbrev  0x0000013c      0x170 .\CortexM0\ARM_GCC_541\Release\cyfitter_cfg.o
 .debug_abbrev  0x000002ac       0x5d .\CortexM0\ARM_GCC_541\Release\cymetadata.o
 .debug_abbrev  0x00000309      0x1d5 .\CortexM0\ARM_GCC_541\Release\Cm0Start.o
 .debug_abbrev  0x000004de      0x2e6 .\CortexM0\ARM_GCC_541\Release\Lab3_Var6_Task2.a(CyLib.o)
 .debug_abbrev  0x000007c4      0x347 .\CortexM0\ARM_GCC_541\Release\Lab3_Var6_Task2.a(CyLFClk.o)
 .debug_abbrev  0x00000b0b       0xc6 .\CortexM0\ARM_GCC_541\Release\Lab3_Var6_Task2.a(LED_GREEN.o)
 .debug_abbrev  0x00000bd1       0xc6 .\CortexM0\ARM_GCC_541\Release\Lab3_Var6_Task2.a(LED_BLUE.o)
 .debug_abbrev  0x00000c97       0xc6 .\CortexM0\ARM_GCC_541\Release\Lab3_Var6_Task2.a(LED_RED.o)
 .debug_abbrev  0x00000d5d      0x112 .\CortexM0\ARM_GCC_541\Release\Lab3_Var6_Task2.a(SW_Tx_UART.o)
 .debug_abbrev  0x00000e6f       0xc8 .\CortexM0\ARM_GCC_541\Release\Lab3_Var6_Task2.a(COLUMN_0.o)
 .debug_abbrev  0x00000f37       0xc6 .\CortexM0\ARM_GCC_541\Release\Lab3_Var6_Task2.a(COLUMN_1.o)
 .debug_abbrev  0x00000ffd       0xc8 .\CortexM0\ARM_GCC_541\Release\Lab3_Var6_Task2.a(COLUMN_2.o)
 .debug_abbrev  0x000010c5       0xc6 .\CortexM0\ARM_GCC_541\Release\Lab3_Var6_Task2.a(ROW_0.o)
 .debug_abbrev  0x0000118b       0xc6 .\CortexM0\ARM_GCC_541\Release\Lab3_Var6_Task2.a(ROW_1.o)
 .debug_abbrev  0x00001251       0xc6 .\CortexM0\ARM_GCC_541\Release\Lab3_Var6_Task2.a(ROW_2.o)
 .debug_abbrev  0x00001317       0xc6 .\CortexM0\ARM_GCC_541\Release\Lab3_Var6_Task2.a(ROW_3.o)
 .debug_abbrev  0x000013dd       0x14 .\CortexM0\ARM_GCC_541\Release\Lab3_Var6_Task2.a(CyBootAsmGnu.o)
 .debug_abbrev  0x000013f1       0x14 .\CortexM0\ARM_GCC_541\Release\Lab3_Var6_Task2.a(SW_Tx_UART_AsmGnu.o)

.debug_line     0x00000000     0x1a63
 *(.debug_line)
 .debug_line    0x00000000      0x268 .\CortexM0\ARM_GCC_541\Release\main.o
 .debug_line    0x00000268      0x145 .\CortexM0\ARM_GCC_541\Release\cyfitter_cfg.o
 .debug_line    0x000003ad      0x141 .\CortexM0\ARM_GCC_541\Release\cymetadata.o
 .debug_line    0x000004ee      0x22f .\CortexM0\ARM_GCC_541\Release\Cm0Start.o
 .debug_line    0x0000071d      0x4b5 .\CortexM0\ARM_GCC_541\Release\Lab3_Var6_Task2.a(CyLib.o)
 .debug_line    0x00000bd2      0x4c0 .\CortexM0\ARM_GCC_541\Release\Lab3_Var6_Task2.a(CyLFClk.o)
 .debug_line    0x00001092       0xcc .\CortexM0\ARM_GCC_541\Release\Lab3_Var6_Task2.a(LED_GREEN.o)
 .debug_line    0x0000115e       0xcb .\CortexM0\ARM_GCC_541\Release\Lab3_Var6_Task2.a(LED_BLUE.o)
 .debug_line    0x00001229       0xca .\CortexM0\ARM_GCC_541\Release\Lab3_Var6_Task2.a(LED_RED.o)
 .debug_line    0x000012f3       0xe1 .\CortexM0\ARM_GCC_541\Release\Lab3_Var6_Task2.a(SW_Tx_UART.o)
 .debug_line    0x000013d4       0xca .\CortexM0\ARM_GCC_541\Release\Lab3_Var6_Task2.a(COLUMN_0.o)
 .debug_line    0x0000149e       0xcd .\CortexM0\ARM_GCC_541\Release\Lab3_Var6_Task2.a(COLUMN_1.o)
 .debug_line    0x0000156b       0xca .\CortexM0\ARM_GCC_541\Release\Lab3_Var6_Task2.a(COLUMN_2.o)
 .debug_line    0x00001635       0xca .\CortexM0\ARM_GCC_541\Release\Lab3_Var6_Task2.a(ROW_0.o)
 .debug_line    0x000016ff       0xc8 .\CortexM0\ARM_GCC_541\Release\Lab3_Var6_Task2.a(ROW_1.o)
 .debug_line    0x000017c7       0xc8 .\CortexM0\ARM_GCC_541\Release\Lab3_Var6_Task2.a(ROW_2.o)
 .debug_line    0x0000188f       0xc8 .\CortexM0\ARM_GCC_541\Release\Lab3_Var6_Task2.a(ROW_3.o)
 .debug_line    0x00001957       0x69 .\CortexM0\ARM_GCC_541\Release\Lab3_Var6_Task2.a(CyBootAsmGnu.o)
 .debug_line    0x000019c0       0xa3 .\CortexM0\ARM_GCC_541\Release\Lab3_Var6_Task2.a(SW_Tx_UART_AsmGnu.o)

.debug_frame    0x00000000      0xdd0
 *(.debug_frame)
 .debug_frame   0x00000000       0x38 .\CortexM0\ARM_GCC_541\Release\main.o
 .debug_frame   0x00000038       0x30 .\CortexM0\ARM_GCC_541\Release\cyfitter_cfg.o
 .debug_frame   0x00000068       0xc8 .\CortexM0\ARM_GCC_541\Release\Cm0Start.o
 .debug_frame   0x00000130      0x3b0 .\CortexM0\ARM_GCC_541\Release\Lab3_Var6_Task2.a(CyLib.o)
 .debug_frame   0x000004e0      0x2f4 .\CortexM0\ARM_GCC_541\Release\Lab3_Var6_Task2.a(CyLFClk.o)
 .debug_frame   0x000007d4       0x70 .\CortexM0\ARM_GCC_541\Release\Lab3_Var6_Task2.a(LED_GREEN.o)
 .debug_frame   0x00000844       0x70 .\CortexM0\ARM_GCC_541\Release\Lab3_Var6_Task2.a(LED_BLUE.o)
 .debug_frame   0x000008b4       0x70 .\CortexM0\ARM_GCC_541\Release\Lab3_Var6_Task2.a(LED_RED.o)
 .debug_frame   0x00000924       0xc8 .\CortexM0\ARM_GCC_541\Release\Lab3_Var6_Task2.a(SW_Tx_UART.o)
 .debug_frame   0x000009ec       0x70 .\CortexM0\ARM_GCC_541\Release\Lab3_Var6_Task2.a(COLUMN_0.o)
 .debug_frame   0x00000a5c       0x70 .\CortexM0\ARM_GCC_541\Release\Lab3_Var6_Task2.a(COLUMN_1.o)
 .debug_frame   0x00000acc       0x70 .\CortexM0\ARM_GCC_541\Release\Lab3_Var6_Task2.a(COLUMN_2.o)
 .debug_frame   0x00000b3c       0x70 .\CortexM0\ARM_GCC_541\Release\Lab3_Var6_Task2.a(ROW_0.o)
 .debug_frame   0x00000bac       0x70 .\CortexM0\ARM_GCC_541\Release\Lab3_Var6_Task2.a(ROW_1.o)
 .debug_frame   0x00000c1c       0x70 .\CortexM0\ARM_GCC_541\Release\Lab3_Var6_Task2.a(ROW_2.o)
 .debug_frame   0x00000c8c       0x70 .\CortexM0\ARM_GCC_541\Release\Lab3_Var6_Task2.a(ROW_3.o)
 .debug_frame   0x00000cfc       0x20 c:/program files (x86)/cypress/psoc creator/4.4/psoc creator/import/gnu/arm/5.4.1/bin/../lib/gcc/arm-none-eabi/5.4.1/armv6-m\libgcc.a(_udivsi3.o)
 .debug_frame   0x00000d1c       0x20 c:/program files (x86)/cypress/psoc creator/4.4/psoc creator/import/gnu/arm/5.4.1/bin/../lib/gcc/arm-none-eabi/5.4.1/../../../../arm-none-eabi/lib/armv6-m\libg_nano.a(lib_a-errno.o)
 .debug_frame   0x00000d3c       0x28 c:/program files (x86)/cypress/psoc creator/4.4/psoc creator/import/gnu/arm/5.4.1/bin/../lib/gcc/arm-none-eabi/5.4.1/../../../../arm-none-eabi/lib/armv6-m\libg_nano.a(lib_a-exit.o)
 .debug_frame   0x00000d64       0x2c c:/program files (x86)/cypress/psoc creator/4.4/psoc creator/import/gnu/arm/5.4.1/bin/../lib/gcc/arm-none-eabi/5.4.1/../../../../arm-none-eabi/lib/armv6-m\libg_nano.a(lib_a-init.o)
 .debug_frame   0x00000d90       0x20 c:/program files (x86)/cypress/psoc creator/4.4/psoc creator/import/gnu/arm/5.4.1/bin/../lib/gcc/arm-none-eabi/5.4.1/../../../../arm-none-eabi/lib/armv6-m\libg_nano.a(lib_a-memset.o)
 .debug_frame   0x00000db0       0x20 c:/program files (x86)/cypress/psoc creator/4.4/psoc creator/import/gnu/arm/5.4.1/bin/../lib/gcc/arm-none-eabi/5.4.1/../../../../arm-none-eabi/lib/armv6-m\libg_nano.a(lib_a-strcmp.o)

.debug_str      0x00000000     0x155d
 *(.debug_str)
 .debug_str     0x00000000      0x221 .\CortexM0\ARM_GCC_541\Release\main.o
                                0x269 (size before relaxing)
 .debug_str     0x00000221       0xcd .\CortexM0\ARM_GCC_541\Release\cyfitter_cfg.o
                                0x25c (size before relaxing)
 .debug_str     0x000002ee       0x59 .\CortexM0\ARM_GCC_541\Release\cymetadata.o
                                0x1c9 (size before relaxing)
 .debug_str     0x00000347      0x140 .\CortexM0\ARM_GCC_541\Release\Cm0Start.o
                                0x302 (size before relaxing)
 .debug_str     0x00000487      0x4c8 .\CortexM0\ARM_GCC_541\Release\Lab3_Var6_Task2.a(CyLib.o)
                                0x6b7 (size before relaxing)
 .debug_str     0x0000094f      0x530 .\CortexM0\ARM_GCC_541\Release\Lab3_Var6_Task2.a(CyLFClk.o)
                                0x737 (size before relaxing)
 .debug_str     0x00000e7f       0xb7 .\CortexM0\ARM_GCC_541\Release\Lab3_Var6_Task2.a(LED_GREEN.o)
                                0x253 (size before relaxing)
 .debug_str     0x00000f36       0x8d .\CortexM0\ARM_GCC_541\Release\Lab3_Var6_Task2.a(LED_BLUE.o)
                                0x24c (size before relaxing)
 .debug_str     0x00000fc3       0x87 .\CortexM0\ARM_GCC_541\Release\Lab3_Var6_Task2.a(LED_RED.o)
                                0x245 (size before relaxing)
 .debug_str     0x0000104a      0x123 .\CortexM0\ARM_GCC_541\Release\Lab3_Var6_Task2.a(SW_Tx_UART.o)
                                0x2d5 (size before relaxing)
 .debug_str     0x0000116d       0x9c .\CortexM0\ARM_GCC_541\Release\Lab3_Var6_Task2.a(COLUMN_0.o)
                                0x24c (size before relaxing)
 .debug_str     0x00001209       0x9c .\CortexM0\ARM_GCC_541\Release\Lab3_Var6_Task2.a(COLUMN_1.o)
                                0x24c (size before relaxing)
 .debug_str     0x000012a5       0x9c .\CortexM0\ARM_GCC_541\Release\Lab3_Var6_Task2.a(COLUMN_2.o)
                                0x24c (size before relaxing)
 .debug_str     0x00001341       0x87 .\CortexM0\ARM_GCC_541\Release\Lab3_Var6_Task2.a(ROW_0.o)
                                0x237 (size before relaxing)
 .debug_str     0x000013c8       0x87 .\CortexM0\ARM_GCC_541\Release\Lab3_Var6_Task2.a(ROW_1.o)
                                0x237 (size before relaxing)
 .debug_str     0x0000144f       0x87 .\CortexM0\ARM_GCC_541\Release\Lab3_Var6_Task2.a(ROW_2.o)
                                0x237 (size before relaxing)
 .debug_str     0x000014d6       0x87 .\CortexM0\ARM_GCC_541\Release\Lab3_Var6_Task2.a(ROW_3.o)
                                0x237 (size before relaxing)

.debug_loc      0x00000000     0x197c
 *(.debug_loc)
 .debug_loc     0x00000000      0x12a .\CortexM0\ARM_GCC_541\Release\main.o
 .debug_loc     0x0000012a       0x92 .\CortexM0\ARM_GCC_541\Release\cyfitter_cfg.o
 .debug_loc     0x000001bc      0x1de .\CortexM0\ARM_GCC_541\Release\Cm0Start.o
 .debug_loc     0x0000039a      0x545 .\CortexM0\ARM_GCC_541\Release\Lab3_Var6_Task2.a(CyLib.o)
 .debug_loc     0x000008df      0x996 .\CortexM0\ARM_GCC_541\Release\Lab3_Var6_Task2.a(CyLFClk.o)
 .debug_loc     0x00001275       0xa1 .\CortexM0\ARM_GCC_541\Release\Lab3_Var6_Task2.a(LED_GREEN.o)
 .debug_loc     0x00001316       0xa1 .\CortexM0\ARM_GCC_541\Release\Lab3_Var6_Task2.a(LED_BLUE.o)
 .debug_loc     0x000013b7       0xa1 .\CortexM0\ARM_GCC_541\Release\Lab3_Var6_Task2.a(LED_RED.o)
 .debug_loc     0x00001458      0x141 .\CortexM0\ARM_GCC_541\Release\Lab3_Var6_Task2.a(SW_Tx_UART.o)
 .debug_loc     0x00001599       0x5f .\CortexM0\ARM_GCC_541\Release\Lab3_Var6_Task2.a(COLUMN_0.o)
 .debug_loc     0x000015f8       0xa1 .\CortexM0\ARM_GCC_541\Release\Lab3_Var6_Task2.a(COLUMN_1.o)
 .debug_loc     0x00001699       0x5f .\CortexM0\ARM_GCC_541\Release\Lab3_Var6_Task2.a(COLUMN_2.o)
 .debug_loc     0x000016f8       0xa1 .\CortexM0\ARM_GCC_541\Release\Lab3_Var6_Task2.a(ROW_0.o)
 .debug_loc     0x00001799       0xa1 .\CortexM0\ARM_GCC_541\Release\Lab3_Var6_Task2.a(ROW_1.o)
 .debug_loc     0x0000183a       0xa1 .\CortexM0\ARM_GCC_541\Release\Lab3_Var6_Task2.a(ROW_2.o)
 .debug_loc     0x000018db       0xa1 .\CortexM0\ARM_GCC_541\Release\Lab3_Var6_Task2.a(ROW_3.o)

.debug_macinfo
 *(.debug_macinfo)

.debug_ranges   0x00000000      0x688
 *(.debug_ranges)
 .debug_ranges  0x00000000       0x28 .\CortexM0\ARM_GCC_541\Release\main.o
 .debug_ranges  0x00000028       0x68 .\CortexM0\ARM_GCC_541\Release\cyfitter_cfg.o
 .debug_ranges  0x00000090       0x50 .\CortexM0\ARM_GCC_541\Release\Cm0Start.o
 .debug_ranges  0x000000e0      0x1a8 .\CortexM0\ARM_GCC_541\Release\Lab3_Var6_Task2.a(CyLib.o)
 .debug_ranges  0x00000288      0x198 .\CortexM0\ARM_GCC_541\Release\Lab3_Var6_Task2.a(CyLFClk.o)
 .debug_ranges  0x00000420       0x38 .\CortexM0\ARM_GCC_541\Release\Lab3_Var6_Task2.a(LED_GREEN.o)
 .debug_ranges  0x00000458       0x38 .\CortexM0\ARM_GCC_541\Release\Lab3_Var6_Task2.a(LED_BLUE.o)
 .debug_ranges  0x00000490       0x38 .\CortexM0\ARM_GCC_541\Release\Lab3_Var6_Task2.a(LED_RED.o)
 .debug_ranges  0x000004c8       0x38 .\CortexM0\ARM_GCC_541\Release\Lab3_Var6_Task2.a(SW_Tx_UART.o)
 .debug_ranges  0x00000500       0x38 .\CortexM0\ARM_GCC_541\Release\Lab3_Var6_Task2.a(COLUMN_0.o)
 .debug_ranges  0x00000538       0x38 .\CortexM0\ARM_GCC_541\Release\Lab3_Var6_Task2.a(COLUMN_1.o)
 .debug_ranges  0x00000570       0x38 .\CortexM0\ARM_GCC_541\Release\Lab3_Var6_Task2.a(COLUMN_2.o)
 .debug_ranges  0x000005a8       0x38 .\CortexM0\ARM_GCC_541\Release\Lab3_Var6_Task2.a(ROW_0.o)
 .debug_ranges  0x000005e0       0x38 .\CortexM0\ARM_GCC_541\Release\Lab3_Var6_Task2.a(ROW_1.o)
 .debug_ranges  0x00000618       0x38 .\CortexM0\ARM_GCC_541\Release\Lab3_Var6_Task2.a(ROW_2.o)
 .debug_ranges  0x00000650       0x38 .\CortexM0\ARM_GCC_541\Release\Lab3_Var6_Task2.a(ROW_3.o)

.comment        0x00000000       0x6e
 .comment       0x00000000       0x6e .\CortexM0\ARM_GCC_541\Release\main.o
                                 0x6f (size before relaxing)
 .comment       0x0000006e       0x6f .\CortexM0\ARM_GCC_541\Release\cyfitter_cfg.o
 .comment       0x0000006e       0x6f .\CortexM0\ARM_GCC_541\Release\cymetadata.o
 .comment       0x0000006e       0x6f .\CortexM0\ARM_GCC_541\Release\Cm0Start.o
 .comment       0x0000006e       0x6f .\CortexM0\ARM_GCC_541\Release\Lab3_Var6_Task2.a(CyLib.o)
 .comment       0x0000006e       0x6f .\CortexM0\ARM_GCC_541\Release\Lab3_Var6_Task2.a(CyLFClk.o)
 .comment       0x0000006e       0x6f .\CortexM0\ARM_GCC_541\Release\Lab3_Var6_Task2.a(LED_GREEN.o)
 .comment       0x0000006e       0x6f .\CortexM0\ARM_GCC_541\Release\Lab3_Var6_Task2.a(LED_BLUE.o)
 .comment       0x0000006e       0x6f .\CortexM0\ARM_GCC_541\Release\Lab3_Var6_Task2.a(LED_RED.o)
 .comment       0x0000006e       0x6f .\CortexM0\ARM_GCC_541\Release\Lab3_Var6_Task2.a(SW_Tx_UART.o)
 .comment       0x0000006e       0x6f .\CortexM0\ARM_GCC_541\Release\Lab3_Var6_Task2.a(COLUMN_0.o)
 .comment       0x0000006e       0x6f .\CortexM0\ARM_GCC_541\Release\Lab3_Var6_Task2.a(COLUMN_1.o)
 .comment       0x0000006e       0x6f .\CortexM0\ARM_GCC_541\Release\Lab3_Var6_Task2.a(COLUMN_2.o)
 .comment       0x0000006e       0x6f .\CortexM0\ARM_GCC_541\Release\Lab3_Var6_Task2.a(ROW_0.o)
 .comment       0x0000006e       0x6f .\CortexM0\ARM_GCC_541\Release\Lab3_Var6_Task2.a(ROW_1.o)
 .comment       0x0000006e       0x6f .\CortexM0\ARM_GCC_541\Release\Lab3_Var6_Task2.a(ROW_2.o)
 .comment       0x0000006e       0x6f .\CortexM0\ARM_GCC_541\Release\Lab3_Var6_Task2.a(ROW_3.o)

.debug_weaknames
 *(.debug_weaknames)

.debug_funcnames
 *(.debug_funcnames)

.debug_typenames
 *(.debug_typenames)

.debug_varnames
 *(.debug_varnames)

.note.gnu.arm.ident
 *(.note.gnu.arm.ident)

.ARM.attributes
                0x00000000       0x28
 *(.ARM.attributes)
 .ARM.attributes
                0x00000000       0x1e c:/program files (x86)/cypress/psoc creator/4.4/psoc creator/import/gnu/arm/5.4.1/bin/../lib/gcc/arm-none-eabi/5.4.1/armv6-m/crti.o
 .ARM.attributes
                0x0000001e       0x2c c:/program files (x86)/cypress/psoc creator/4.4/psoc creator/import/gnu/arm/5.4.1/bin/../lib/gcc/arm-none-eabi/5.4.1/armv6-m/crtbegin.o
 .ARM.attributes
                0x0000004a       0x1b c:/program files (x86)/cypress/psoc creator/4.4/psoc creator/import/gnu/arm/5.4.1/bin/../lib/gcc/arm-none-eabi/5.4.1/../../../../arm-none-eabi/lib/armv6-m/crt0.o
 .ARM.attributes
                0x00000065       0x31 .\CortexM0\ARM_GCC_541\Release\main.o
 .ARM.attributes
                0x00000096       0x31 .\CortexM0\ARM_GCC_541\Release\cyfitter_cfg.o
 .ARM.attributes
                0x000000c7       0x31 .\CortexM0\ARM_GCC_541\Release\cymetadata.o
 .ARM.attributes
                0x000000f8       0x31 .\CortexM0\ARM_GCC_541\Release\Cm0Start.o
 .ARM.attributes
                0x00000129       0x31 .\CortexM0\ARM_GCC_541\Release\Lab3_Var6_Task2.a(CyLib.o)
 .ARM.attributes
                0x0000015a       0x31 .\CortexM0\ARM_GCC_541\Release\Lab3_Var6_Task2.a(CyLFClk.o)
 .ARM.attributes
                0x0000018b       0x31 .\CortexM0\ARM_GCC_541\Release\Lab3_Var6_Task2.a(LED_GREEN.o)
 .ARM.attributes
                0x000001bc       0x31 .\CortexM0\ARM_GCC_541\Release\Lab3_Var6_Task2.a(LED_BLUE.o)
 .ARM.attributes
                0x000001ed       0x31 .\CortexM0\ARM_GCC_541\Release\Lab3_Var6_Task2.a(LED_RED.o)
 .ARM.attributes
                0x0000021e       0x31 .\CortexM0\ARM_GCC_541\Release\Lab3_Var6_Task2.a(SW_Tx_UART.o)
 .ARM.attributes
                0x0000024f       0x31 .\CortexM0\ARM_GCC_541\Release\Lab3_Var6_Task2.a(COLUMN_0.o)
 .ARM.attributes
                0x00000280       0x31 .\CortexM0\ARM_GCC_541\Release\Lab3_Var6_Task2.a(COLUMN_1.o)
 .ARM.attributes
                0x000002b1       0x31 .\CortexM0\ARM_GCC_541\Release\Lab3_Var6_Task2.a(COLUMN_2.o)
 .ARM.attributes
                0x000002e2       0x31 .\CortexM0\ARM_GCC_541\Release\Lab3_Var6_Task2.a(ROW_0.o)
 .ARM.attributes
                0x00000313       0x31 .\CortexM0\ARM_GCC_541\Release\Lab3_Var6_Task2.a(ROW_1.o)
 .ARM.attributes
                0x00000344       0x31 .\CortexM0\ARM_GCC_541\Release\Lab3_Var6_Task2.a(ROW_2.o)
 .ARM.attributes
                0x00000375       0x31 .\CortexM0\ARM_GCC_541\Release\Lab3_Var6_Task2.a(ROW_3.o)
 .ARM.attributes
                0x000003a6       0x21 .\CortexM0\ARM_GCC_541\Release\Lab3_Var6_Task2.a(CyBootAsmGnu.o)
 .ARM.attributes
                0x000003c7       0x21 .\CortexM0\ARM_GCC_541\Release\Lab3_Var6_Task2.a(SW_Tx_UART_AsmGnu.o)
 .ARM.attributes
                0x000003e8       0x1e c:/program files (x86)/cypress/psoc creator/4.4/psoc creator/import/gnu/arm/5.4.1/bin/../lib/gcc/arm-none-eabi/5.4.1/armv6-m\libgcc.a(_udivsi3.o)
 .ARM.attributes
                0x00000406       0x1e c:/program files (x86)/cypress/psoc creator/4.4/psoc creator/import/gnu/arm/5.4.1/bin/../lib/gcc/arm-none-eabi/5.4.1/armv6-m\libgcc.a(_dvmd_tls.o)
 .ARM.attributes
                0x00000424       0x2c c:/program files (x86)/cypress/psoc creator/4.4/psoc creator/import/gnu/arm/5.4.1/bin/../lib/gcc/arm-none-eabi/5.4.1/../../../../arm-none-eabi/lib/armv6-m\libg_nano.a(lib_a-errno.o)
 .ARM.attributes
                0x00000450       0x2c c:/program files (x86)/cypress/psoc creator/4.4/psoc creator/import/gnu/arm/5.4.1/bin/../lib/gcc/arm-none-eabi/5.4.1/../../../../arm-none-eabi/lib/armv6-m\libg_nano.a(lib_a-exit.o)
 .ARM.attributes
                0x0000047c       0x2c c:/program files (x86)/cypress/psoc creator/4.4/psoc creator/import/gnu/arm/5.4.1/bin/../lib/gcc/arm-none-eabi/5.4.1/../../../../arm-none-eabi/lib/armv6-m\libg_nano.a(lib_a-impure.o)
 .ARM.attributes
                0x000004a8       0x2c c:/program files (x86)/cypress/psoc creator/4.4/psoc creator/import/gnu/arm/5.4.1/bin/../lib/gcc/arm-none-eabi/5.4.1/../../../../arm-none-eabi/lib/armv6-m\libg_nano.a(lib_a-init.o)
 .ARM.attributes
                0x000004d4       0x2c c:/program files (x86)/cypress/psoc creator/4.4/psoc creator/import/gnu/arm/5.4.1/bin/../lib/gcc/arm-none-eabi/5.4.1/../../../../arm-none-eabi/lib/armv6-m\libg_nano.a(lib_a-memset.o)
 .ARM.attributes
                0x00000500       0x1c c:/program files (x86)/cypress/psoc creator/4.4/psoc creator/import/gnu/arm/5.4.1/bin/../lib/gcc/arm-none-eabi/5.4.1/../../../../arm-none-eabi/lib/armv6-m\libg_nano.a(lib_a-strcmp.o)
 .ARM.attributes
                0x0000051c       0x2c c:/program files (x86)/cypress/psoc creator/4.4/psoc creator/import/gnu/arm/5.4.1/bin/../lib/gcc/arm-none-eabi/5.4.1/armv6-m/crtend.o
 .ARM.attributes
                0x00000548       0x1e c:/program files (x86)/cypress/psoc creator/4.4/psoc creator/import/gnu/arm/5.4.1/bin/../lib/gcc/arm-none-eabi/5.4.1/armv6-m/crtn.o

/DISCARD/
 *(.note.GNU-stack)
OUTPUT(C:\Users\STUDENT\Documents\PSoC Creator\Lab1\Lab3_Var6_Task2.cydsn\CortexM0\ARM_GCC_541\Release\Lab3_Var6_Task2.elf elf32-littlearm)
